Archive member included to satisfy reference by file (symbol)

app/libapp.a(main.c.obj)      (--whole-archive)
zephyr/libzephyr.a(heap.c.obj)
                              (--whole-archive)
zephyr/libzephyr.a(cbprintf_packaged.c.obj)
                              (--whole-archive)
zephyr/libzephyr.a(printk.c.obj)
                              (--whole-archive)
zephyr/libzephyr.a(sem.c.obj)
                              (--whole-archive)
zephyr/libzephyr.a(thread_entry.c.obj)
                              (--whole-archive)
zephyr/libzephyr.a(cbprintf_complete.c.obj)
                              (--whole-archive)
zephyr/libzephyr.a(assert.c.obj)
                              (--whole-archive)
zephyr/libzephyr.a(dec.c.obj)
                              (--whole-archive)
zephyr/libzephyr.a(hex.c.obj)
                              (--whole-archive)
zephyr/libzephyr.a(rb.c.obj)  (--whole-archive)
zephyr/libzephyr.a(timeutil.c.obj)
                              (--whole-archive)
zephyr/libzephyr.a(bitarray.c.obj)
                              (--whole-archive)
zephyr/libzephyr.a(ring_buffer.c.obj)
                              (--whole-archive)
zephyr/libzephyr.a(configs.c.obj)
                              (--whole-archive)
zephyr/libzephyr.a(log_core.c.obj)
                              (--whole-archive)
zephyr/libzephyr.a(log_mgmt.c.obj)
                              (--whole-archive)
zephyr/libzephyr.a(log_cache.c.obj)
                              (--whole-archive)
zephyr/libzephyr.a(log_msg.c.obj)
                              (--whole-archive)
zephyr/libzephyr.a(log_output.c.obj)
                              (--whole-archive)
zephyr/libzephyr.a(log_backend_uart.c.obj)
                              (--whole-archive)
zephyr/libzephyr.a(device.c.obj)
                              (--whole-archive)
zephyr/libzephyr.a(tracing_none.c.obj)
                              (--whole-archive)
zephyr/libzephyr.a(banner.c.obj)
                              (--whole-archive)
zephyr/arch/common/libarch__common.a(sw_isr_common.c.obj)
                              (--whole-archive)
zephyr/arch/arch/arm/core/libarch__arm__core.a(fatal.c.obj)
                              (--whole-archive)
zephyr/arch/arch/arm/core/libarch__arm__core.a(nmi.c.obj)
                              (--whole-archive)
zephyr/arch/arch/arm/core/libarch__arm__core.a(nmi_on_reset.S.obj)
                              (--whole-archive)
zephyr/arch/arch/arm/core/libarch__arm__core.a(tls.c.obj)
                              (--whole-archive)
zephyr/arch/arch/arm/core/cortex_m/libarch__arm__core__cortex_m.a(exc_exit.c.obj)
                              (--whole-archive)
zephyr/arch/arch/arm/core/cortex_m/libarch__arm__core__cortex_m.a(fault.c.obj)
                              (--whole-archive)
zephyr/arch/arch/arm/core/cortex_m/libarch__arm__core__cortex_m.a(fault_s.S.obj)
                              (--whole-archive)
zephyr/arch/arch/arm/core/cortex_m/libarch__arm__core__cortex_m.a(fpu.c.obj)
                              (--whole-archive)
zephyr/arch/arch/arm/core/cortex_m/libarch__arm__core__cortex_m.a(reset.S.obj)
                              (--whole-archive)
zephyr/arch/arch/arm/core/cortex_m/libarch__arm__core__cortex_m.a(scb.c.obj)
                              (--whole-archive)
zephyr/arch/arch/arm/core/cortex_m/libarch__arm__core__cortex_m.a(thread_abort.c.obj)
                              (--whole-archive)
zephyr/arch/arch/arm/core/cortex_m/libarch__arm__core__cortex_m.a(vector_table.S.obj)
                              (--whole-archive)
zephyr/arch/arch/arm/core/cortex_m/libarch__arm__core__cortex_m.a(swap.c.obj)
                              (--whole-archive)
zephyr/arch/arch/arm/core/cortex_m/libarch__arm__core__cortex_m.a(swap_helper.S.obj)
                              (--whole-archive)
zephyr/arch/arch/arm/core/cortex_m/libarch__arm__core__cortex_m.a(irq_manage.c.obj)
                              (--whole-archive)
zephyr/arch/arch/arm/core/cortex_m/libarch__arm__core__cortex_m.a(prep_c.c.obj)
                              (--whole-archive)
zephyr/arch/arch/arm/core/cortex_m/libarch__arm__core__cortex_m.a(thread.c.obj)
                              (--whole-archive)
zephyr/arch/arch/arm/core/cortex_m/libarch__arm__core__cortex_m.a(cpu_idle.c.obj)
                              (--whole-archive)
zephyr/arch/arch/arm/core/cortex_m/libarch__arm__core__cortex_m.a(irq_init.c.obj)
                              (--whole-archive)
zephyr/arch/arch/arm/core/cortex_m/libarch__arm__core__cortex_m.a(isr_wrapper.c.obj)
                              (--whole-archive)
zephyr/arch/arch/arm/core/cortex_m/libarch__arm__core__cortex_m.a(__aeabi_read_tp.S.obj)
                              (--whole-archive)
zephyr/lib/libc/picolibc/liblib__libc__picolibc.a(libc-hooks.c.obj)
                              (--whole-archive)
zephyr/lib/libc/common/liblib__libc__common.a(abort.c.obj)
                              (--whole-archive)
[...]
Memory Configuration

Name             Origin             Length             Attributes
FLASH            0x0000000000000000 0x0000000000040000 xr
RAM              0x0000000020000000 0x0000000000010000 xw
IDT_LIST         0x00000000ffff7fff 0x0000000000008000 xw
*default*        0x0000000000000000 0xffffffffffffffff

Linker script and memory map

                0x00000000000051a0                vfprintf = __d_vfprintf
                0x0000000000000000                vfscanf = __d_vfscanf
LOAD zephyr/CMakeFiles/zephyr_final.dir/misc/empty_file.c.obj
LOAD zephyr/CMakeFiles/zephyr_final.dir/isr_tables.c.obj
LOAD zephyr/CMakeFiles/offsets.dir/./arch/arm/core/offsets/offsets.c.obj
LOAD app/libapp.a
LOAD zephyr/libzephyr.a
LOAD zephyr/arch/common/libarch__common.a
LOAD zephyr/arch/arch/arm/core/libarch__arm__core.a
LOAD zephyr/arch/arch/arm/core/cortex_m/libarch__arm__core__cortex_m.a
LOAD zephyr/lib/libc/picolibc/liblib__libc__picolibc.a
LOAD zephyr/lib/libc/common/liblib__libc__common.a
LOAD zephyr/soc/soc/ti_lm3s6965/libsoc__ti__lm3s6965.a
LOAD zephyr/subsys/modem/libsubsys__modem.a
LOAD zephyr/subsys/modem/backends/libsubsys__modem__backends.a
LOAD zephyr/drivers/console/libdrivers__console.a
LOAD zephyr/drivers/gnss/libdrivers__gnss.a
LOAD zephyr/drivers/serial/libdrivers__serial.a
LOAD zephyr/drivers/timer/libdrivers__timer.a
LOAD zephyr/kernel/libkernel.a
LOAD d:/ncs-d/toolchains/ce3b5ff664/opt/zephyr-sdk/arm-zephyr-eabi/bin/../lib/gcc/arm-zephyr-eabi/12.2.0/thumb/v7-m/nofp\libgcc.a
LOAD zephyr/arch/common/libisr_tables.a
LOAD d:\ncs-d\toolchains\ce3b5ff664\opt\zephyr-sdk\arm-zephyr-eabi\bin\../lib/gcc/../../picolibc/arm-zephyr-eabi/lib/thumb/v7-m/nofp\libc.a
LOAD d:/ncs-d/toolchains/ce3b5ff664/opt/zephyr-sdk/arm-zephyr-eabi/bin/../lib/gcc/arm-zephyr-eabi/12.2.0/thumb/v7-m/nofp\libgcc.a
                0x0000000000000004                _region_min_align = 0x4

.rel.plt        0x0000000000000000        0x0
 *(SORT_BY_ALIGNMENT(.rel.plt))
                [!provide]                        PROVIDE (__rel_iplt_start = .)
 *(SORT_BY_ALIGNMENT(.rel.iplt))
 .rel.iplt      0x0000000000000000        0x0 zephyr/CMakeFiles/zephyr_final.dir/isr_tables.c.obj
                [!provide]                        PROVIDE (__rel_iplt_end = .)

.rela.plt       0x0000000000000000        0x0
 *(SORT_BY_ALIGNMENT(.rela.plt))
                [!provide]                        PROVIDE (__rela_iplt_start = .)
 *(SORT_BY_ALIGNMENT(.rela.iplt))
                [!provide]                        PROVIDE (__rela_iplt_end = .)

.rel.dyn
 *(SORT_BY_ALIGNMENT(.rel.*))

.rela.dyn
 *(SORT_BY_ALIGNMENT(.rela.*))

/DISCARD/
 *(SORT_BY_ALIGNMENT(.plt))

/DISCARD/
 *(SORT_BY_ALIGNMENT(.iplt))
                0x0000000000000000                __rom_region_start = 0x0

rom_start       0x0000000000000000       0xec
                0x0000000000000000                __rom_start_address = .
 FILL mask 0x00
                0x0000000000000000                . = (. + (0x0 - (. - __rom_start_address)))
                0x0000000000000000                . = ALIGN (0x4)
                0x0000000000000000                . = ALIGN (0x80)
                0x0000000000000000                . = ALIGN (0x100)
                0x0000000000000000                _vector_start = .
 *(SORT_BY_ALIGNMENT(.exc_vector_table))
 *(SORT_BY_ALIGNMENT(.exc_vector_table.*))
 .exc_vector_table._vector_table_section
                0x0000000000000000       0x40 zephyr/arch/arch/arm/core/cortex_m/libarch__arm__core__cortex_m.a(vector_table.S.obj)
                0x0000000000000000                _vector_table
 *(SORT_BY_ALIGNMENT(.vectors))
                0x00000000000000ec                _vector_end = .
                0x0000000000000040                . = ALIGN (0x4)
 *(SORT_BY_ALIGNMENT(.gnu.linkonce.irq_vector_table*))
 .gnu.linkonce.irq_vector_table
                0x0000000000000040       0xac zephyr/CMakeFiles/zephyr_final.dir/isr_tables.c.obj
                0x0000000000000040                _irq_vector_table
                0x00000000000000ec                _vector_end = .

text            0x00000000000000f0     0x7a58
                0x00000000000000f0                __text_region_start = .
 *(SORT_BY_ALIGNMENT(.text))
 .text          0x00000000000000f0      0x378 d:/ncs-d/toolchains/ce3b5ff664/opt/zephyr-sdk/arm-zephyr-eabi/bin/../lib/gcc/arm-zephyr-eabi/12.2.0/thumb/v7-m/nofp\libgcc.a(_arm_addsubdf3.o)
                0x00000000000000f0                __aeabi_drsub
                0x00000000000000f8                __aeabi_dsub
                0x00000000000000f8                __subdf3
                0x00000000000000fc                __aeabi_dadd
                0x00000000000000fc                __adddf3
                0x0000000000000374                __floatunsidf
                0x0000000000000374                __aeabi_ui2d
                0x0000000000000394                __floatsidf
                0x0000000000000394                __aeabi_i2d
                0x00000000000003b8                __aeabi_f2d
                0x00000000000003b8                __extendsfdf2
                0x00000000000003fc                __floatundidf
                0x00000000000003fc                __aeabi_ul2d
                0x000000000000040c                __floatdidf
                0x000000000000040c                __aeabi_l2d
 .text          0x0000000000000468      0x424 d:/ncs-d/toolchains/ce3b5ff664/opt/zephyr-sdk/arm-zephyr-eabi/bin/../lib/gcc/arm-zephyr-eabi/12.2.0/thumb/v7-m/nofp\libgcc.a(_arm_muldivdf3.o)
                0x0000000000000468                __aeabi_dmul
                0x0000000000000468                __muldf3
                0x00000000000006bc                __divdf3
                0x00000000000006bc                __aeabi_ddiv
 .text          0x000000000000088c       0x40 d:/ncs-d/toolchains/ce3b5ff664/opt/zephyr-sdk/arm-zephyr-eabi/bin/../lib/gcc/arm-zephyr-eabi/12.2.0/thumb/v7-m/nofp\libgcc.a(_arm_fixunsdfsi.o)
                0x000000000000088c                __aeabi_d2uiz
                0x000000000000088c                __fixunsdfsi
 .text          0x00000000000008cc       0xa0 d:/ncs-d/toolchains/ce3b5ff664/opt/zephyr-sdk/arm-zephyr-eabi/bin/../lib/gcc/arm-zephyr-eabi/12.2.0/thumb/v7-m/nofp\libgcc.a(_aeabi_ldivmod.o)
                0x00000000000008cc                __aeabi_ldivmod
 .text          0x000000000000096c       0x30 d:/ncs-d/toolchains/ce3b5ff664/opt/zephyr-sdk/arm-zephyr-eabi/bin/../lib/gcc/arm-zephyr-eabi/12.2.0/thumb/v7-m/nofp\libgcc.a(_aeabi_uldivmod.o)
                0x000000000000096c                __aeabi_uldivmod
 .text          0x000000000000099c        0x4 d:/ncs-d/toolchains/ce3b5ff664/opt/zephyr-sdk/arm-zephyr-eabi/bin/../lib/gcc/arm-zephyr-eabi/12.2.0/thumb/v7-m/nofp\libgcc.a(_dvmd_tls.o)
                0x000000000000099c                __aeabi_idiv0
                0x000000000000099c                __aeabi_ldiv0
 .text          0x00000000000009a0      0x2a0 d:/ncs-d/toolchains/ce3b5ff664/opt/zephyr-sdk/arm-zephyr-eabi/bin/../lib/gcc/arm-zephyr-eabi/12.2.0/thumb/v7-m/nofp\libgcc.a(_udivmoddi4.o)
                0x00000000000009a0                __udivmoddi4
 .text          0x0000000000000c40       0x10 d:\ncs-d\toolchains\ce3b5ff664\opt\zephyr-sdk\arm-zephyr-eabi\bin\../lib/gcc/../../picolibc/arm-zephyr-eabi/lib/thumb/v7-m/nofp\libc.a(strlen.S.o)
                0x0000000000000c40                strlen
 *(SORT_BY_ALIGNMENT(.text.*))
 .text.gnss_dump_nav_data2
                0x0000000000000c50      0x1a0 app/libapp.a(main.c.obj)
                0x0000000000000c50                gnss_dump_nav_data2
 .text.gnss_dump_nav_data
                0x0000000000000df0       0xfc zephyr/drivers/gnss/libdrivers__gnss.a(gnss_dump.c.obj)
                0x0000000000000df0                gnss_dump_nav_data
 .text.gnss_data_cb
                0x0000000000000eec       0x44 app/libapp.a(main.c.obj)
 .text.main     0x0000000000000f30       0x44 app/libapp.a(main.c.obj)
                0x0000000000000f30                main
 .text.cbvprintf_package
                0x0000000000000f74      0x3a4 zephyr/libzephyr.a(cbprintf_packaged.c.obj)
                0x0000000000000f74                cbvprintf_package
 .text.__printk_hook_install
                0x0000000000001318        0xc zephyr/libzephyr.a(printk.c.obj)
                0x0000000000001318                __printk_hook_install
 .text.z_thread_entry
                0x0000000000001324       0x34 zephyr/libzephyr.a(thread_entry.c.obj)
                0x0000000000001324                z_thread_entry
 .text.z_log_init.isra.0
                0x0000000000001358       0xcc zephyr/libzephyr.a(log_core.c.obj)
 .text.log_format_func_t_get
                0x0000000000001424        0xc zephyr/libzephyr.a(log_core.c.obj)
                0x0000000000001424                log_format_func_t_get
 .text.log_set_timestamp_func
                0x0000000000001430       0x20 zephyr/libzephyr.a(log_core.c.obj)
                0x0000000000001430                log_set_timestamp_func
 .text.log_core_init
                0x0000000000001450       0x28 zephyr/libzephyr.a(log_core.c.obj)
                0x0000000000001450                log_core_init
 .text.z_impl_log_panic
                0x0000000000001478       0x3c zephyr/libzephyr.a(log_core.c.obj)
                0x0000000000001478                z_impl_log_panic
 .text.z_log_dropped
                0x00000000000014b4       0x30 zephyr/libzephyr.a(log_core.c.obj)
                0x00000000000014b4                z_log_dropped
 .text.z_log_msg_commit
                0x00000000000014e4       0x38 zephyr/libzephyr.a(log_core.c.obj)
                0x00000000000014e4                z_log_msg_commit
 .text.log_source_name_get
                0x000000000000151c       0x1c zephyr/libzephyr.a(log_mgmt.c.obj)
                0x000000000000151c                log_source_name_get
 .text.log_backend_enable
                0x0000000000001538       0x28 zephyr/libzephyr.a(log_mgmt.c.obj)
                0x0000000000001538                log_backend_enable
 .text.z_log_msg_runtime_vcreate
                0x0000000000001560       0x8c zephyr/libzephyr.a(log_msg.c.obj)
                0x0000000000001560                z_log_msg_runtime_vcreate
 .text.log_msg_get_source_id
                0x00000000000015ec       0x18 zephyr/libzephyr.a(log_msg.c.obj)
                0x00000000000015ec                log_msg_get_source_id
 .text.print_formatted
                0x0000000000001604       0x24 zephyr/libzephyr.a(log_output.c.obj)
 .text.newline_print
                0x0000000000001628       0x1c zephyr/libzephyr.a(log_output.c.obj)
 .text.log_output_process
                0x0000000000001644      0x2d4 zephyr/libzephyr.a(log_output.c.obj)
                0x0000000000001644                log_output_process
 .text.log_output_timestamp_freq_set
                0x0000000000001918       0x2c zephyr/libzephyr.a(log_output.c.obj)
                0x0000000000001918                log_output_timestamp_freq_set
 .text.panic    0x0000000000001944       0x34 zephyr/libzephyr.a(log_backend_uart.c.obj)
 .text.char_out
                0x0000000000001978       0x24 zephyr/libzephyr.a(log_backend_uart.c.obj)
 .text.pm_device_action_run
                0x000000000000199c       0xa4 zephyr/libzephyr.a(device.c.obj)
                0x000000000000199c                pm_device_action_run
 .text.boot_banner
                0x0000000000001a40       0x1c zephyr/libzephyr.a(banner.c.obj)
                0x0000000000001a40                boot_banner
 .text.z_arm_fatal_error
                0x0000000000001a5c       0xc4 zephyr/arch/arch/arm/core/libarch__arm__core.a(fatal.c.obj)
                0x0000000000001a5c                z_arm_fatal_error
 .text.z_SysNmiOnReset
                0x0000000000001b20        0x8 zephyr/arch/arch/arm/core/libarch__arm__core.a(nmi_on_reset.S.obj)
                0x0000000000001b20                z_SysNmiOnReset
 .text.arch_tls_stack_setup
                0x0000000000001b28       0x40 zephyr/arch/arch/arm/core/libarch__arm__core.a(tls.c.obj)
                0x0000000000001b28                arch_tls_stack_setup
 .text._HandlerModeExit
                0x0000000000001b68       0x28 zephyr/arch/arch/arm/core/cortex_m/libarch__arm__core__cortex_m.a(exc_exit.c.obj)
                0x0000000000001b68                z_arm_int_exit
                0x0000000000001b68                z_arm_exc_exit
 .text.mem_manage_fault.constprop.0
                0x0000000000001b90      0x100 zephyr/arch/arch/arm/core/cortex_m/libarch__arm__core__cortex_m.a(fault.c.obj)
 .text.bus_fault.constprop.0
                0x0000000000001c90      0x118 zephyr/arch/arch/arm/core/cortex_m/libarch__arm__core__cortex_m.a(fault.c.obj)
 .text.usage_fault.constprop.0
                0x0000000000001da8      0x108 zephyr/arch/arch/arm/core/cortex_m/libarch__arm__core__cortex_m.a(fault.c.obj)
 .text.z_arm_fault
                0x0000000000001eb0      0x20c zephyr/arch/arch/arm/core/cortex_m/libarch__arm__core__cortex_m.a(fault.c.obj)
                0x0000000000001eb0                z_arm_fault
 .text.z_arm_fault_init
                0x00000000000020bc       0x10 zephyr/arch/arch/arm/core/cortex_m/libarch__arm__core__cortex_m.a(fault.c.obj)
                0x00000000000020bc                z_arm_fault_init
 .text.__fault  0x00000000000020cc       0x14 zephyr/arch/arch/arm/core/cortex_m/libarch__arm__core__cortex_m.a(fault_s.S.obj)
                0x00000000000020cc                z_arm_usage_fault
                0x00000000000020cc                z_arm_mpu_fault
                0x00000000000020cc                z_arm_exc_spurious
                0x00000000000020cc                z_arm_debug_monitor
                0x00000000000020cc                z_arm_hard_fault
                0x00000000000020cc                z_arm_bus_fault
 .text._reset_section
                0x00000000000020e0       0x44 zephyr/arch/arch/arm/core/cortex_m/libarch__arm__core__cortex_m.a(reset.S.obj)
                0x00000000000020e0                __start
                0x00000000000020e0                z_arm_reset
 .text.z_arm_init_arch_hw_at_boot
                0x0000000000002124       0x60 zephyr/arch/arch/arm/core/cortex_m/libarch__arm__core__cortex_m.a(scb.c.obj)
                0x0000000000002124                z_arm_init_arch_hw_at_boot
 .text.z_impl_k_thread_abort
                0x0000000000002184       0x2c zephyr/arch/arch/arm/core/cortex_m/libarch__arm__core__cortex_m.a(thread_abort.c.obj)
                0x0000000000002184                z_impl_k_thread_abort
 .text.arch_swap
                0x00000000000021b0       0x30 zephyr/arch/arch/arm/core/cortex_m/libarch__arm__core__cortex_m.a(swap.c.obj)
                0x00000000000021b0                arch_swap
 .text.z_arm_pendsv_c
                0x00000000000021e0       0x40 zephyr/arch/arch/arm/core/cortex_m/libarch__arm__core__cortex_m.a(swap.c.obj)
                0x00000000000021e0                z_arm_pendsv_c
 .text.z_arm_pendsv
                0x0000000000002220       0x34 zephyr/arch/arch/arm/core/cortex_m/libarch__arm__core__cortex_m.a(swap_helper.S.obj)
                0x0000000000002220                z_arm_pendsv
 .text.z_arm_svc
                0x0000000000002254       0x20 zephyr/arch/arch/arm/core/cortex_m/libarch__arm__core__cortex_m.a(swap_helper.S.obj)
                0x0000000000002254                z_arm_svc
 .text.arch_irq_enable
                0x0000000000002274       0x1c zephyr/arch/arch/arm/core/cortex_m/libarch__arm__core__cortex_m.a(irq_manage.c.obj)
                0x0000000000002274                arch_irq_enable
 .text.z_arm_irq_priority_set
                0x0000000000002290       0x2c zephyr/arch/arch/arm/core/cortex_m/libarch__arm__core__cortex_m.a(irq_manage.c.obj)
                0x0000000000002290                z_arm_irq_priority_set
 .text.z_prep_c
                0x00000000000022bc       0x30 zephyr/arch/arch/arm/core/cortex_m/libarch__arm__core__cortex_m.a(prep_c.c.obj)
                0x00000000000022bc                z_prep_c
 .text.arch_new_thread
                0x00000000000022ec       0x38 zephyr/arch/arch/arm/core/cortex_m/libarch__arm__core__cortex_m.a(thread.c.obj)
                0x00000000000022ec                arch_new_thread
 .text.arch_switch_to_main_thread
                0x0000000000002324       0x40 zephyr/arch/arch/arm/core/cortex_m/libarch__arm__core__cortex_m.a(thread.c.obj)
                0x0000000000002324                arch_switch_to_main_thread
 .text.z_arm_cpu_idle_init
                0x0000000000002364        0xc zephyr/arch/arch/arm/core/cortex_m/libarch__arm__core__cortex_m.a(cpu_idle.c.obj)
                0x0000000000002364                z_arm_cpu_idle_init
 .text.z_arm_interrupt_init
                0x0000000000002370       0x18 zephyr/arch/arch/arm/core/cortex_m/libarch__arm__core__cortex_m.a(irq_init.c.obj)
                0x0000000000002370                z_arm_interrupt_init
 .text._isr_wrapper
                0x0000000000002388       0x24 zephyr/arch/arch/arm/core/cortex_m/libarch__arm__core__cortex_m.a(isr_wrapper.c.obj)
                0x0000000000002388                _isr_wrapper
 .text.z_impl_zephyr_fputc
                0x00000000000023ac       0x10 zephyr/lib/libc/picolibc/liblib__libc__picolibc.a(libc-hooks.c.obj)
                0x00000000000023ac                z_impl_zephyr_fputc
 .text.__stdout_hook_install
                0x00000000000023bc       0x18 zephyr/lib/libc/picolibc/liblib__libc__picolibc.a(libc-hooks.c.obj)
                0x00000000000023bc                __stdout_hook_install
 .text.cbvprintf
                0x00000000000023d4       0x38 zephyr/lib/libc/picolibc/liblib__libc__picolibc.a(libc-hooks.c.obj)
                0x00000000000023d4                cbvprintf
 .text.malloc_prepare
                0x000000000000240c       0x24 zephyr/lib/libc/common/liblib__libc__common.a(malloc.c.obj)
 .text.uart_stellaris_init
                0x0000000000002430       0x30 zephyr/soc/soc/ti_lm3s6965/libsoc__ti__lm3s6965.a(soc_config.c.obj)
 .text.modem_chat_send_script_request_part
                0x0000000000002460       0x94 zephyr/subsys/modem/libsubsys__modem.a(modem_chat.c.obj)
 .text.modem_chat_script_stop
                0x00000000000024f4       0xe0 zephyr/subsys/modem/libsubsys__modem.a(modem_chat.c.obj)
 .text.modem_chat_script_next
                0x00000000000025d4       0xcc zephyr/subsys/modem/libsubsys__modem.a(modem_chat.c.obj)
 .text.modem_chat_on_command_received
                0x00000000000026a0      0x120 zephyr/subsys/modem/libsubsys__modem.a(modem_chat.c.obj)
 .text.modem_chat_process_handler
                0x00000000000027c0      0x334 zephyr/subsys/modem/libsubsys__modem.a(modem_chat.c.obj)
 .text.modem_chat_script_run_handler
                0x0000000000002af4       0x88 zephyr/subsys/modem/libsubsys__modem.a(modem_chat.c.obj)
 .text.modem_chat_init
                0x0000000000002b7c       0xc0 zephyr/subsys/modem/libsubsys__modem.a(modem_chat.c.obj)
                0x0000000000002b7c                modem_chat_init
 .text.modem_chat_attach
                0x0000000000002c3c       0x24 zephyr/subsys/modem/libsubsys__modem.a(modem_chat.c.obj)
                0x0000000000002c3c                modem_chat_attach
 .text.modem_chat_run_script_async
                0x0000000000002c60       0x84 zephyr/subsys/modem/libsubsys__modem.a(modem_chat.c.obj)
                0x0000000000002c60                modem_chat_run_script_async
 .text.modem_backend_uart_init
                0x0000000000002ce4       0x3c zephyr/subsys/modem/backends/libsubsys__modem__backends.a(modem_backend_uart.c.obj)
                0x0000000000002ce4                modem_backend_uart_init
 .text.z_log_msg_runtime_create.constprop.0
                0x0000000000002d20       0x24 zephyr/subsys/modem/backends/libsubsys__modem__backends.a(modem_backend_uart_isr.c.obj)
 .text.modem_backend_uart_isr_irq_handler
                0x0000000000002d44      0x158 zephyr/subsys/modem/backends/libsubsys__modem__backends.a(modem_backend_uart_isr.c.obj)
 .text.modem_backend_uart_isr_init
                0x0000000000002e9c       0xac zephyr/subsys/modem/backends/libsubsys__modem__backends.a(modem_backend_uart_isr.c.obj)
                0x0000000000002e9c                modem_backend_uart_isr_init
 .text.uart_console_init
                0x0000000000002f48       0x28 zephyr/drivers/console/libdrivers__console.a(uart_console.c.obj)
 .text.console_out
                0x0000000000002f70       0x28 zephyr/drivers/console/libdrivers__console.a(uart_console.c.obj)
 .text.gnss_publish_data
                0x0000000000002f98       0x58 zephyr/drivers/gnss/libdrivers__gnss.a(gnss_publish.c.obj)
                0x0000000000002f98                gnss_publish_data
 .text.gnss_publish_satellites
                0x0000000000002ff0       0x50 zephyr/drivers/gnss/libdrivers__gnss.a(gnss_publish.c.obj)
                0x0000000000002ff0                gnss_publish_satellites
 .text.z_log_msg_runtime_create.constprop.0
                0x0000000000003040       0x28 zephyr/drivers/gnss/libdrivers__gnss.a(gnss_dump.c.obj)
 .text.gnss_dump_info
                0x0000000000003068       0x60 zephyr/drivers/gnss/libdrivers__gnss.a(gnss_dump.c.obj)
                0x0000000000003068                gnss_dump_info
 .text.gnss_dump_time
                0x00000000000030c8       0x34 zephyr/drivers/gnss/libdrivers__gnss.a(gnss_dump.c.obj)
                0x00000000000030c8                gnss_dump_time
 .text.gnss_dump_data_to_log
                0x00000000000030fc       0xa0 zephyr/drivers/gnss/libdrivers__gnss.a(gnss_dump.c.obj)
 .text.gnss_dump_satellite
                0x000000000000319c       0xb4 zephyr/drivers/gnss/libdrivers__gnss.a(gnss_dump.c.obj)
                0x000000000000319c                gnss_dump_satellite
 .text.gnss_dump_satellites_to_log
                0x0000000000003250       0x54 zephyr/drivers/gnss/libdrivers__gnss.a(gnss_dump.c.obj)
 .text.gnss_parse_dec_to_nano
                0x00000000000032a4       0xe4 zephyr/drivers/gnss/libdrivers__gnss.a(gnss_parse.c.obj)
                0x00000000000032a4                gnss_parse_dec_to_nano
 .text.gnss_parse_dec_to_milli
                0x0000000000003388       0x24 zephyr/drivers/gnss/libdrivers__gnss.a(gnss_parse.c.obj)
                0x0000000000003388                gnss_parse_dec_to_milli
 .text.gnss_nmea0183_ddmm_mmmm_to_ndeg
                0x00000000000033ac       0xfc zephyr/drivers/gnss/libdrivers__gnss.a(gnss_nmea0183.c.obj)
                0x00000000000033ac                gnss_nmea0183_ddmm_mmmm_to_ndeg
 .text.gnss_nmea0183_knots_to_mms
                0x00000000000034a8       0x24 zephyr/drivers/gnss/libdrivers__gnss.a(gnss_nmea0183.c.obj)
                0x00000000000034a8                gnss_nmea0183_knots_to_mms
 .text.gnss_nmea0183_parse_hhmmss
                0x00000000000034cc       0x84 zephyr/drivers/gnss/libdrivers__gnss.a(gnss_nmea0183.c.obj)
                0x00000000000034cc                gnss_nmea0183_parse_hhmmss
 .text.gnss_nmea0183_parse_ddmmyy
                0x0000000000003550       0x84 zephyr/drivers/gnss/libdrivers__gnss.a(gnss_nmea0183.c.obj)
                0x0000000000003550                gnss_nmea0183_parse_ddmmyy
 .text.gnss_nmea0183_parse_rmc
                0x00000000000035d4      0x11c zephyr/drivers/gnss/libdrivers__gnss.a(gnss_nmea0183.c.obj)
                0x00000000000035d4                gnss_nmea0183_parse_rmc
 .text.gnss_nmea0183_match_publish
                0x00000000000036f0       0x38 zephyr/drivers/gnss/libdrivers__gnss.a(gnss_nmea0183_match.c.obj)
 .text.gnss_nmea0183_match_gga_callback
                0x0000000000003728       0x5c zephyr/drivers/gnss/libdrivers__gnss.a(gnss_nmea0183_match.c.obj)
                0x0000000000003728                gnss_nmea0183_match_gga_callback
 .text.gnss_nmea0183_match_rmc_callback
                0x0000000000003784       0x68 zephyr/drivers/gnss/libdrivers__gnss.a(gnss_nmea0183_match.c.obj)
                0x0000000000003784                gnss_nmea0183_match_rmc_callback
 .text.gnss_nmea_generic_init
                0x00000000000037ec       0xa8 zephyr/drivers/gnss/libdrivers__gnss.a(gnss_nmea_generic.c.obj)
 .text.uart_stellaris_irq_tx_enable
                0x0000000000003894       0x74 zephyr/drivers/serial/libdrivers__serial.a(uart_stellaris.c.obj)
 .text.elapsed  0x0000000000003908       0x4c zephyr/drivers/timer/libdrivers__timer.a(cortex_m_systick.c.obj)
 .text.sys_clock_driver_init
                0x0000000000003954       0x38 zephyr/drivers/timer/libdrivers__timer.a(cortex_m_systick.c.obj)
 .text.sys_clock_isr
                0x000000000000398c       0x44 zephyr/drivers/timer/libdrivers__timer.a(cortex_m_systick.c.obj)
                0x000000000000398c                sys_clock_isr
 .text.sys_clock_set_timeout
                0x00000000000039d0       0xe4 zephyr/drivers/timer/libdrivers__timer.a(cortex_m_systick.c.obj)
                0x00000000000039d0                sys_clock_set_timeout
 .text.sys_clock_elapsed
                0x0000000000003ab4       0x3c zephyr/drivers/timer/libdrivers__timer.a(cortex_m_systick.c.obj)
                0x0000000000003ab4                sys_clock_elapsed
 .text.k_sys_fatal_error_handler
                0x0000000000003af0       0x2c zephyr/kernel/libkernel.a(fatal.c.obj)
                0x0000000000003af0                k_sys_fatal_error_handler
 .text.z_fatal_error
                0x0000000000003b1c       0xcc zephyr/kernel/libkernel.a(fatal.c.obj)
                0x0000000000003b1c                z_fatal_error
 .text.z_sys_init_run_level
                0x0000000000003be8       0x2c zephyr/kernel/libkernel.a(init.c.obj)
 .text.bg_thread_main
                0x0000000000003c14       0xc0 zephyr/kernel/libkernel.a(init.c.obj)
 .text.z_bss_zero
                0x0000000000003cd4       0x18 zephyr/kernel/libkernel.a(init.c.obj)
                0x0000000000003cd4                z_bss_zero
 .text.z_impl_device_init
                0x0000000000003cec       0x28 zephyr/kernel/libkernel.a(init.c.obj)
                0x0000000000003cec                z_impl_device_init
 .text.z_init_cpu
                0x0000000000003d14       0x68 zephyr/kernel/libkernel.a(init.c.obj)
                0x0000000000003d14                z_init_cpu
 .text.z_cstart
                0x0000000000003d7c       0xd0 zephyr/kernel/libkernel.a(init.c.obj)
                0x0000000000003d7c                z_cstart
 .text.z_impl_k_mutex_lock
                0x0000000000003e4c       0xf0 zephyr/kernel/libkernel.a(mutex.c.obj)
                0x0000000000003e4c                z_impl_k_mutex_lock
 .text.z_impl_k_mutex_unlock
                0x0000000000003f3c       0x78 zephyr/kernel/libkernel.a(mutex.c.obj)
                0x0000000000003f3c                z_impl_k_mutex_unlock
 .text.z_impl_k_sem_give
                0x0000000000003fb4       0x48 zephyr/kernel/libkernel.a(sem.c.obj)
                0x0000000000003fb4                z_impl_k_sem_give
 .text.z_impl_k_sem_take
                0x0000000000003ffc       0x4c zephyr/kernel/libkernel.a(sem.c.obj)
                0x0000000000003ffc                z_impl_k_sem_take
 .text.z_impl_k_sem_reset
                0x0000000000004048       0x38 zephyr/kernel/libkernel.a(sem.c.obj)
                0x0000000000004048                z_impl_k_sem_reset
 .text.work_queue_main
                0x0000000000004080      0x13c zephyr/kernel/libkernel.a(work.c.obj)
 .text.submit_to_queue_locked
                0x00000000000041bc       0xb0 zephyr/kernel/libkernel.a(work.c.obj)
 .text.k_work_submit
                0x000000000000426c        0xc zephyr/kernel/libkernel.a(work.c.obj)
                0x000000000000426c                k_work_submit
 .text.k_work_queue_start
                0x0000000000004278       0x7c zephyr/kernel/libkernel.a(work.c.obj)
                0x0000000000004278                k_work_queue_start
 .text.k_work_schedule_for_queue
                0x00000000000042f4       0x54 zephyr/kernel/libkernel.a(work.c.obj)
                0x00000000000042f4                k_work_schedule_for_queue
 .text.k_work_schedule
                0x0000000000004348        0xc zephyr/kernel/libkernel.a(work.c.obj)
                0x0000000000004348                k_work_schedule
 .text.k_work_reschedule_for_queue
                0x0000000000004354       0x5c zephyr/kernel/libkernel.a(work.c.obj)
                0x0000000000004354                k_work_reschedule_for_queue
 .text.k_work_reschedule
                0x00000000000043b0        0xc zephyr/kernel/libkernel.a(work.c.obj)
                0x00000000000043b0                k_work_reschedule
 .text.z_impl_k_condvar_signal
                0x00000000000043bc       0x38 zephyr/kernel/libkernel.a(condvar.c.obj)
                0x00000000000043bc                z_impl_k_condvar_signal
 .text.z_impl_k_condvar_wait
                0x00000000000043f4       0x4c zephyr/kernel/libkernel.a(condvar.c.obj)
                0x00000000000043f4                z_impl_k_condvar_wait
 .text.z_setup_new_thread
                0x0000000000004440       0x70 zephyr/kernel/libkernel.a(thread.c.obj)
                0x0000000000004440                z_setup_new_thread
 .text.z_impl_k_thread_create
                0x00000000000044b0       0x58 zephyr/kernel/libkernel.a(thread.c.obj)
                0x00000000000044b0                z_impl_k_thread_create
 .text.update_cache
                0x0000000000004508       0x50 zephyr/kernel/libkernel.a(sched.c.obj)
 .text.unready_thread
                0x0000000000004558       0x60 zephyr/kernel/libkernel.a(sched.c.obj)
 .text.ready_thread
                0x00000000000045b8       0x5c zephyr/kernel/libkernel.a(sched.c.obj)
 .text.z_thread_halt
                0x0000000000004614      0x104 zephyr/kernel/libkernel.a(sched.c.obj)
 .text.move_thread_to_end_of_prio_q
                0x0000000000004718       0x98 zephyr/kernel/libkernel.a(sched.c.obj)
                0x0000000000004718                move_thread_to_end_of_prio_q
 .text.z_pend_curr
                0x00000000000047b0       0x58 zephyr/kernel/libkernel.a(sched.c.obj)
                0x00000000000047b0                z_pend_curr
 .text.z_thread_prio_set
                0x0000000000004808       0xb0 zephyr/kernel/libkernel.a(sched.c.obj)
                0x0000000000004808                z_thread_prio_set
 .text.z_reschedule
                0x00000000000048b8       0x24 zephyr/kernel/libkernel.a(sched.c.obj)
                0x00000000000048b8                z_reschedule
 .text.z_sched_start
                0x00000000000048dc       0x3c zephyr/kernel/libkernel.a(sched.c.obj)
                0x00000000000048dc                z_sched_start
 .text.z_reschedule_irqlock
                0x0000000000004918       0x28 zephyr/kernel/libkernel.a(sched.c.obj)
                0x0000000000004918                z_reschedule_irqlock
 .text.k_sched_lock
                0x0000000000004940       0x28 zephyr/kernel/libkernel.a(sched.c.obj)
                0x0000000000004940                k_sched_lock
 .text.k_sched_unlock
                0x0000000000004968       0x40 zephyr/kernel/libkernel.a(sched.c.obj)
                0x0000000000004968                k_sched_unlock
 .text.z_sched_init
                0x00000000000049a8        0xc zephyr/kernel/libkernel.a(sched.c.obj)
                0x00000000000049a8                z_sched_init
 .text.z_impl_k_yield
                0x00000000000049b4       0x9c zephyr/kernel/libkernel.a(sched.c.obj)
                0x00000000000049b4                z_impl_k_yield
 .text.z_tick_sleep
                0x0000000000004a50       0x88 zephyr/kernel/libkernel.a(sched.c.obj)
 .text.z_impl_k_sleep
                0x0000000000004ad8       0x2c zephyr/kernel/libkernel.a(sched.c.obj)
                0x0000000000004ad8                z_impl_k_sleep
 .text.z_impl_k_sched_current_thread_query
                0x0000000000004b04        0xc zephyr/kernel/libkernel.a(sched.c.obj)
                0x0000000000004b04                z_impl_k_sched_current_thread_query
 .text.z_sched_wait
                0x0000000000004b10       0x24 zephyr/kernel/libkernel.a(sched.c.obj)
                0x0000000000004b10                z_sched_wait
 .text.slice_timeout
                0x0000000000004b34       0x20 zephyr/kernel/libkernel.a(timeslicing.c.obj)
 .text.thread_is_sliceable
                0x0000000000004b54       0x3c zephyr/kernel/libkernel.a(timeslicing.c.obj)
                0x0000000000004b54                thread_is_sliceable
 .text.z_reset_time_slice
                0x0000000000004b90       0x50 zephyr/kernel/libkernel.a(timeslicing.c.obj)
                0x0000000000004b90                z_reset_time_slice
 .text.z_time_slice
                0x0000000000004be0       0x60 zephyr/kernel/libkernel.a(timeslicing.c.obj)
                0x0000000000004be0                z_time_slice
 .text.z_data_copy
                0x0000000000004c40       0x34 zephyr/kernel/libkernel.a(xip.c.obj)
                0x0000000000004c40                z_data_copy
 .text.elapsed  0x0000000000004c74       0x14 zephyr/kernel/libkernel.a(timeout.c.obj)
 .text.remove_timeout
                0x0000000000004c88       0x38 zephyr/kernel/libkernel.a(timeout.c.obj)
 .text.next_timeout
                0x0000000000004cc0       0x40 zephyr/kernel/libkernel.a(timeout.c.obj)
 .text.z_add_timeout
                0x0000000000004d00       0xf4 zephyr/kernel/libkernel.a(timeout.c.obj)
                0x0000000000004d00                z_add_timeout
 .text.sys_clock_announce
                0x0000000000004df4       0xd0 zephyr/kernel/libkernel.a(timeout.c.obj)
                0x0000000000004df4                sys_clock_announce
 .text.sys_clock_tick_get
                0x0000000000004ec4       0x30 zephyr/kernel/libkernel.a(timeout.c.obj)
                0x0000000000004ec4                sys_clock_tick_get
 .text.k_sys_work_q_init
                0x0000000000004ef4       0x34 zephyr/kernel/libkernel.a(system_work_q.c.obj)
 .text.snprintf
                0x0000000000004f28       0x58 d:\ncs-d\toolchains\ce3b5ff664\opt\zephyr-sdk\arm-zephyr-eabi\bin\../lib/gcc/../../picolibc/arm-zephyr-eabi/lib/thumb/v7-m/nofp\libc.a(libc_tinystdio_snprintf.c.o)
                0x0000000000004f28                snprintf
 .text.strtol   0x0000000000004f80       0xec d:\ncs-d\toolchains\ce3b5ff664\opt\zephyr-sdk\arm-zephyr-eabi\bin\../lib/gcc/../../picolibc/arm-zephyr-eabi/lib/thumb/v7-m/nofp\libc.a(libc_tinystdio_strtol.c.o)
                0x0000000000004f80                strtol
 .text.skip_to_arg
                0x000000000000506c      0x134 d:\ncs-d\toolchains\ce3b5ff664\opt\zephyr-sdk\arm-zephyr-eabi\bin\../lib/gcc/../../picolibc/arm-zephyr-eabi/lib/thumb/v7-m/nofp\libc.a(libc_tinystdio_vfprintf.c.o)
 .text.vfprintf
                0x00000000000051a0      0x9f8 d:\ncs-d\toolchains\ce3b5ff664\opt\zephyr-sdk\arm-zephyr-eabi\bin\../lib/gcc/../../picolibc/arm-zephyr-eabi/lib/thumb/v7-m/nofp\libc.a(libc_tinystdio_vfprintf.c.o)
                0x00000000000051a0                __d_vfprintf
 .text.div10    0x0000000000005b98       0x28 d:\ncs-d\toolchains\ce3b5ff664\opt\zephyr-sdk\arm-zephyr-eabi\bin\../lib/gcc/../../picolibc/arm-zephyr-eabi/lib/thumb/v7-m/nofp\libc.a(libc_tinystdio_dtoa_ryu.c.o)
 .text.__dtoa_engine
                0x0000000000005bc0      0x49c d:\ncs-d\toolchains\ce3b5ff664\opt\zephyr-sdk\arm-zephyr-eabi\bin\../lib/gcc/../../picolibc/arm-zephyr-eabi/lib/thumb/v7-m/nofp\libc.a(libc_tinystdio_dtoa_ryu.c.o)
                0x0000000000005bc0                __dtoa_engine
 .text.__log10Pow2
                0x000000000000605c        0xc d:\ncs-d\toolchains\ce3b5ff664\opt\zephyr-sdk\arm-zephyr-eabi\bin\../lib/gcc/../../picolibc/arm-zephyr-eabi/lib/thumb/v7-m/nofp\libc.a(libc_tinystdio_ryu_log10.c.o)
                0x000000000000605c                __log10Pow2
 .text.__log10Pow5
                0x0000000000006068        0xc d:\ncs-d\toolchains\ce3b5ff664\opt\zephyr-sdk\arm-zephyr-eabi\bin\../lib/gcc/../../picolibc/arm-zephyr-eabi/lib/thumb/v7-m/nofp\libc.a(libc_tinystdio_ryu_log10.c.o)
                0x0000000000006068                __log10Pow5
 .text.__pow5bits
                0x0000000000006074       0x10 d:\ncs-d\toolchains\ce3b5ff664\opt\zephyr-sdk\arm-zephyr-eabi\bin\../lib/gcc/../../picolibc/arm-zephyr-eabi/lib/thumb/v7-m/nofp\libc.a(libc_tinystdio_ryu_pow5bits.c.o)
                0x0000000000006074                __pow5bits
 .text.__pow5Factor
                0x0000000000006084       0x30 d:\ncs-d\toolchains\ce3b5ff664\opt\zephyr-sdk\arm-zephyr-eabi\bin\../lib/gcc/../../picolibc/arm-zephyr-eabi/lib/thumb/v7-m/nofp\libc.a(libc_tinystdio_ryu_table.c.o)
                0x0000000000006084                __pow5Factor
 .text.__double_computePow5
                0x00000000000060b4       0xe8 d:\ncs-d\toolchains\ce3b5ff664\opt\zephyr-sdk\arm-zephyr-eabi\bin\../lib/gcc/../../picolibc/arm-zephyr-eabi/lib/thumb/v7-m/nofp\libc.a(libc_tinystdio_ryu_table.c.o)
                0x00000000000060b4                __double_computePow5
 .text.__double_computeInvPow5
                0x000000000000619c       0xf8 d:\ncs-d\toolchains\ce3b5ff664\opt\zephyr-sdk\arm-zephyr-eabi\bin\../lib/gcc/../../picolibc/arm-zephyr-eabi/lib/thumb/v7-m/nofp\libc.a(libc_tinystdio_ryu_table.c.o)
                0x000000000000619c                __double_computeInvPow5
 .text._OffsetAbsSyms
                0x0000000000006294        0x2 zephyr/CMakeFiles/offsets.dir/./arch/arm/core/offsets/offsets.c.obj
                0x0000000000006294                _OffsetAbsSyms
 .text.z_log_msg_runtime_create.constprop.0
                0x0000000000006296       0x20 app/libapp.a(main.c.obj)
 .text.chunk_size
                0x00000000000062b6        0xa zephyr/libzephyr.a(heap.c.obj)
 .text.free_list_add
                0x00000000000062c0       0x4e zephyr/libzephyr.a(heap.c.obj)
 .text.sys_heap_init
                0x000000000000630e       0x7a zephyr/libzephyr.a(heap.c.obj)
                0x000000000000630e                sys_heap_init
 .text.cbpprintf_external
                0x0000000000006388       0x62 zephyr/libzephyr.a(cbprintf_packaged.c.obj)
                0x0000000000006388                cbpprintf_external
 .text.arch_printk_char_out
                0x00000000000063ea        0x4 zephyr/libzephyr.a(printk.c.obj)
                0x00000000000063ea                arch_printk_char_out
 .text.printk   0x00000000000063ee       0x1a zephyr/libzephyr.a(printk.c.obj)
                0x00000000000063ee                printk
 .text.ring_buf_put_claim
                0x0000000000006408       0x3a zephyr/libzephyr.a(ring_buffer.c.obj)
                0x0000000000006408                ring_buf_put_claim
 .text.ring_buf_put_finish
                0x0000000000006442       0x2a zephyr/libzephyr.a(ring_buffer.c.obj)
                0x0000000000006442                ring_buf_put_finish
 .text.ring_buf_put
                0x000000000000646c       0x3e zephyr/libzephyr.a(ring_buffer.c.obj)
                0x000000000000646c                ring_buf_put
 .text.ring_buf_get_claim
                0x00000000000064aa       0x38 zephyr/libzephyr.a(ring_buffer.c.obj)
                0x00000000000064aa                ring_buf_get_claim
 .text.ring_buf_get_finish
                0x00000000000064e2       0x2a zephyr/libzephyr.a(ring_buffer.c.obj)
                0x00000000000064e2                ring_buf_get_finish
 .text.ring_buf_get
                0x000000000000650c       0x40 zephyr/libzephyr.a(ring_buffer.c.obj)
                0x000000000000650c                ring_buf_get
 .text._ConfigAbsSyms
                0x000000000000654c        0x2 zephyr/libzephyr.a(configs.c.obj)
                0x000000000000654c                _ConfigAbsSyms
 .text.dummy_timestamp
                0x000000000000654e        0x4 zephyr/libzephyr.a(log_core.c.obj)
 .text.default_lf_get_timestamp
                0x0000000000006552        0xc zephyr/libzephyr.a(log_core.c.obj)
 .text.atomic_inc
                0x000000000000655e       0x1a zephyr/libzephyr.a(log_core.c.obj)
 .text.enable_logger
                0x0000000000006578        0xe zephyr/libzephyr.a(log_core.c.obj)
 .text.z_log_vprintk
                0x0000000000006586       0x1c zephyr/libzephyr.a(log_core.c.obj)
                0x0000000000006586                z_log_vprintk
 .text.z_log_notify_backend_enabled
                0x00000000000065a2        0x2 zephyr/libzephyr.a(log_core.c.obj)
                0x00000000000065a2                z_log_notify_backend_enabled
 .text.z_log_get_tag
                0x00000000000065a4        0x4 zephyr/libzephyr.a(log_core.c.obj)
                0x00000000000065a4                z_log_get_tag
 .text.z_log_msg_finalize
                0x00000000000065a8       0x32 zephyr/libzephyr.a(log_msg.c.obj)
                0x00000000000065a8                z_log_msg_finalize
 .text.out_func
                0x00000000000065da       0x1c zephyr/libzephyr.a(log_output.c.obj)
 .text.cr_out_func
                0x00000000000065f6       0x1c zephyr/libzephyr.a(log_output.c.obj)
 .text.buffer_write
                0x0000000000006612       0x1c zephyr/libzephyr.a(log_output.c.obj)
 .text.log_output_flush
                0x000000000000662e       0x18 zephyr/libzephyr.a(log_output.c.obj)
                0x000000000000662e                log_output_flush
 .text.log_output_msg_process
                0x0000000000006646       0x6a zephyr/libzephyr.a(log_output.c.obj)
                0x0000000000006646                log_output_msg_process
 .text.format_set
                0x00000000000066b0        0xc zephyr/libzephyr.a(log_backend_uart.c.obj)
 .text.log_backend_uart_init
                0x00000000000066bc        0xc zephyr/libzephyr.a(log_backend_uart.c.obj)
 .text.process  0x00000000000066c8       0x1e zephyr/libzephyr.a(log_backend_uart.c.obj)
 .text.pm_device_state_get
                0x00000000000066e6       0x12 zephyr/libzephyr.a(device.c.obj)
                0x00000000000066e6                pm_device_state_get
 .text.z_log_msg_runtime_create.constprop.0
                0x00000000000066f8       0x20 zephyr/arch/arch/arm/core/libarch__arm__core.a(fatal.c.obj)
 .text.z_do_kernel_oops
                0x0000000000006718        0x8 zephyr/arch/arch/arm/core/libarch__arm__core.a(fatal.c.obj)
                0x0000000000006718                z_do_kernel_oops
 .text.z_arm_nmi
                0x0000000000006720        0xe zephyr/arch/arch/arm/core/libarch__arm__core.a(nmi.c.obj)
                0x0000000000006720                z_arm_nmi
 .text.z_log_msg_runtime_create.constprop.0
                0x000000000000672e       0x20 zephyr/arch/arch/arm/core/cortex_m/libarch__arm__core__cortex_m.a(fault.c.obj)
 .text.z_irq_spurious
                0x000000000000674e        0x8 zephyr/arch/arch/arm/core/cortex_m/libarch__arm__core__cortex_m.a(irq_manage.c.obj)
                0x000000000000674e                z_irq_spurious
 .text.arch_irq_unlock_outlined
                0x0000000000006756        0xe zephyr/arch/arch/arm/core/cortex_m/libarch__arm__core__cortex_m.a(thread.c.obj)
                0x0000000000006756                arch_irq_unlock_outlined
 .text.arch_cpu_idle
                0x0000000000006764       0x1a zephyr/arch/arch/arm/core/cortex_m/libarch__arm__core__cortex_m.a(cpu_idle.c.obj)
                0x0000000000006764                arch_cpu_idle
 .text.cbputc   0x000000000000677e        0xc zephyr/lib/libc/picolibc/liblib__libc__picolibc.a(libc-hooks.c.obj)
 .text.picolibc_put
                0x000000000000678a        0xa zephyr/lib/libc/picolibc/liblib__libc__picolibc.a(libc-hooks.c.obj)
 .text.modem_chat_pipe_callback
                0x0000000000006794       0x18 zephyr/subsys/modem/libsubsys__modem.a(modem_chat.c.obj)
 .text.modem_chat_script_chat_schedule_send_timeout
                0x00000000000067ac       0x2e zephyr/subsys/modem/libsubsys__modem.a(modem_chat.c.obj)
 .text.z_log_msg_runtime_create.constprop.0
                0x00000000000067da       0x20 zephyr/subsys/modem/libsubsys__modem.a(modem_chat.c.obj)
 .text.modem_chat_script_abort_handler
                0x00000000000067fa       0x10 zephyr/subsys/modem/libsubsys__modem.a(modem_chat.c.obj)
 .text.modem_chat_script_timeout_handler
                0x000000000000680a        0x8 zephyr/subsys/modem/libsubsys__modem.a(modem_chat.c.obj)
 .text.modem_chat_script_send_timeout_handler
                0x0000000000006812       0x10 zephyr/subsys/modem/libsubsys__modem.a(modem_chat.c.obj)
 .text.modem_chat_script_send_handler
                0x0000000000006822       0x7e zephyr/subsys/modem/libsubsys__modem.a(modem_chat.c.obj)
 .text.modem_chat_run_script
                0x00000000000068a0       0x3e zephyr/subsys/modem/libsubsys__modem.a(modem_chat.c.obj)
                0x00000000000068a0                modem_chat_run_script
 .text.k_mutex_lock.constprop.0.isra.0
                0x00000000000068de        0x4 zephyr/subsys/modem/libsubsys__modem.a(modem_pipe.c.obj)
 .text.k_mutex_unlock.isra.0
                0x00000000000068e2        0x4 zephyr/subsys/modem/libsubsys__modem.a(modem_pipe.c.obj)
 .text.modem_pipe_init
                0x00000000000068e6       0x32 zephyr/subsys/modem/libsubsys__modem.a(modem_pipe.c.obj)
                0x00000000000068e6                modem_pipe_init
 .text.modem_pipe_open
                0x0000000000006918       0x60 zephyr/subsys/modem/libsubsys__modem.a(modem_pipe.c.obj)
                0x0000000000006918                modem_pipe_open
 .text.modem_pipe_attach
                0x0000000000006978       0x4e zephyr/subsys/modem/libsubsys__modem.a(modem_pipe.c.obj)
                0x0000000000006978                modem_pipe_attach
 .text.modem_pipe_transmit
                0x00000000000069c6       0x4e zephyr/subsys/modem/libsubsys__modem.a(modem_pipe.c.obj)
                0x00000000000069c6                modem_pipe_transmit
 .text.modem_pipe_receive
                0x0000000000006a14       0x4e zephyr/subsys/modem/libsubsys__modem.a(modem_pipe.c.obj)
                0x0000000000006a14                modem_pipe_receive
 .text.modem_pipe_close
                0x0000000000006a62       0x5e zephyr/subsys/modem/libsubsys__modem.a(modem_pipe.c.obj)
                0x0000000000006a62                modem_pipe_close
 .text.modem_pipe_notify_opened
                0x0000000000006ac0       0x42 zephyr/subsys/modem/libsubsys__modem.a(modem_pipe.c.obj)
                0x0000000000006ac0                modem_pipe_notify_opened
 .text.modem_pipe_notify_closed
                0x0000000000006b02       0x48 zephyr/subsys/modem/libsubsys__modem.a(modem_pipe.c.obj)
                0x0000000000006b02                modem_pipe_notify_closed
 .text.modem_pipe_notify_receive_ready
                0x0000000000006b4a       0x38 zephyr/subsys/modem/libsubsys__modem.a(modem_pipe.c.obj)
                0x0000000000006b4a                modem_pipe_notify_receive_ready
 .text.modem_pipe_notify_transmit_idle
                0x0000000000006b82       0x38 zephyr/subsys/modem/libsubsys__modem.a(modem_pipe.c.obj)
                0x0000000000006b82                modem_pipe_notify_transmit_idle
 .text.modem_backend_uart_transmit_idle_handler
                0x0000000000006bba        0x6 zephyr/subsys/modem/backends/libsubsys__modem__backends.a(modem_backend_uart.c.obj)
 .text.modem_backend_uart_receive_ready_handler
                0x0000000000006bc0        0x6 zephyr/subsys/modem/backends/libsubsys__modem__backends.a(modem_backend_uart.c.obj)
 .text.z_impl_uart_irq_tx_enable
                0x0000000000006bc6        0xa zephyr/subsys/modem/backends/libsubsys__modem__backends.a(modem_backend_uart_isr.c.obj)
 .text.z_impl_uart_irq_rx_enable
                0x0000000000006bd0        0xa zephyr/subsys/modem/backends/libsubsys__modem__backends.a(modem_backend_uart_isr.c.obj)
 .text.uart_irq_tx_disable
                0x0000000000006bda        0xa zephyr/subsys/modem/backends/libsubsys__modem__backends.a(modem_backend_uart_isr.c.obj)
 .text.uart_irq_rx_disable
                0x0000000000006be4        0xa zephyr/subsys/modem/backends/libsubsys__modem__backends.a(modem_backend_uart_isr.c.obj)
 .text.modem_backend_uart_isr_close
                0x0000000000006bee       0x1c zephyr/subsys/modem/backends/libsubsys__modem__backends.a(modem_backend_uart_isr.c.obj)
 .text.modem_backend_uart_isr_receive
                0x0000000000006c0a       0x66 zephyr/subsys/modem/backends/libsubsys__modem__backends.a(modem_backend_uart_isr.c.obj)
 .text.modem_backend_uart_isr_transmit
                0x0000000000006c70       0x5e zephyr/subsys/modem/backends/libsubsys__modem__backends.a(modem_backend_uart_isr.c.obj)
 .text.modem_backend_uart_isr_open
                0x0000000000006cce       0x7a zephyr/subsys/modem/backends/libsubsys__modem__backends.a(modem_backend_uart_isr.c.obj)
 .text.gnss_parse_atoi
                0x0000000000006d48       0x20 zephyr/drivers/gnss/libdrivers__gnss.a(gnss_parse.c.obj)
                0x0000000000006d48                gnss_parse_atoi
 .text.gnss_system_from_gsv_header_args.isra.0
                0x0000000000006d68       0x36 zephyr/drivers/gnss/libdrivers__gnss.a(gnss_nmea0183.c.obj)
 .text.gnss_nmea0183_parse_gga
                0x0000000000006d9e       0xa2 zephyr/drivers/gnss/libdrivers__gnss.a(gnss_nmea0183.c.obj)
                0x0000000000006d9e                gnss_nmea0183_parse_gga
 .text.gnss_nmea0183_parse_gsv_header
                0x0000000000006e40       0x6a zephyr/drivers/gnss/libdrivers__gnss.a(gnss_nmea0183.c.obj)
                0x0000000000006e40                gnss_nmea0183_parse_gsv_header
 .text.gnss_nmea0183_parse_gsv_svs
                0x0000000000006eaa      0x15e zephyr/drivers/gnss/libdrivers__gnss.a(gnss_nmea0183.c.obj)
                0x0000000000006eaa                gnss_nmea0183_parse_gsv_svs
 .text.gnss_nmea0183_match_gsv_callback
                0x0000000000007008       0x7a zephyr/drivers/gnss/libdrivers__gnss.a(gnss_nmea0183_match.c.obj)
                0x0000000000007008                gnss_nmea0183_match_gsv_callback
 .text.gnss_nmea0183_match_init
                0x0000000000007082       0x20 zephyr/drivers/gnss/libdrivers__gnss.a(gnss_nmea0183_match.c.obj)
                0x0000000000007082                gnss_nmea0183_match_init
 .text.gnss_nmea_generic_pm_action
                0x00000000000070a2       0x48 zephyr/drivers/gnss/libdrivers__gnss.a(gnss_nmea_generic.c.obj)
 .text.uart_stellaris_poll_in
                0x00000000000070ea       0x16 zephyr/drivers/serial/libdrivers__serial.a(uart_stellaris.c.obj)
 .text.uart_stellaris_fifo_fill
                0x0000000000007100       0x1e zephyr/drivers/serial/libdrivers__serial.a(uart_stellaris.c.obj)
 .text.uart_stellaris_fifo_read
                0x000000000000711e       0x1e zephyr/drivers/serial/libdrivers__serial.a(uart_stellaris.c.obj)
 .text.uart_stellaris_irq_tx_disable
                0x000000000000713c        0xe zephyr/drivers/serial/libdrivers__serial.a(uart_stellaris.c.obj)
 .text.uart_stellaris_irq_tx_ready
                0x000000000000714a        0xc zephyr/drivers/serial/libdrivers__serial.a(uart_stellaris.c.obj)
 .text.uart_stellaris_irq_rx_enable
                0x0000000000007156        0xe zephyr/drivers/serial/libdrivers__serial.a(uart_stellaris.c.obj)
 .text.uart_stellaris_irq_rx_disable
                0x0000000000007164        0xe zephyr/drivers/serial/libdrivers__serial.a(uart_stellaris.c.obj)
 .text.uart_stellaris_irq_rx_ready
                0x0000000000007172        0xc zephyr/drivers/serial/libdrivers__serial.a(uart_stellaris.c.obj)
 .text.uart_stellaris_irq_err_enable
                0x000000000000717e        0xe zephyr/drivers/serial/libdrivers__serial.a(uart_stellaris.c.obj)
 .text.uart_stellaris_irq_err_disable
                0x000000000000718c        0xe zephyr/drivers/serial/libdrivers__serial.a(uart_stellaris.c.obj)
 .text.uart_stellaris_irq_is_pending
                0x000000000000719a       0x12 zephyr/drivers/serial/libdrivers__serial.a(uart_stellaris.c.obj)
 .text.uart_stellaris_irq_update
                0x00000000000071ac        0x4 zephyr/drivers/serial/libdrivers__serial.a(uart_stellaris.c.obj)
 .text.uart_stellaris_irq_callback_set
                0x00000000000071b0        0x8 zephyr/drivers/serial/libdrivers__serial.a(uart_stellaris.c.obj)
 .text.uart_stellaris_isr
                0x00000000000071b8        0xc zephyr/drivers/serial/libdrivers__serial.a(uart_stellaris.c.obj)
 .text.irq_config_func_0
                0x00000000000071c4       0x16 zephyr/drivers/serial/libdrivers__serial.a(uart_stellaris.c.obj)
 .text.irq_config_func_1
                0x00000000000071da       0x16 zephyr/drivers/serial/libdrivers__serial.a(uart_stellaris.c.obj)
 .text.irq_config_func_2
                0x00000000000071f0       0x16 zephyr/drivers/serial/libdrivers__serial.a(uart_stellaris.c.obj)
 .text.uart_stellaris_poll_out
                0x0000000000007206        0xe zephyr/drivers/serial/libdrivers__serial.a(uart_stellaris.c.obj)
 .text.disable.isra.0
                0x0000000000007214       0x1c zephyr/drivers/serial/libdrivers__serial.a(uart_stellaris.c.obj)
 .text.uart_stellaris_init
                0x0000000000007230       0x50 zephyr/drivers/serial/libdrivers__serial.a(uart_stellaris.c.obj)
 .text.z_device_state_init
                0x0000000000007280        0x2 zephyr/kernel/libkernel.a(device.c.obj)
                0x0000000000007280                z_device_state_init
 .text.z_device_is_ready
                0x0000000000007282       0x16 zephyr/kernel/libkernel.a(device.c.obj)
                0x0000000000007282                z_device_is_ready
 .text.z_log_msg_runtime_create.constprop.0
                0x0000000000007298       0x20 zephyr/kernel/libkernel.a(fatal.c.obj)
 .text.arch_system_halt
                0x00000000000072b8       0x10 zephyr/kernel/libkernel.a(fatal.c.obj)
                0x00000000000072b8                arch_system_halt
 .text.do_device_init
                0x00000000000072c8       0x30 zephyr/kernel/libkernel.a(init.c.obj)
 .text.z_early_memset
                0x00000000000072f8        0x4 zephyr/kernel/libkernel.a(init.c.obj)
                0x00000000000072f8                z_early_memset
 .text.z_early_memcpy
                0x00000000000072fc        0x4 zephyr/kernel/libkernel.a(init.c.obj)
                0x00000000000072fc                z_early_memcpy
 .text.idle     0x0000000000007300       0x16 zephyr/kernel/libkernel.a(idle.c.obj)
                0x0000000000007300                idle
 .text.adjust_owner_prio.isra.0
                0x0000000000007316       0x10 zephyr/kernel/libkernel.a(mutex.c.obj)
 .text.z_impl_k_mutex_init
                0x0000000000007326        0xe zephyr/kernel/libkernel.a(mutex.c.obj)
                0x0000000000007326                z_impl_k_mutex_init
 .text.z_impl_k_sem_init
                0x0000000000007334       0x18 zephyr/kernel/libkernel.a(sem.c.obj)
                0x0000000000007334                z_impl_k_sem_init
 .text.flag_test_and_clear
                0x000000000000734c       0x16 zephyr/kernel/libkernel.a(work.c.obj)
 .text.unschedule_locked
                0x0000000000007362       0x1e zephyr/kernel/libkernel.a(work.c.obj)
 .text.notify_queue_locked.isra.0
                0x0000000000007380        0xe zephyr/kernel/libkernel.a(work.c.obj)
 .text.cancel_async_locked
                0x000000000000738e       0x5a zephyr/kernel/libkernel.a(work.c.obj)
 .text.work_timeout
                0x00000000000073e8       0x3c zephyr/kernel/libkernel.a(work.c.obj)
 .text.k_work_init
                0x0000000000007424       0x12 zephyr/kernel/libkernel.a(work.c.obj)
                0x0000000000007424                k_work_init
 .text.z_work_submit_to_queue
                0x0000000000007436       0x26 zephyr/kernel/libkernel.a(work.c.obj)
                0x0000000000007436                z_work_submit_to_queue
 .text.k_work_submit_to_queue
                0x000000000000745c       0x20 zephyr/kernel/libkernel.a(work.c.obj)
                0x000000000000745c                k_work_submit_to_queue
 .text.k_work_cancel
                0x000000000000747c       0x1e zephyr/kernel/libkernel.a(work.c.obj)
                0x000000000000747c                k_work_cancel
 .text.k_work_init_delayable
                0x000000000000749a       0x18 zephyr/kernel/libkernel.a(work.c.obj)
                0x000000000000749a                k_work_init_delayable
 .text.k_work_cancel_delayable
                0x00000000000074b2       0x26 zephyr/kernel/libkernel.a(work.c.obj)
                0x00000000000074b2                k_work_cancel_delayable
 .text.z_impl_k_condvar_init
                0x00000000000074d8        0x8 zephyr/kernel/libkernel.a(condvar.c.obj)
                0x00000000000074d8                z_impl_k_condvar_init
 .text.k_is_in_isr
                0x00000000000074e0        0xc zephyr/kernel/libkernel.a(thread.c.obj)
                0x00000000000074e0                k_is_in_isr
 .text.z_impl_k_thread_name_set
                0x00000000000074ec        0x6 zephyr/kernel/libkernel.a(thread.c.obj)
                0x00000000000074ec                z_impl_k_thread_name_set
 .text.k_thread_name_get
                0x00000000000074f2        0x4 zephyr/kernel/libkernel.a(thread.c.obj)
                0x00000000000074f2                k_thread_name_get
 .text.z_impl_k_thread_start
                0x00000000000074f6        0x4 zephyr/kernel/libkernel.a(thread.c.obj)
                0x00000000000074f6                z_impl_k_thread_start
 .text.sys_dlist_remove
                0x00000000000074fa       0x10 zephyr/kernel/libkernel.a(sched.c.obj)
 .text.unpend_thread_no_timeout
                0x000000000000750a       0x14 zephyr/kernel/libkernel.a(sched.c.obj)
 .text.add_to_waitq_locked
                0x000000000000751e       0x50 zephyr/kernel/libkernel.a(sched.c.obj)
 .text.z_ready_thread
                0x000000000000756e       0x1e zephyr/kernel/libkernel.a(sched.c.obj)
                0x000000000000756e                z_ready_thread
 .text.z_impl_k_thread_suspend
                0x000000000000758c       0x34 zephyr/kernel/libkernel.a(sched.c.obj)
                0x000000000000758c                z_impl_k_thread_suspend
 .text.z_sched_wake_thread
                0x00000000000075c0       0x42 zephyr/kernel/libkernel.a(sched.c.obj)
                0x00000000000075c0                z_sched_wake_thread
 .text.z_thread_timeout
                0x0000000000007602        0x8 zephyr/kernel/libkernel.a(sched.c.obj)
                0x0000000000007602                z_thread_timeout
 .text.z_unpend_first_thread
                0x000000000000760a       0x36 zephyr/kernel/libkernel.a(sched.c.obj)
                0x000000000000760a                z_unpend_first_thread
 .text.init_ready_q
                0x0000000000007640       0x12 zephyr/kernel/libkernel.a(sched.c.obj)
                0x0000000000007640                init_ready_q
 .text.z_thread_abort
                0x0000000000007652       0x44 zephyr/kernel/libkernel.a(sched.c.obj)
                0x0000000000007652                z_thread_abort
 .text.z_sched_wake
                0x0000000000007696       0x44 zephyr/kernel/libkernel.a(sched.c.obj)
                0x0000000000007696                z_sched_wake
 .text.z_abort_timeout
                0x00000000000076da       0x2a zephyr/kernel/libkernel.a(timeout.c.obj)
                0x00000000000076da                z_abort_timeout
 .text.sys_clock_tick_get_32
                0x0000000000007704        0x8 zephyr/kernel/libkernel.a(timeout.c.obj)
                0x0000000000007704                sys_clock_tick_get_32
 .text.z_impl_k_uptime_ticks
                0x000000000000770c        0x4 zephyr/kernel/libkernel.a(timeout.c.obj)
                0x000000000000770c                z_impl_k_uptime_ticks
 .text.memcmp   0x0000000000007710       0x20 d:\ncs-d\toolchains\ce3b5ff664\opt\zephyr-sdk\arm-zephyr-eabi\bin\../lib/gcc/../../picolibc/arm-zephyr-eabi/lib/thumb/v7-m/nofp\libc.a(libc_string_memcmp.c.o)
                0x0000000000007710                memcmp
 .text.strnlen  0x0000000000007730       0x18 d:\ncs-d\toolchains\ce3b5ff664\opt\zephyr-sdk\arm-zephyr-eabi\bin\../lib/gcc/../../picolibc/arm-zephyr-eabi/lib/thumb/v7-m/nofp\libc.a(libc_string_strnlen.c.o)
                0x0000000000007730                strnlen
 .text.__ultoa_invert
                0x0000000000007748       0x4e d:\ncs-d\toolchains\ce3b5ff664\opt\zephyr-sdk\arm-zephyr-eabi\bin\../lib/gcc/../../picolibc/arm-zephyr-eabi/lib/thumb/v7-m/nofp\libc.a(libc_tinystdio_vfprintf.c.o)
 .text.mulShiftAll64
                0x0000000000007796      0x17a d:\ncs-d\toolchains\ce3b5ff664\opt\zephyr-sdk\arm-zephyr-eabi\bin\../lib/gcc/../../picolibc/arm-zephyr-eabi/lib/thumb/v7-m/nofp\libc.a(libc_tinystdio_dtoa_ryu.c.o)
 .text.__umul128
                0x0000000000007910       0x36 d:\ncs-d\toolchains\ce3b5ff664\opt\zephyr-sdk\arm-zephyr-eabi\bin\../lib/gcc/../../picolibc/arm-zephyr-eabi/lib/thumb/v7-m/nofp\libc.a(libc_tinystdio_ryu_umul128.c.o)
                0x0000000000007910                __umul128
 .text.__shiftright128
                0x0000000000007946       0x3e d:\ncs-d\toolchains\ce3b5ff664\opt\zephyr-sdk\arm-zephyr-eabi\bin\../lib/gcc/../../picolibc/arm-zephyr-eabi/lib/thumb/v7-m/nofp\libc.a(libc_tinystdio_ryu_umul128.c.o)
                0x0000000000007946                __shiftright128
 .text.memcpy   0x0000000000007984       0x1c d:\ncs-d\toolchains\ce3b5ff664\opt\zephyr-sdk\arm-zephyr-eabi\bin\../lib/gcc/../../picolibc/arm-zephyr-eabi/lib/thumb/v7-m/nofp\libc.a(memcpy.c.o)
                0x0000000000007984                __aeabi_memcpy
                0x0000000000007984                __aeabi_memcpy4
                0x0000000000007984                __aeabi_memcpy8
                0x0000000000007984                memcpy
 .text.memset   0x00000000000079a0       0x10 d:\ncs-d\toolchains\ce3b5ff664\opt\zephyr-sdk\arm-zephyr-eabi\bin\../lib/gcc/../../picolibc/arm-zephyr-eabi/lib/thumb/v7-m/nofp\libc.a(memset.c.o)
                0x00000000000079a0                memset
 .text.__dtox_engine
                0x00000000000079b0      0x17c d:\ncs-d\toolchains\ce3b5ff664\opt\zephyr-sdk\arm-zephyr-eabi\bin\../lib/gcc/../../picolibc/arm-zephyr-eabi/lib/thumb/v7-m/nofp\libc.a(libc_tinystdio_dtox_engine.c.o)
                0x00000000000079b0                __dtox_engine
 .text.__file_str_put
                0x0000000000007b2c       0x10 d:\ncs-d\toolchains\ce3b5ff664\opt\zephyr-sdk\arm-zephyr-eabi\bin\../lib/gcc/../../picolibc/arm-zephyr-eabi/lib/thumb/v7-m/nofp\libc.a(libc_tinystdio_filestrput.c.o)
                0x0000000000007b2c                __file_str_put
 *(SORT_BY_ALIGNMENT(.TEXT.*))
 .TEXT.__aeabi_read_tp
                0x0000000000007b3c        0xc zephyr/arch/arch/arm/core/cortex_m/libarch__arm__core__cortex_m.a(__aeabi_read_tp.S.obj)
                0x0000000000007b3c                __aeabi_read_tp
 *(SORT_BY_ALIGNMENT(.gnu.linkonce.t.*))
 *(SORT_BY_ALIGNMENT(.glue_7t))
 .glue_7t       0x0000000000007b48        0x0 linker stubs
 *(SORT_BY_ALIGNMENT(.glue_7))
 .glue_7        0x0000000000007b48        0x0 linker stubs
 *(SORT_BY_ALIGNMENT(.vfp11_veneer))
 .vfp11_veneer  0x0000000000007b48        0x0 linker stubs
 *(SORT_BY_ALIGNMENT(.v4_bx))
 .v4_bx         0x0000000000007b48        0x0 linker stubs
                0x0000000000007b48                . = ALIGN (0x4)
                0x0000000000007b48                __text_region_end = .

.ARM.exidx      0x0000000000007b48        0x8
                0x0000000000007b48                __exidx_start = .
 *(SORT_BY_ALIGNMENT(.ARM.exidx*) SORT_BY_ALIGNMENT(gnu.linkonce.armexidx.*))
 .ARM.exidx     0x0000000000007b48        0x8 d:/ncs-d/toolchains/ce3b5ff664/opt/zephyr-sdk/arm-zephyr-eabi/bin/../lib/gcc/arm-zephyr-eabi/12.2.0/thumb/v7-m/nofp\libgcc.a(_udivmoddi4.o)
 .ARM.exidx     0x0000000000007b50        0x0 d:\ncs-d\toolchains\ce3b5ff664\opt\zephyr-sdk\arm-zephyr-eabi\bin\../lib/gcc/../../picolibc/arm-zephyr-eabi/lib/thumb/v7-m/nofp\libc.a(strlen.S.o)
                                          0x8 (size before relaxing)
                0x0000000000007b50                __exidx_end = .
                0x0000000000007b50                __rodata_region_start = .

initlevel       0x0000000000007b50       0x50
                0x0000000000007b50                __init_start = .
                0x0000000000007b50                __init_EARLY_start = .
 *(SORT_BY_NAME(SORT_BY_ALIGNMENT(.z_init_EARLY?_*)))
 *(SORT_BY_NAME(SORT_BY_ALIGNMENT(.z_init_EARLY??_*)))
                0x0000000000007b50                __init_PRE_KERNEL_1_start = .
 *(SORT_BY_NAME(SORT_BY_ALIGNMENT(.z_init_PRE_KERNEL_1?_*)))
 *(SORT_BY_NAME(SORT_BY_ALIGNMENT(.z_init_PRE_KERNEL_1??_*)))
 .z_init_PRE_KERNEL_150_00018_
                0x0000000000007b50        0x8 zephyr/drivers/serial/libdrivers__serial.a(uart_stellaris.c.obj)
 .z_init_PRE_KERNEL_150_00019_
                0x0000000000007b58        0x8 zephyr/drivers/serial/libdrivers__serial.a(uart_stellaris.c.obj)
 .z_init_PRE_KERNEL_150_00022_
                0x0000000000007b60        0x8 zephyr/drivers/serial/libdrivers__serial.a(uart_stellaris.c.obj)
 .z_init_PRE_KERNEL_150_0_
                0x0000000000007b68        0x8 zephyr/soc/soc/ti_lm3s6965/libsoc__ti__lm3s6965.a(soc_config.c.obj)
 .z_init_PRE_KERNEL_160_0_
                0x0000000000007b70        0x8 zephyr/drivers/console/libdrivers__console.a(uart_console.c.obj)
                0x0000000000007b78                __init_PRE_KERNEL_2_start = .
 *(SORT_BY_NAME(SORT_BY_ALIGNMENT(.z_init_PRE_KERNEL_2?_*)))
 .z_init_PRE_KERNEL_20_0_
                0x0000000000007b78        0x8 zephyr/drivers/timer/libdrivers__timer.a(cortex_m_systick.c.obj)
 *(SORT_BY_NAME(SORT_BY_ALIGNMENT(.z_init_PRE_KERNEL_2??_*)))
                0x0000000000007b80                __init_POST_KERNEL_start = .
 *(SORT_BY_NAME(SORT_BY_ALIGNMENT(.z_init_POST_KERNEL?_*)))
 .z_init_POST_KERNEL0_0_
                0x0000000000007b80        0x8 zephyr/libzephyr.a(log_core.c.obj)
 *(SORT_BY_NAME(SORT_BY_ALIGNMENT(.z_init_POST_KERNEL??_*)))
 .z_init_POST_KERNEL40_0_
                0x0000000000007b88        0x8 zephyr/lib/libc/common/liblib__libc__common.a(malloc.c.obj)
 .z_init_POST_KERNEL40_0_
                0x0000000000007b90        0x8 zephyr/kernel/libkernel.a(system_work_q.c.obj)
 .z_init_POST_KERNEL80_00023_
                0x0000000000007b98        0x8 zephyr/drivers/gnss/libdrivers__gnss.a(gnss_nmea_generic.c.obj)
                0x0000000000007ba0                __init_APPLICATION_start = .
 *(SORT_BY_NAME(SORT_BY_ALIGNMENT(.z_init_APPLICATION?_*)))
 *(SORT_BY_NAME(SORT_BY_ALIGNMENT(.z_init_APPLICATION??_*)))
                0x0000000000007ba0                __init_SMP_start = .
 *(SORT_BY_NAME(SORT_BY_ALIGNMENT(.z_init_SMP?_*)))
 *(SORT_BY_NAME(SORT_BY_ALIGNMENT(.z_init_SMP??_*)))
                0x0000000000007ba0                __init_end = .
                0x0000000000007ba0                __deferred_init_list_start = .
 *(SORT_BY_ALIGNMENT(.z_deferred_init))
                0x0000000000007ba0                __deferred_init_list_end = .

device_area     0x0000000000007ba0       0x60
                0x0000000000007ba0                _device_list_start = .
 *(SORT_BY_NAME(SORT_BY_ALIGNMENT(._device.static.*_?_*)))
 *(SORT_BY_NAME(SORT_BY_ALIGNMENT(._device.static.*_??_*)))
 ._device.static.1_50_
                0x0000000000007ba0       0x48 zephyr/drivers/serial/libdrivers__serial.a(uart_stellaris.c.obj)
                0x0000000000007ba0                __device_dts_ord_19
                0x0000000000007bb8                __device_dts_ord_22
                0x0000000000007bd0                __device_dts_ord_18
 ._device.static.3_80_
                0x0000000000007be8       0x18 zephyr/drivers/gnss/libdrivers__gnss.a(gnss_nmea_generic.c.obj)
                0x0000000000007be8                __device_dts_ord_23
                0x0000000000007c00                _device_list_end = .

sw_isr_table    0x0000000000007c00      0x158
                0x0000000000007c00                . = ALIGN (0x4)
 *(SORT_BY_ALIGNMENT(.gnu.linkonce.sw_isr_table*))
 .gnu.linkonce.sw_isr_table
                0x0000000000007c00      0x158 zephyr/CMakeFiles/zephyr_final.dir/isr_tables.c.obj
                0x0000000000007c00                _sw_isr_table

initlevel_error
                0x0000000000007b50        0x0
 *(SORT_BY_NAME(SORT_BY_ALIGNMENT(.z_init_[_A-Z0-9]*)))
                0x0000000000000001                ASSERT ((SIZEOF (initlevel_error) == 0x0), Undefined initialization levels used.)

app_shmem_regions
                0x0000000000007d58        0x0
                0x0000000000007d58                __app_shmem_regions_start = .
 *(SORT_BY_NAME(SORT_BY_ALIGNMENT(.app_regions.*)))
                0x0000000000007d58                __app_shmem_regions_end = .

k_p4wq_initparam_area
                0x0000000000007d58        0x0
                0x0000000000007d58                _k_p4wq_initparam_list_start = .
 *(SORT_BY_NAME(SORT_BY_ALIGNMENT(._k_p4wq_initparam.static.*)))
                0x0000000000007d58                _k_p4wq_initparam_list_end = .

_static_thread_data_area
                0x0000000000007d58        0x0
                0x0000000000007d58                __static_thread_data_list_start = .
 *(SORT_BY_NAME(SORT_BY_ALIGNMENT(.__static_thread_data.static.*)))
                0x0000000000007d58                __static_thread_data_list_end = .

device_deps     0x0000000000007d58        0x0
                0x0000000000007d58                __device_deps_start = .
 *(SORT_BY_NAME(SORT_BY_ALIGNMENT(.__device_deps_pass2*)))
                0x0000000000007d58                __device_deps_end = .

ztest           0x0000000000007d58        0x0
                0x0000000000007d58                _ztest_expected_result_entry_list_start = .
 *(SORT_BY_NAME(SORT_BY_ALIGNMENT(._ztest_expected_result_entry.static.*)))
                0x0000000000007d58                _ztest_expected_result_entry_list_end = .
                0x0000000000007d58                _ztest_suite_node_list_start = .
 *(SORT_BY_NAME(SORT_BY_ALIGNMENT(._ztest_suite_node.static.*)))
                0x0000000000007d58                _ztest_suite_node_list_end = .
                0x0000000000007d58                _ztest_unit_test_list_start = .
 *(SORT_BY_NAME(SORT_BY_ALIGNMENT(._ztest_unit_test.static.*)))
                0x0000000000007d58                _ztest_unit_test_list_end = .
                0x0000000000007d58                _ztest_test_rule_list_start = .
 *(SORT_BY_NAME(SORT_BY_ALIGNMENT(._ztest_test_rule.static.*)))
                0x0000000000007d58                _ztest_test_rule_list_end = .

bt_l2cap_fixed_chan_area
                0x0000000000007d58        0x0
                0x0000000000007d58                _bt_l2cap_fixed_chan_list_start = .
 *(SORT_BY_NAME(SORT_BY_ALIGNMENT(._bt_l2cap_fixed_chan.static.*)))
                0x0000000000007d58                _bt_l2cap_fixed_chan_list_end = .

bt_gatt_service_static_area
                0x0000000000007d58        0x0
                0x0000000000007d58                _bt_gatt_service_static_list_start = .
 *(SORT_BY_NAME(SORT_BY_ALIGNMENT(._bt_gatt_service_static.static.*)))
                0x0000000000007d58                _bt_gatt_service_static_list_end = .

log_strings_area
                0x0000000000007d58        0x0
                0x0000000000007d58                _log_strings_list_start = .
 *(SORT_BY_NAME(SORT_BY_ALIGNMENT(._log_strings.static.*)))
                0x0000000000007d58                _log_strings_list_end = .

log_const_area  0x0000000000007d58       0x58
                0x0000000000007d58                _log_const_list_start = .
 *(SORT_BY_NAME(SORT_BY_ALIGNMENT(._log_const.static.*)))
 ._log_const.static.log_const_cbprintf_package_
                0x0000000000007d58        0x8 zephyr/libzephyr.a(cbprintf_packaged.c.obj)
                0x0000000000007d58                log_const_cbprintf_package
 ._log_const.static.log_const_gnss_nmea_generic_
                0x0000000000007d60        0x8 zephyr/drivers/gnss/libdrivers__gnss.a(gnss_nmea_generic.c.obj)
                0x0000000000007d60                log_const_gnss_nmea_generic
 ._log_const.static.log_const_log_
                0x0000000000007d68        0x8 zephyr/libzephyr.a(log_core.c.obj)
                0x0000000000007d68                log_const_log
 ._log_const.static.log_const_log_mgmt_
                0x0000000000007d70        0x8 zephyr/libzephyr.a(log_mgmt.c.obj)
                0x0000000000007d70                log_const_log_mgmt
 ._log_const.static.log_const_log_uart_
                0x0000000000007d78        0x8 zephyr/libzephyr.a(log_backend_uart.c.obj)
                0x0000000000007d78                log_const_log_uart
 ._log_const.static.log_const_main_
                0x0000000000007d80        0x8 app/libapp.a(main.c.obj)
                0x0000000000007d80                log_const_main
 ._log_const.static.log_const_modem_backend_uart_isr_
                0x0000000000007d88        0x8 zephyr/subsys/modem/backends/libsubsys__modem__backends.a(modem_backend_uart_isr.c.obj)
                0x0000000000007d88                log_const_modem_backend_uart_isr
 ._log_const.static.log_const_modem_chat_
                0x0000000000007d90        0x8 zephyr/subsys/modem/libsubsys__modem.a(modem_chat.c.obj)
                0x0000000000007d90                log_const_modem_chat
 ._log_const.static.log_const_modem_pipe_
                0x0000000000007d98        0x8 zephyr/subsys/modem/libsubsys__modem.a(modem_pipe.c.obj)
                0x0000000000007d98                log_const_modem_pipe
 ._log_const.static.log_const_os_
                0x0000000000007da0        0x8 zephyr/kernel/libkernel.a(init.c.obj)
                0x0000000000007da0                log_const_os
 ._log_const.static.log_const_pm_device_
                0x0000000000007da8        0x8 zephyr/libzephyr.a(device.c.obj)
                0x0000000000007da8                log_const_pm_device
                0x0000000000007db0                _log_const_list_end = .

log_backend_area
                0x0000000000007db0       0x10
                0x0000000000007db0                _log_backend_list_start = .
 *(SORT_BY_NAME(SORT_BY_ALIGNMENT(._log_backend.static.*)))
 ._log_backend.static.log_backend_uart_
                0x0000000000007db0       0x10 zephyr/libzephyr.a(log_backend_uart.c.obj)
                0x0000000000007dc0                _log_backend_list_end = .

log_link_area   0x0000000000007dc0        0x0
                0x0000000000007dc0                _log_link_list_start = .
 *(SORT_BY_NAME(SORT_BY_ALIGNMENT(._log_link.static.*)))
                0x0000000000007dc0                _log_link_list_end = .

tracing_backend_area
                0x0000000000007dc0        0x0
                0x0000000000007dc0                _tracing_backend_list_start = .
 *(SORT_BY_NAME(SORT_BY_ALIGNMENT(._tracing_backend.static.*)))
                0x0000000000007dc0                _tracing_backend_list_end = .

zephyr_dbg_info
 *(SORT_BY_ALIGNMENT(.dbg_thread_info))

symbol_to_keep  0x0000000000007dc0        0x0
                0x0000000000007dc0                __symbol_to_keep_start = .
 *(SORT_BY_NAME(SORT_BY_ALIGNMENT(.symbol_to_keep*)))
                0x0000000000007dc0                __symbol_to_keep_end = .

shell_area      0x0000000000007dc0        0x0
                0x0000000000007dc0                _shell_list_start = .
 *(SORT_BY_NAME(SORT_BY_ALIGNMENT(._shell.static.*)))
                0x0000000000007dc0                _shell_list_end = .

shell_root_cmds_area
                0x0000000000007dc0        0x0
                0x0000000000007dc0                _shell_root_cmds_list_start = .
 *(SORT_BY_NAME(SORT_BY_ALIGNMENT(._shell_root_cmds.static.*)))
                0x0000000000007dc0                _shell_root_cmds_list_end = .

shell_subcmds_area
                0x0000000000007dc0        0x0
                0x0000000000007dc0                _shell_subcmds_list_start = .
 *(SORT_BY_NAME(SORT_BY_ALIGNMENT(._shell_subcmds.static.*)))
                0x0000000000007dc0                _shell_subcmds_list_end = .

shell_dynamic_subcmds_area
                0x0000000000007dc0        0x0
                0x0000000000007dc0                _shell_dynamic_subcmds_list_start = .
 *(SORT_BY_NAME(SORT_BY_ALIGNMENT(._shell_dynamic_subcmds.static.*)))
                0x0000000000007dc0                _shell_dynamic_subcmds_list_end = .

cfb_font_area   0x0000000000007dc0        0x0
                0x0000000000007dc0                _cfb_font_list_start = .
 *(SORT_BY_NAME(SORT_BY_ALIGNMENT(._cfb_font.static.*)))
                0x0000000000007dc0                _cfb_font_list_end = .

gnss_data_callback_area
                0x0000000000007dc0       0x10
                0x0000000000007dc0                _gnss_data_callback_list_start = .
 *(SORT_BY_NAME(SORT_BY_ALIGNMENT(._gnss_data_callback.static.*)))
 ._gnss_data_callback.static._gnss_data_callback__gnss_data_cb_
                0x0000000000007dc0        0x8 app/libapp.a(main.c.obj)
 ._gnss_data_callback.static._gnss_data_callback__gnss_dump_data_to_log_
                0x0000000000007dc8        0x8 zephyr/drivers/gnss/libdrivers__gnss.a(gnss_dump.c.obj)
                0x0000000000007dd0                _gnss_data_callback_list_end = .

gnss_satellites_callback_area
                0x0000000000007dd0        0x8
                0x0000000000007dd0                _gnss_satellites_callback_list_start = .
 *(SORT_BY_NAME(SORT_BY_ALIGNMENT(._gnss_satellites_callback.static.*)))
 ._gnss_satellites_callback.static._gnss_satellites_callback__gnss_dump_satellites_to_log_
                0x0000000000007dd0        0x8 zephyr/drivers/gnss/libdrivers__gnss.a(gnss_dump.c.obj)
                0x0000000000007dd8                _gnss_satellites_callback_list_end = .

tdata           0x0000000000007dd8        0x0
 *(SORT_BY_ALIGNMENT(.tdata) SORT_BY_ALIGNMENT(.tdata.*) SORT_BY_ALIGNMENT(.gnu.linkonce.td.*))

tbss            0x0000000000007dd8        0x8
 *(SORT_BY_ALIGNMENT(.tbss) SORT_BY_ALIGNMENT(.tbss.*) SORT_BY_ALIGNMENT(.gnu.linkonce.tb.*) SORT_BY_ALIGNMENT(.tcommon))
 .tbss.z_tls_current
                0x0000000000007dd8        0x4 zephyr/libzephyr.a(thread_entry.c.obj)
                0x0000000000007dd8                z_tls_current
 .tbss.errno    0x0000000000007ddc        0x4 d:\ncs-d\toolchains\ce3b5ff664\opt\zephyr-sdk\arm-zephyr-eabi\bin\../lib/gcc/../../picolibc/arm-zephyr-eabi/lib/thumb/v7-m/nofp\libc.a(libc_errno_errno.c.o)
                0x0000000000007ddc                errno
                0x0000000000007dd8                PROVIDE (__tdata_start = LOADADDR (tdata))
                0x0000000000000001                PROVIDE (__tdata_align = ALIGNOF (tdata))
                0x0000000000000000                PROVIDE (__tdata_size = (((SIZEOF (tdata) + __tdata_align) - 0x1) & ~ ((__tdata_align - 0x1))))
                [!provide]                        PROVIDE (__tdata_end = (__tdata_start + __tdata_size))
                0x0000000000000004                PROVIDE (__tbss_align = ALIGNOF (tbss))
                [!provide]                        PROVIDE (__tbss_start = ADDR (tbss))
                0x0000000000000008                PROVIDE (__tbss_size = (((SIZEOF (tbss) + __tbss_align) - 0x1) & ~ ((__tbss_align - 0x1))))
                [!provide]                        PROVIDE (__tbss_end = (__tbss_start + __tbss_size))
                [!provide]                        PROVIDE (__tls_start = __tdata_start)
                [!provide]                        PROVIDE (__tls_end = __tbss_end)
                [!provide]                        PROVIDE (__tls_size = (__tbss_end - __tdata_start))

rodata          0x0000000000007dd8     0x1174
 *(SORT_BY_ALIGNMENT(.rodata))
 .rodata        0x0000000000007dd8        0x8 zephyr/kernel/libkernel.a(system_work_q.c.obj)
 .rodata        0x0000000000007de0        0x3 zephyr/drivers/gnss/libdrivers__gnss.a(gnss_nmea0183.c.obj)
 *(SORT_BY_ALIGNMENT(.rodata.*))
 *fill*         0x0000000000007de3        0x5 
 .rodata.DOUBLE_POW5_TABLE
                0x0000000000007de8       0xd0 d:\ncs-d\toolchains\ce3b5ff664\opt\zephyr-sdk\arm-zephyr-eabi\bin\../lib/gcc/../../picolibc/arm-zephyr-eabi/lib/thumb/v7-m/nofp\libc.a(libc_tinystdio_ryu_table.c.o)
 .rodata.DOUBLE_POW5_SPLIT2
                0x0000000000007eb8       0xd0 d:\ncs-d\toolchains\ce3b5ff664\opt\zephyr-sdk\arm-zephyr-eabi\bin\../lib/gcc/../../picolibc/arm-zephyr-eabi/lib/thumb/v7-m/nofp\libc.a(libc_tinystdio_ryu_table.c.o)
 .rodata.DOUBLE_POW5_INV_SPLIT2
                0x0000000000007f88       0xf0 d:\ncs-d\toolchains\ce3b5ff664\opt\zephyr-sdk\arm-zephyr-eabi\bin\../lib/gcc/../../picolibc/arm-zephyr-eabi/lib/thumb/v7-m/nofp\libc.a(libc_tinystdio_ryu_table.c.o)
 .rodata.format_table
                0x0000000000008078       0x10 zephyr/libzephyr.a(log_core.c.obj)
 .rodata.colors
                0x0000000000008088       0x14 zephyr/libzephyr.a(log_output.c.obj)
 .rodata.severity
                0x000000000000809c       0x14 zephyr/libzephyr.a(log_output.c.obj)
 .rodata.lbu_cb_ctx
                0x00000000000080b0        0x8 zephyr/libzephyr.a(log_backend_uart.c.obj)
 .rodata.lbu_output
                0x00000000000080b8       0x10 zephyr/libzephyr.a(log_backend_uart.c.obj)
 .rodata.log_backend_uart_api
                0x00000000000080c8       0x1c zephyr/libzephyr.a(log_backend_uart.c.obj)
                0x00000000000080c8                log_backend_uart_api
 .rodata.modem_chat_empty_script_chats
                0x00000000000080e4        0x0 zephyr/subsys/modem/libsubsys__modem.a(modem_chat.c.obj)
                0x00000000000080e4                modem_chat_empty_script_chats
 .rodata.modem_chat_empty_matches
                0x00000000000080e4        0x0 zephyr/subsys/modem/libsubsys__modem.a(modem_chat.c.obj)
                0x00000000000080e4                modem_chat_empty_matches
 .rodata.CSWTCH.11
                0x00000000000080e4       0x1c zephyr/drivers/gnss/libdrivers__gnss.a(gnss_dump.c.obj)
 .rodata.CSWTCH.9
                0x0000000000008100       0x10 zephyr/drivers/gnss/libdrivers__gnss.a(gnss_dump.c.obj)
 .rodata.gnss_nmea_generic_init_chat_script
                0x0000000000008110       0x1c zephyr/drivers/gnss/libdrivers__gnss.a(gnss_nmea_generic.c.obj)
 .rodata.unsol_matches
                0x000000000000812c       0x3c zephyr/drivers/gnss/libdrivers__gnss.a(gnss_nmea_generic.c.obj)
 .rodata.uart_stellaris_dev_cfg_2
                0x0000000000008168        0xc zephyr/drivers/serial/libdrivers__serial.a(uart_stellaris.c.obj)
 .rodata.uart_stellaris_dev_cfg_0
                0x0000000000008174        0xc zephyr/drivers/serial/libdrivers__serial.a(uart_stellaris.c.obj)
 .rodata.uart_stellaris_driver_api
                0x0000000000008180       0x4c zephyr/drivers/serial/libdrivers__serial.a(uart_stellaris.c.obj)
 .rodata.CSWTCH.14
                0x00000000000081cc       0x14 zephyr/kernel/libkernel.a(fatal.c.obj)
 .rodata.levels.0
                0x00000000000081e0       0x18 zephyr/kernel/libkernel.a(init.c.obj)
 .rodata.POW5_OFFSETS
                0x00000000000081f8       0x54 d:\ncs-d\toolchains\ce3b5ff664\opt\zephyr-sdk\arm-zephyr-eabi\bin\../lib/gcc/../../picolibc/arm-zephyr-eabi/lib/thumb/v7-m/nofp\libc.a(libc_tinystdio_ryu_table.c.o)
 .rodata.POW5_INV_OFFSETS
                0x000000000000824c       0x54 d:\ncs-d\toolchains\ce3b5ff664\opt\zephyr-sdk\arm-zephyr-eabi\bin\../lib/gcc/../../picolibc/arm-zephyr-eabi/lib/thumb/v7-m/nofp\libc.a(libc_tinystdio_ryu_table.c.o)
 .rodata.gnss_dump_nav_data2.str1.1
                0x00000000000082a0       0xb3 app/libapp.a(main.c.obj)
                                         0xb4 (size before relaxing)
 .rodata.gnss_data_cb.str1.1
                0x0000000000008353       0x42 app/libapp.a(main.c.obj)
 .rodata.main.str1.1
                0x0000000000008395       0x37 app/libapp.a(main.c.obj)
 .rodata.str1.1
                0x00000000000083cc        0x5 app/libapp.a(main.c.obj)
 .rodata.str1.1
                0x00000000000083d1       0x11 zephyr/libzephyr.a(cbprintf_packaged.c.obj)
 .rodata.str1.1
                0x00000000000083e2        0x4 zephyr/libzephyr.a(log_core.c.obj)
 .rodata.str1.1
                0x00000000000083e6        0x9 zephyr/libzephyr.a(log_mgmt.c.obj)
 .rodata.newline_print.str1.1
                0x00000000000083ef        0x9 zephyr/libzephyr.a(log_output.c.obj)
                                          0x5 (size before relaxing)
 .rodata.log_output_process.str1.1
                0x00000000000083ef       0x4c zephyr/libzephyr.a(log_output.c.obj)
                                         0x51 (size before relaxing)
 .rodata.str1.1
                0x000000000000843b       0x20 zephyr/libzephyr.a(log_output.c.obj)
 .rodata.str1.1
                0x000000000000845b       0x1a zephyr/libzephyr.a(log_backend_uart.c.obj)
 .rodata.str1.1
                0x0000000000008475       0x1f zephyr/libzephyr.a(device.c.obj)
 .rodata.action_expected_state
                0x0000000000008494        0x4 zephyr/libzephyr.a(device.c.obj)
 .rodata.action_target_state
                0x0000000000008498        0x4 zephyr/libzephyr.a(device.c.obj)
 .rodata.boot_banner.str1.1
                0x000000000000849c       0x67 zephyr/libzephyr.a(banner.c.obj)
 .rodata.z_arm_fatal_error.str1.1
                0x0000000000008503       0xae zephyr/arch/arch/arm/core/libarch__arm__core.a(fatal.c.obj)
 .rodata.mem_manage_fault.constprop.0.str1.1
                0x00000000000085b1       0xa9 zephyr/arch/arch/arm/core/cortex_m/libarch__arm__core__cortex_m.a(fault.c.obj)
 .rodata.bus_fault.constprop.0.str1.1
                0x000000000000865a       0x88 zephyr/arch/arch/arm/core/cortex_m/libarch__arm__core__cortex_m.a(fault.c.obj)
 .rodata.usage_fault.constprop.0.str1.1
                0x00000000000086e2       0xcd zephyr/arch/arch/arm/core/cortex_m/libarch__arm__core__cortex_m.a(fault.c.obj)
 .rodata.z_arm_fault.str1.1
                0x00000000000087af      0x111 zephyr/arch/arch/arm/core/cortex_m/libarch__arm__core__cortex_m.a(fault.c.obj)
 .rodata.modem_chat_send_script_request_part.str1.1
                0x00000000000088c0       0x25 zephyr/subsys/modem/libsubsys__modem.a(modem_chat.c.obj)
 .rodata.modem_chat_script_stop.str1.1
                0x00000000000088e5       0x2b zephyr/subsys/modem/libsubsys__modem.a(modem_chat.c.obj)
 .rodata.modem_chat_script_next.str1.1
                0x0000000000008910       0x23 zephyr/subsys/modem/libsubsys__modem.a(modem_chat.c.obj)
 .rodata.modem_chat_on_command_received.str1.1
                0x0000000000008933       0x1a zephyr/subsys/modem/libsubsys__modem.a(modem_chat.c.obj)
 .rodata.modem_chat_process_handler.str1.1
                0x000000000000894d       0x5c zephyr/subsys/modem/libsubsys__modem.a(modem_chat.c.obj)
                                         0x5d (size before relaxing)
 .rodata.modem_chat_script_run_handler.str1.1
                0x00000000000089a9       0x17 zephyr/subsys/modem/libsubsys__modem.a(modem_chat.c.obj)
 .rodata.__func__.0
                0x00000000000089c0       0x20 zephyr/subsys/modem/libsubsys__modem.a(modem_chat.c.obj)
 .rodata.__func__.1
                0x00000000000089e0       0x27 zephyr/subsys/modem/libsubsys__modem.a(modem_chat.c.obj)
 .rodata.__func__.2
                0x0000000000008a07       0x18 zephyr/subsys/modem/libsubsys__modem.a(modem_chat.c.obj)
 .rodata.__func__.3
                0x0000000000008a1f       0x17 zephyr/subsys/modem/libsubsys__modem.a(modem_chat.c.obj)
 .rodata.__func__.4
                0x0000000000008a36       0x17 zephyr/subsys/modem/libsubsys__modem.a(modem_chat.c.obj)
 .rodata.str1.1
                0x0000000000008a4d        0xb zephyr/subsys/modem/libsubsys__modem.a(modem_chat.c.obj)
 .rodata.str1.1
                0x0000000000008a58        0xb zephyr/subsys/modem/libsubsys__modem.a(modem_pipe.c.obj)
 .rodata.z_log_msg_runtime_create.constprop.0.str1.1
                0x0000000000008a63       0x17 zephyr/subsys/modem/backends/libsubsys__modem__backends.a(modem_backend_uart_isr.c.obj)
 .rodata.str1.1
                0x0000000000008a7a       0x17 zephyr/subsys/modem/backends/libsubsys__modem__backends.a(modem_backend_uart_isr.c.obj)
 .rodata.gnss_publish_data.str1.1
                0x0000000000008a91       0x12 zephyr/drivers/gnss/libdrivers__gnss.a(gnss_publish.c.obj)
 .rodata.z_log_msg_runtime_create.constprop.0.str1.1
                0x0000000000008aa3        0x9 zephyr/drivers/gnss/libdrivers__gnss.a(gnss_dump.c.obj)
 .rodata.gnss_dump_info.str1.1
                0x0000000000008aac       0x56 zephyr/drivers/gnss/libdrivers__gnss.a(gnss_dump.c.obj)
 .rodata.gnss_dump_nav_data.str1.1
                0x0000000000008b02       0x7b zephyr/drivers/gnss/libdrivers__gnss.a(gnss_dump.c.obj)
                                         0x7e (size before relaxing)
 .rodata.gnss_dump_time.str1.1
                0x0000000000008b7d       0x5d zephyr/drivers/gnss/libdrivers__gnss.a(gnss_dump.c.obj)
 .rodata.gnss_dump_satellite.str1.1
                0x0000000000008bda       0x89 zephyr/drivers/gnss/libdrivers__gnss.a(gnss_dump.c.obj)
 .rodata.str1.1
                0x0000000000008c63       0x53 zephyr/drivers/gnss/libdrivers__gnss.a(gnss_dump.c.obj)
                                         0x60 (size before relaxing)
 .rodata.gnss_nmea0183_parse_rmc.str1.1
                0x0000000000008cb6       0x8a zephyr/drivers/gnss/libdrivers__gnss.a(gnss_nmea0183.c.obj)
 .rodata.gnss_nmea0183_match_publish.str1.1
                0x0000000000008d40       0x11 zephyr/drivers/gnss/libdrivers__gnss.a(gnss_nmea0183_match.c.obj)
                                         0x27 (size before relaxing)
 .rodata.gnss_nmea0183_match_gga_callback.str1.1
                0x0000000000008d51       0x54 zephyr/drivers/gnss/libdrivers__gnss.a(gnss_nmea0183_match.c.obj)
 .rodata.gnss_nmea0183_match_rmc_callback.str1.1
                0x0000000000008da5       0x3a zephyr/drivers/gnss/libdrivers__gnss.a(gnss_nmea0183_match.c.obj)
                                         0x53 (size before relaxing)
 .rodata.str1.1
                0x0000000000008ddf       0x62 zephyr/drivers/gnss/libdrivers__gnss.a(gnss_nmea_generic.c.obj)
 .rodata.str1.1
                0x0000000000008e41       0x2a zephyr/drivers/serial/libdrivers__serial.a(uart_stellaris.c.obj)
 .rodata.k_sys_fatal_error_handler.str1.1
                0x0000000000008e6b        0xf zephyr/kernel/libkernel.a(fatal.c.obj)
 .rodata.z_fatal_error.str1.1
                0x0000000000008e7a       0x6f zephyr/kernel/libkernel.a(fatal.c.obj)
                                         0x77 (size before relaxing)
 .rodata.str1.1
                0x0000000000008ee9       0x4a zephyr/kernel/libkernel.a(fatal.c.obj)
 .rodata.z_cstart.str1.1
                0x0000000000008f33        0x5 zephyr/kernel/libkernel.a(init.c.obj)
 .rodata.str1.1
                0x0000000000008f33        0x3 zephyr/kernel/libkernel.a(init.c.obj)
 .rodata.str1.1
                0x0000000000008f36        0x9 zephyr/kernel/libkernel.a(system_work_q.c.obj)
 .rodata.vfprintf.str1.1
                0x0000000000008f3f        0xb d:\ncs-d\toolchains\ce3b5ff664\opt\zephyr-sdk\arm-zephyr-eabi\bin\../lib/gcc/../../picolibc/arm-zephyr-eabi/lib/thumb/v7-m/nofp\libc.a(libc_tinystdio_vfprintf.c.o)
                                          0xf (size before relaxing)
 *(SORT_BY_ALIGNMENT(.gnu.linkonce.r.*))
                0x0000000000008f4c                . = ALIGN (0x4)
 *fill*         0x0000000000008f4a        0x2 
                0x0000000000008f4c                __rodata_region_end = .
                0x0000000000008f4c                . = ALIGN (_region_min_align)
                0x0000000000008f4c                __rom_region_end = ((__rom_region_start + .) - ADDR (rom_start))

/DISCARD/
 *(SORT_BY_ALIGNMENT(.got.plt))
 *(SORT_BY_ALIGNMENT(.igot.plt))
 *(SORT_BY_ALIGNMENT(.got))
 *(SORT_BY_ALIGNMENT(.igot))
                0x0000000020000000                . = 0x20000000
                0x0000000020000000                . = ALIGN (_region_min_align)
                0x0000000020000000                _image_ram_start = .

.ramfunc        0x0000000020000000        0x0 load address 0x0000000000008f4c
                0x0000000020000000                . = ALIGN (_region_min_align)
                0x0000000020000000                __ramfunc_start = .
 *(SORT_BY_ALIGNMENT(.ramfunc))
 *(SORT_BY_ALIGNMENT(.ramfunc.*))
                0x0000000020000000                . = ALIGN (_region_min_align)
                0x0000000020000000                __ramfunc_end = .
                0x0000000000000000                __ramfunc_size = (__ramfunc_end - __ramfunc_start)
                0x0000000000008f4c                __ramfunc_load_start = LOADADDR (.ramfunc)

datas           0x0000000020000000       0x87 load address 0x0000000000008f4c
                0x0000000020000000                __data_region_start = .
                0x0000000020000000                __data_start = .
 *(SORT_BY_ALIGNMENT(.data))
 *(SORT_BY_ALIGNMENT(.data.*))
 .data.uart1_dev
                0x0000000020000000        0x4 app/libapp.a(main.c.obj)
                0x0000000020000000                uart1_dev
 .data._char_out
                0x0000000020000004        0x4 zephyr/libzephyr.a(printk.c.obj)
                0x0000000020000004                _char_out
 .data.timestamp_func
                0x0000000020000008        0x4 zephyr/libzephyr.a(log_core.c.obj)
 .data.backend_cb_log_backend_uart
                0x000000002000000c        0x8 zephyr/libzephyr.a(log_backend_uart.c.obj)
 .data.__stdout
                0x0000000020000014       0x10 zephyr/lib/libc/picolibc/liblib__libc__picolibc.a(libc-hooks.c.obj)
 .data.modem_backend_uart_isr_api
                0x0000000020000024       0x10 zephyr/subsys/modem/backends/libsubsys__modem__backends.a(modem_backend_uart_isr.c.obj)
                0x0000000020000024                modem_backend_uart_isr_api
 .data.__pm_device_dts_ord_23
                0x0000000020000034       0x10 zephyr/drivers/gnss/libdrivers__gnss.a(gnss_nmea_generic.c.obj)
 .data.gnss_nmea_generic_cfg_0
                0x0000000020000044        0x8 zephyr/drivers/gnss/libdrivers__gnss.a(gnss_nmea_generic.c.obj)
 .data.uart_stellaris_dev_data_2
                0x000000002000004c        0xc zephyr/drivers/serial/libdrivers__serial.a(uart_stellaris.c.obj)
 .data.uart_stellaris_dev_data_1
                0x0000000020000058        0xc zephyr/drivers/serial/libdrivers__serial.a(uart_stellaris.c.obj)
 .data.uart_stellaris_dev_cfg_1