Archive member included to satisfy reference by file (symbol)

app/libapp.a(main.c.obj)      (--whole-archive)
app/libapp.a(mqtt.c.obj)      (--whole-archive)
app/libapp.a(FIFO.c.obj)      (--whole-archive)
zephyr/libzephyr.a(crc32c_sw.c.obj)
                              (--whole-archive)
zephyr/libzephyr.a(crc32_sw.c.obj)
                              (--whole-archive)
zephyr/libzephyr.a(crc24_sw.c.obj)
                              (--whole-archive)
zephyr/libzephyr.a(crc16_sw.c.obj)
                              (--whole-archive)
zephyr/libzephyr.a(crc8_sw.c.obj)
                              (--whole-archive)
zephyr/libzephyr.a(crc7_sw.c.obj)
                              (--whole-archive)
zephyr/libzephyr.a(crc4_sw.c.obj)
                              (--whole-archive)
zephyr/libzephyr.a(heap.c.obj)
                              (--whole-archive)
zephyr/libzephyr.a(cbprintf_packaged.c.obj)
                              (--whole-archive)
zephyr/libzephyr.a(printk.c.obj)
                              (--whole-archive)
zephyr/libzephyr.a(sem.c.obj)
                              (--whole-archive)
zephyr/libzephyr.a(thread_entry.c.obj)
                              (--whole-archive)
zephyr/libzephyr.a(fdtable.c.obj)
                              (--whole-archive)
zephyr/libzephyr.a(cbprintf_complete.c.obj)
                              (--whole-archive)
zephyr/libzephyr.a(assert.c.obj)
                              (--whole-archive)
zephyr/libzephyr.a(dec.c.obj)
                              (--whole-archive)
zephyr/libzephyr.a(hex.c.obj)
                              (--whole-archive)
zephyr/libzephyr.a(rb.c.obj)  (--whole-archive)
zephyr/libzephyr.a(timeutil.c.obj)
                              (--whole-archive)
zephyr/libzephyr.a(bitarray.c.obj)
                              (--whole-archive)
zephyr/libzephyr.a(json.c.obj)
                              (--whole-archive)
zephyr/libzephyr.a(ring_buffer.c.obj)
                              (--whole-archive)
zephyr/libzephyr.a(configs.c.obj)
                              (--whole-archive)
zephyr/libzephyr.a(log_core.c.obj)
                              (--whole-archive)
zephyr/libzephyr.a(log_mgmt.c.obj)
                              (--whole-archive)
zephyr/libzephyr.a(log_cache.c.obj)
                              (--whole-archive)
zephyr/libzephyr.a(log_msg.c.obj)
                              (--whole-archive)
zephyr/libzephyr.a(log_output.c.obj)
                              (--whole-archive)
zephyr/libzephyr.a(log_backend_uart.c.obj)
                              (--whole-archive)
zephyr/libzephyr.a(device.c.obj)
                              (--whole-archive)
zephyr/libzephyr.a(tracing_none.c.obj)
                              (--whole-archive)
zephyr/libzephyr.a(addr_utils.c.obj)
                              (--whole-archive)
zephyr/libzephyr.a(banner.c.obj)
                              (--whole-archive)
zephyr/arch/common/libarch__common.a(sw_isr_common.c.obj)
                              (--whole-archive)
zephyr/arch/arch/arm/core/libarch__arm__core.a(fatal.c.obj)
                              (--whole-archive)
zephyr/arch/arch/arm/core/libarch__arm__core.a(nmi.c.obj)
                              (--whole-archive)
zephyr/arch/arch/arm/core/libarch__arm__core.a(nmi_on_reset.S.obj)
                              (--whole-archive)
zephyr/arch/arch/arm/core/libarch__arm__core.a(tls.c.obj)
                              (--whole-archive)
zephyr/arch/arch/arm/core/cortex_m/libarch__arm__core__cortex_m.a(exc_exit.c.obj)
                              (--whole-archive)
zephyr/arch/arch/arm/core/cortex_m/libarch__arm__core__cortex_m.a(fault.c.obj)
                              (--whole-archive)
zephyr/arch/arch/arm/core/cortex_m/libarch__arm__core__cortex_m.a(fault_s.S.obj)
                              (--whole-archive)
zephyr/arch/arch/arm/core/cortex_m/libarch__arm__core__cortex_m.a(fpu.c.obj)
                              (--whole-archive)
zephyr/arch/arch/arm/core/cortex_m/libarch__arm__core__cortex_m.a(reset.S.obj)
                              (--whole-archive)
zephyr/arch/arch/arm/core/cortex_m/libarch__arm__core__cortex_m.a(scb.c.obj)
                              (--whole-archive)
zephyr/arch/arch/arm/core/cortex_m/libarch__arm__core__cortex_m.a(thread_abort.c.obj)
                              (--whole-archive)
zephyr/arch/arch/arm/core/cortex_m/libarch__arm__core__cortex_m.a(vector_table.S.obj)
                              (--whole-archive)
zephyr/arch/arch/arm/core/cortex_m/libarch__arm__core__cortex_m.a(swap.c.obj)
                              (--whole-archive)
zephyr/arch/arch/arm/core/cortex_m/libarch__arm__core__cortex_m.a(swap_helper.S.obj)
                              (--whole-archive)
zephyr/arch/arch/arm/core/cortex_m/libarch__arm__core__cortex_m.a(irq_manage.c.obj)
                              (--whole-archive)
zephyr/arch/arch/arm/core/cortex_m/libarch__arm__core__cortex_m.a(prep_c.c.obj)
[...]
Memory Configuration

Name             Origin             Length             Attributes
FLASH            0x0000000000000000 0x0000000000040000 xr
RAM              0x0000000020000000 0x0000000000010000 xw
IDT_LIST         0x00000000ffff7fff 0x0000000000008000 xw
*default*        0x0000000000000000 0xffffffffffffffff

Linker script and memory map

                0x0000000000018768                vfprintf = __l_vfprintf
                0x0000000000018c20                vfscanf = __l_vfscanf
LOAD zephyr/CMakeFiles/zephyr_pre0.dir/misc/empty_file.c.obj
LOAD zephyr/CMakeFiles/offsets.dir/./arch/arm/core/offsets/offsets.c.obj
LOAD app/libapp.a
LOAD zephyr/libzephyr.a
LOAD zephyr/arch/common/libarch__common.a
LOAD zephyr/arch/arch/arm/core/libarch__arm__core.a
LOAD zephyr/arch/arch/arm/core/cortex_m/libarch__arm__core__cortex_m.a
LOAD zephyr/lib/libc/picolibc/liblib__libc__picolibc.a
LOAD zephyr/lib/libc/common/liblib__libc__common.a
LOAD zephyr/lib/posix/options/liblib__posix__options.a
LOAD zephyr/soc/soc/ti_lm3s6965/libsoc__ti__lm3s6965.a
LOAD zephyr/subsys/random/libsubsys__random.a
LOAD zephyr/subsys/modem/libsubsys__modem.a
LOAD zephyr/subsys/modem/backends/libsubsys__modem__backends.a
LOAD zephyr/subsys/net/libsubsys__net.a
LOAD zephyr/subsys/net/l2/ethernet/libsubsys__net__l2__ethernet.a
LOAD zephyr/subsys/net/l2/ppp/libsubsys__net__l2__ppp.a
LOAD zephyr/subsys/net/ip/libsubsys__net__ip.a
LOAD zephyr/subsys/net/lib/mqtt/libsubsys__net__lib__mqtt.a
LOAD zephyr/subsys/net/lib/dns/libsubsys__net__lib__dns.a
LOAD zephyr/subsys/net/lib/http/libsubsys__net__lib__http.a
LOAD zephyr/subsys/net/conn_mgr/libsubsys__net__conn_mgr.a
LOAD zephyr/drivers/console/libdrivers__console.a
LOAD zephyr/drivers/ethernet/libdrivers__ethernet.a
LOAD zephyr/drivers/gnss/libdrivers__gnss.a
LOAD zephyr/drivers/gpio/libdrivers__gpio.a
LOAD zephyr/drivers/modem/libdrivers__modem.a
LOAD zephyr/drivers/net/libdrivers__net.a
LOAD zephyr/drivers/rtc/libdrivers__rtc.a
LOAD zephyr/drivers/serial/libdrivers__serial.a
LOAD zephyr/drivers/timer/libdrivers__timer.a
LOAD zephyr/kernel/libkernel.a
LOAD c:/ncs/toolchains/ce3b5ff664/opt/zephyr-sdk/arm-zephyr-eabi/bin/../lib/gcc/arm-zephyr-eabi/12.2.0/thumb/v7-m/nofp\libgcc.a
LOAD zephyr/arch/common/libisr_tables.a
LOAD c:\ncs\toolchains\ce3b5ff664\opt\zephyr-sdk\arm-zephyr-eabi\bin\../lib/gcc/../../picolibc/arm-zephyr-eabi/lib/thumb/v7-m/nofp\libc.a
LOAD c:/ncs/toolchains/ce3b5ff664/opt/zephyr-sdk/arm-zephyr-eabi/bin/../lib/gcc/arm-zephyr-eabi/12.2.0/thumb/v7-m/nofp\libgcc.a
                0x0000000000000004                _region_min_align = 0x4

.rel.plt        0x0000000000000000        0x0
 *(SORT_BY_ALIGNMENT(.rel.plt))
                [!provide]                        PROVIDE (__rel_iplt_start = .)
 *(SORT_BY_ALIGNMENT(.rel.iplt))
 .rel.iplt      0x0000000000000000        0x0 app/libapp.a(main.c.obj)
                [!provide]                        PROVIDE (__rel_iplt_end = .)

.rela.plt       0x0000000000000000        0x0
 *(SORT_BY_ALIGNMENT(.rela.plt))
                [!provide]                        PROVIDE (__rela_iplt_start = .)
 *(SORT_BY_ALIGNMENT(.rela.iplt))
                [!provide]                        PROVIDE (__rela_iplt_end = .)

.rel.dyn
 *(SORT_BY_ALIGNMENT(.rel.*))

.rela.dyn
 *(SORT_BY_ALIGNMENT(.rela.*))

/DISCARD/
 *(SORT_BY_ALIGNMENT(.plt))

/DISCARD/
 *(SORT_BY_ALIGNMENT(.iplt))
                0x0000000000000000                __rom_region_start = 0x0

rom_start       0x0000000000000000       0xec
                0x0000000000000000                __rom_start_address = .
 FILL mask 0x00
                0x0000000000000000                . = (. + (0x0 - (. - __rom_start_address)))
                0x0000000000000000                . = ALIGN (0x4)
                0x0000000000000000                . = ALIGN (0x80)
                0x0000000000000000                . = ALIGN (0x100)
                0x0000000000000000                _vector_start = .
 *(SORT_BY_ALIGNMENT(.exc_vector_table))
 *(SORT_BY_ALIGNMENT(.exc_vector_table.*))
 .exc_vector_table._vector_table_section
                0x0000000000000000       0x40 zephyr/arch/arch/arm/core/cortex_m/libarch__arm__core__cortex_m.a(vector_table.S.obj)
                0x0000000000000000                _vector_table
 *(SORT_BY_ALIGNMENT(.vectors))
                0x00000000000000ec                _vector_end = .
                0x0000000000000040                . = ALIGN (0x4)
 *(SORT_BY_ALIGNMENT(.gnu.linkonce.irq_vector_table*))
 .gnu.linkonce.irq_vector_table
                0x0000000000000040       0xac zephyr/arch/common/libisr_tables.a(isr_tables.c.obj)
                0x0000000000000040                _irq_vector_table
                0x00000000000000ec                _vector_end = .

text            0x00000000000000f0    0x21518
                0x00000000000000f0                __text_region_start = .
 *(SORT_BY_ALIGNMENT(.text))
 .text          0x00000000000000f0      0x378 c:/ncs/toolchains/ce3b5ff664/opt/zephyr-sdk/arm-zephyr-eabi/bin/../lib/gcc/arm-zephyr-eabi/12.2.0/thumb/v7-m/nofp\libgcc.a(_arm_addsubdf3.o)
                0x00000000000000f0                __aeabi_drsub
                0x00000000000000f8                __aeabi_dsub
                0x00000000000000f8                __subdf3
                0x00000000000000fc                __aeabi_dadd
                0x00000000000000fc                __adddf3
                0x0000000000000374                __floatunsidf
                0x0000000000000374                __aeabi_ui2d
                0x0000000000000394                __floatsidf
                0x0000000000000394                __aeabi_i2d
                0x00000000000003b8                __aeabi_f2d
                0x00000000000003b8                __extendsfdf2
                0x00000000000003fc                __floatundidf
                0x00000000000003fc                __aeabi_ul2d
                0x000000000000040c                __floatdidf
                0x000000000000040c                __aeabi_l2d
 .text          0x0000000000000468      0x424 c:/ncs/toolchains/ce3b5ff664/opt/zephyr-sdk/arm-zephyr-eabi/bin/../lib/gcc/arm-zephyr-eabi/12.2.0/thumb/v7-m/nofp\libgcc.a(_arm_muldivdf3.o)
                0x0000000000000468                __aeabi_dmul
                0x0000000000000468                __muldf3
                0x00000000000006bc                __divdf3
                0x00000000000006bc                __aeabi_ddiv
 .text          0x000000000000088c       0xa0 c:/ncs/toolchains/ce3b5ff664/opt/zephyr-sdk/arm-zephyr-eabi/bin/../lib/gcc/arm-zephyr-eabi/12.2.0/thumb/v7-m/nofp\libgcc.a(_aeabi_ldivmod.o)
                0x000000000000088c                __aeabi_ldivmod
 .text          0x000000000000092c       0x30 c:/ncs/toolchains/ce3b5ff664/opt/zephyr-sdk/arm-zephyr-eabi/bin/../lib/gcc/arm-zephyr-eabi/12.2.0/thumb/v7-m/nofp\libgcc.a(_aeabi_uldivmod.o)
                0x000000000000092c                __aeabi_uldivmod
 .text          0x000000000000095c        0x4 c:/ncs/toolchains/ce3b5ff664/opt/zephyr-sdk/arm-zephyr-eabi/bin/../lib/gcc/arm-zephyr-eabi/12.2.0/thumb/v7-m/nofp\libgcc.a(_dvmd_tls.o)
                0x000000000000095c                __aeabi_idiv0
                0x000000000000095c                __aeabi_ldiv0
 .text          0x0000000000000960      0x2a0 c:/ncs/toolchains/ce3b5ff664/opt/zephyr-sdk/arm-zephyr-eabi/bin/../lib/gcc/arm-zephyr-eabi/12.2.0/thumb/v7-m/nofp\libgcc.a(_udivmoddi4.o)
                0x0000000000000960                __udivmoddi4
 .text          0x0000000000000c00       0x14 c:\ncs\toolchains\ce3b5ff664\opt\zephyr-sdk\arm-zephyr-eabi\bin\../lib/gcc/../../picolibc/arm-zephyr-eabi/lib/thumb/v7-m/nofp\libc.a(strcmp.S.o)
                0x0000000000000c00                strcmp
 .text          0x0000000000000c14       0x10 c:\ncs\toolchains\ce3b5ff664\opt\zephyr-sdk\arm-zephyr-eabi\bin\../lib/gcc/../../picolibc/arm-zephyr-eabi/lib/thumb/v7-m/nofp\libc.a(strcpy.S.o)
                0x0000000000000c14                strcpy
 .text          0x0000000000000c24       0x10 c:\ncs\toolchains\ce3b5ff664\opt\zephyr-sdk\arm-zephyr-eabi\bin\../lib/gcc/../../picolibc/arm-zephyr-eabi/lib/thumb/v7-m/nofp\libc.a(strlen.S.o)
                0x0000000000000c24                strlen
 *(SORT_BY_ALIGNMENT(.text.*))
 *fill*         0x0000000000000c34        0x4 
 .text.gnss_data_cb.part.0
                0x0000000000000c38      0x330 app/libapp.a(main.c.obj)
 .text.net_event_handler
                0x0000000000000f68       0xa8 app/libapp.a(main.c.obj)
 .text.gnss_data_cb
                0x0000000000001010       0x18 app/libapp.a(main.c.obj)
 .text.parseConfig
                0x0000000000001028        0xc app/libapp.a(main.c.obj)
                0x0000000000001028                parseConfig
 .text.select_sim
                0x0000000000001034       0x6c app/libapp.a(main.c.obj)
                0x0000000000001034                select_sim
 .text.StartModem
                0x00000000000010a0      0x134 app/libapp.a(main.c.obj)
                0x00000000000010a0                StartModem
 .text.publish_all_fifo_messages
                0x00000000000011d4       0xdc app/libapp.a(main.c.obj)
                0x00000000000011d4                publish_all_fifo_messages
 .text.ReportMessages
                0x00000000000012b0       0xc0 app/libapp.a(main.c.obj)
                0x00000000000012b0                ReportMessages
 .text.main     0x0000000000001370      0x1d4 app/libapp.a(main.c.obj)
                0x0000000000001370                main
 .text.process_mqtt_and_sleep
                0x0000000000001544       0x4c app/libapp.a(mqtt.c.obj)
                0x0000000000001544                process_mqtt_and_sleep
 .text.ConnectBroker
                0x0000000000001590       0x1c app/libapp.a(mqtt.c.obj)
                0x0000000000001590                ConnectBroker
 .text.DisconnectBroker
                0x00000000000015ac       0x2c app/libapp.a(mqtt.c.obj)
                0x00000000000015ac                DisconnectBroker
 .text.publish_message
                0x00000000000015d8       0x68 app/libapp.a(mqtt.c.obj)
                0x00000000000015d8                publish_message
 .text.add_fields_to_json
                0x0000000000001640       0x30 app/libapp.a(FIFO.c.obj)
                0x0000000000001640                add_fields_to_json
 .text.return_power_status
                0x0000000000001670        0xc app/libapp.a(FIFO.c.obj)
                0x0000000000001670                return_power_status
 .text.fifoInit
                0x000000000000167c       0x10 app/libapp.a(FIFO.c.obj)
                0x000000000000167c                fifoInit
 .text.fifoPush
                0x000000000000168c      0x104 app/libapp.a(FIFO.c.obj)
                0x000000000000168c                fifoPush
 .text.extractFromFifo
                0x0000000000001790       0x44 app/libapp.a(FIFO.c.obj)
                0x0000000000001790                extractFromFifo
 .text.peekFromFifo
                0x00000000000017d4       0x38 app/libapp.a(FIFO.c.obj)
                0x00000000000017d4                peekFromFifo
 .text.overwriteLastMessage
                0x000000000000180c       0x34 app/libapp.a(FIFO.c.obj)
                0x000000000000180c                overwriteLastMessage
 .text.fifoPull
                0x0000000000001840       0x68 app/libapp.a(FIFO.c.obj)
                0x0000000000001840                fifoPull
 .text.cbvprintf_package
                0x00000000000018a8      0x3a4 zephyr/libzephyr.a(cbprintf_packaged.c.obj)
                0x00000000000018a8                cbvprintf_package
 .text.__printk_hook_install
                0x0000000000001c4c        0xc zephyr/libzephyr.a(printk.c.obj)
                0x0000000000001c4c                __printk_hook_install
 .text.z_thread_entry
                0x0000000000001c58       0x34 zephyr/libzephyr.a(thread_entry.c.obj)
                0x0000000000001c58                z_thread_entry
 .text._check_fd
                0x0000000000001c8c       0x38 zephyr/libzephyr.a(fdtable.c.obj)
 .text.z_get_fd_obj
                0x0000000000001cc4       0x3c zephyr/libzephyr.a(fdtable.c.obj)
                0x0000000000001cc4                z_get_fd_obj
 .text.z_get_obj_lock_and_cond
                0x0000000000001d00       0x70 zephyr/libzephyr.a(fdtable.c.obj)
                0x0000000000001d00                z_get_obj_lock_and_cond
 .text.z_get_fd_obj_and_vtable
                0x0000000000001d70       0x34 zephyr/libzephyr.a(fdtable.c.obj)
                0x0000000000001d70                z_get_fd_obj_and_vtable
 .text.z_reserve_fd
                0x0000000000001da4       0x8c zephyr/libzephyr.a(fdtable.c.obj)
                0x0000000000001da4                z_reserve_fd
 .text.z_finalize_fd
                0x0000000000001e30       0x30 zephyr/libzephyr.a(fdtable.c.obj)
                0x0000000000001e30                z_finalize_fd
 .text.z_free_fd
                0x0000000000001e60       0x4c zephyr/libzephyr.a(fdtable.c.obj)
                0x0000000000001e60                z_free_fd
 .text.timeutil_timegm64
                0x0000000000001eac       0xe8 zephyr/libzephyr.a(timeutil.c.obj)
                0x0000000000001eac                timeutil_timegm64
 .text.timeutil_timegm
                0x0000000000001f94       0x20 zephyr/libzephyr.a(timeutil.c.obj)
                0x0000000000001f94                timeutil_timegm
 .text.lexer_string
                0x0000000000001fb4       0xe4 zephyr/libzephyr.a(json.c.obj)
 .text.lexer_boolean
                0x0000000000002098       0x50 zephyr/libzephyr.a(json.c.obj)
 .text.lexer_number
                0x00000000000020e8       0x30 zephyr/libzephyr.a(json.c.obj)
 .text.lexer_json
                0x0000000000002118       0xbc zephyr/libzephyr.a(json.c.obj)
 .text.element_token
                0x00000000000021d4       0x44 zephyr/libzephyr.a(json.c.obj)
 .text.lexer_null
                0x0000000000002218       0x34 zephyr/libzephyr.a(json.c.obj)
 .text.decode_value
                0x000000000000224c      0x164 zephyr/libzephyr.a(json.c.obj)
 .text.json_obj_parse
                0x00000000000023b0       0x4c zephyr/libzephyr.a(json.c.obj)
                0x00000000000023b0                json_obj_parse
 .text.z_log_init.isra.0
                0x00000000000023fc       0xcc zephyr/libzephyr.a(log_core.c.obj)
 .text.log_format_func_t_get
                0x00000000000024c8        0xc zephyr/libzephyr.a(log_core.c.obj)
                0x00000000000024c8                log_format_func_t_get
 .text.log_set_timestamp_func
                0x00000000000024d4       0x20 zephyr/libzephyr.a(log_core.c.obj)
                0x00000000000024d4                log_set_timestamp_func
 .text.log_core_init
                0x00000000000024f4       0x28 zephyr/libzephyr.a(log_core.c.obj)
                0x00000000000024f4                log_core_init
 .text.z_impl_log_panic
                0x000000000000251c       0x3c zephyr/libzephyr.a(log_core.c.obj)
                0x000000000000251c                z_impl_log_panic
 .text.z_log_dropped
                0x0000000000002558       0x30 zephyr/libzephyr.a(log_core.c.obj)
                0x0000000000002558                z_log_dropped
 .text.z_log_msg_commit
                0x0000000000002588       0x38 zephyr/libzephyr.a(log_core.c.obj)
                0x0000000000002588                z_log_msg_commit
 .text.log_source_name_get
                0x00000000000025c0       0x1c zephyr/libzephyr.a(log_mgmt.c.obj)
                0x00000000000025c0                log_source_name_get
 .text.log_backend_enable
                0x00000000000025dc       0x28 zephyr/libzephyr.a(log_mgmt.c.obj)
                0x00000000000025dc                log_backend_enable
 .text.z_log_msg_runtime_vcreate
                0x0000000000002604       0x8c zephyr/libzephyr.a(log_msg.c.obj)
                0x0000000000002604                z_log_msg_runtime_vcreate
 .text.log_msg_get_source_id
                0x0000000000002690       0x18 zephyr/libzephyr.a(log_msg.c.obj)
                0x0000000000002690                log_msg_get_source_id
 .text.print_formatted
                0x00000000000026a8       0x24 zephyr/libzephyr.a(log_output.c.obj)
 .text.newline_print
                0x00000000000026cc       0x1c zephyr/libzephyr.a(log_output.c.obj)
 .text.log_output_process
                0x00000000000026e8      0x2d4 zephyr/libzephyr.a(log_output.c.obj)
                0x00000000000026e8                log_output_process
 .text.log_output_timestamp_freq_set
                0x00000000000029bc       0x2c zephyr/libzephyr.a(log_output.c.obj)
                0x00000000000029bc                log_output_timestamp_freq_set
 .text.panic    0x00000000000029e8       0x34 zephyr/libzephyr.a(log_backend_uart.c.obj)
 .text.char_out
                0x0000000000002a1c       0x24 zephyr/libzephyr.a(log_backend_uart.c.obj)
 .text.pm_device_action_run
                0x0000000000002a40       0xa4 zephyr/libzephyr.a(device.c.obj)
                0x0000000000002a40                pm_device_action_run
 .text.boot_banner
                0x0000000000002ae4       0x1c zephyr/libzephyr.a(banner.c.obj)
                0x0000000000002ae4                boot_banner
 .text.z_arm_fatal_error
                0x0000000000002b00       0xc4 zephyr/arch/arch/arm/core/libarch__arm__core.a(fatal.c.obj)
                0x0000000000002b00                z_arm_fatal_error
 .text.z_SysNmiOnReset
                0x0000000000002bc4        0x8 zephyr/arch/arch/arm/core/libarch__arm__core.a(nmi_on_reset.S.obj)
                0x0000000000002bc4                z_SysNmiOnReset
 .text.arch_tls_stack_setup
                0x0000000000002bcc       0x40 zephyr/arch/arch/arm/core/libarch__arm__core.a(tls.c.obj)
                0x0000000000002bcc                arch_tls_stack_setup
 .text._HandlerModeExit
                0x0000000000002c0c       0x28 zephyr/arch/arch/arm/core/cortex_m/libarch__arm__core__cortex_m.a(exc_exit.c.obj)
                0x0000000000002c0c                z_arm_int_exit
                0x0000000000002c0c                z_arm_exc_exit
 .text.mem_manage_fault.constprop.0
                0x0000000000002c34      0x100 zephyr/arch/arch/arm/core/cortex_m/libarch__arm__core__cortex_m.a(fault.c.obj)
 .text.bus_fault.constprop.0
                0x0000000000002d34      0x118 zephyr/arch/arch/arm/core/cortex_m/libarch__arm__core__cortex_m.a(fault.c.obj)
 .text.usage_fault.constprop.0
                0x0000000000002e4c      0x108 zephyr/arch/arch/arm/core/cortex_m/libarch__arm__core__cortex_m.a(fault.c.obj)
 .text.z_arm_fault
                0x0000000000002f54      0x20c zephyr/arch/arch/arm/core/cortex_m/libarch__arm__core__cortex_m.a(fault.c.obj)
                0x0000000000002f54                z_arm_fault
 .text.z_arm_fault_init
                0x0000000000003160       0x10 zephyr/arch/arch/arm/core/cortex_m/libarch__arm__core__cortex_m.a(fault.c.obj)
                0x0000000000003160                z_arm_fault_init
 .text.__fault  0x0000000000003170       0x14 zephyr/arch/arch/arm/core/cortex_m/libarch__arm__core__cortex_m.a(fault_s.S.obj)
                0x0000000000003170                z_arm_usage_fault
                0x0000000000003170                z_arm_mpu_fault
                0x0000000000003170                z_arm_exc_spurious
                0x0000000000003170                z_arm_debug_monitor
                0x0000000000003170                z_arm_hard_fault
                0x0000000000003170                z_arm_bus_fault
 .text._reset_section
                0x0000000000003184       0x44 zephyr/arch/arch/arm/core/cortex_m/libarch__arm__core__cortex_m.a(reset.S.obj)
                0x0000000000003184                __start
                0x0000000000003184                z_arm_reset
 .text.z_arm_init_arch_hw_at_boot
                0x00000000000031c8       0x60 zephyr/arch/arch/arm/core/cortex_m/libarch__arm__core__cortex_m.a(scb.c.obj)
                0x00000000000031c8                z_arm_init_arch_hw_at_boot
 .text.z_impl_k_thread_abort
                0x0000000000003228       0x2c zephyr/arch/arch/arm/core/cortex_m/libarch__arm__core__cortex_m.a(thread_abort.c.obj)
                0x0000000000003228                z_impl_k_thread_abort
 .text.arch_swap
                0x0000000000003254       0x34 zephyr/arch/arch/arm/core/cortex_m/libarch__arm__core__cortex_m.a(swap.c.obj)
                0x0000000000003254                arch_swap
 .text.z_arm_pendsv_c
                0x0000000000003288       0x40 zephyr/arch/arch/arm/core/cortex_m/libarch__arm__core__cortex_m.a(swap.c.obj)
                0x0000000000003288                z_arm_pendsv_c
 .text.z_arm_pendsv
                0x00000000000032c8       0x34 zephyr/arch/arch/arm/core/cortex_m/libarch__arm__core__cortex_m.a(swap_helper.S.obj)
                0x00000000000032c8                z_arm_pendsv
 .text.z_arm_svc
                0x00000000000032fc       0x20 zephyr/arch/arch/arm/core/cortex_m/libarch__arm__core__cortex_m.a(swap_helper.S.obj)
                0x00000000000032fc                z_arm_svc
 .text.arch_irq_enable
                0x000000000000331c       0x1c zephyr/arch/arch/arm/core/cortex_m/libarch__arm__core__cortex_m.a(irq_manage.c.obj)
                0x000000000000331c                arch_irq_enable
 .text.z_arm_irq_priority_set
                0x0000000000003338       0x2c zephyr/arch/arch/arm/core/cortex_m/libarch__arm__core__cortex_m.a(irq_manage.c.obj)
                0x0000000000003338                z_arm_irq_priority_set
 .text.z_prep_c
                0x0000000000003364       0x30 zephyr/arch/arch/arm/core/cortex_m/libarch__arm__core__cortex_m.a(prep_c.c.obj)
                0x0000000000003364                z_prep_c
 .text.arch_new_thread
                0x0000000000003394       0x38 zephyr/arch/arch/arm/core/cortex_m/libarch__arm__core__cortex_m.a(thread.c.obj)
                0x0000000000003394                arch_new_thread
 .text.arch_switch_to_main_thread
                0x00000000000033cc       0x40 zephyr/arch/arch/arm/core/cortex_m/libarch__arm__core__cortex_m.a(thread.c.obj)
                0x00000000000033cc                arch_switch_to_main_thread
 .text.z_arm_cpu_idle_init
                0x000000000000340c        0xc zephyr/arch/arch/arm/core/cortex_m/libarch__arm__core__cortex_m.a(cpu_idle.c.obj)
                0x000000000000340c                z_arm_cpu_idle_init
 .text.z_arm_interrupt_init
                0x0000000000003418       0x18 zephyr/arch/arch/arm/core/cortex_m/libarch__arm__core__cortex_m.a(irq_init.c.obj)
                0x0000000000003418                z_arm_interrupt_init
 .text._isr_wrapper
                0x0000000000003430       0x24 zephyr/arch/arch/arm/core/cortex_m/libarch__arm__core__cortex_m.a(isr_wrapper.c.obj)
                0x0000000000003430                _isr_wrapper
 .text.z_impl_zephyr_fputc
                0x0000000000003454       0x10 zephyr/lib/libc/picolibc/liblib__libc__picolibc.a(libc-hooks.c.obj)
                0x0000000000003454                z_impl_zephyr_fputc
 .text.__stdout_hook_install
                0x0000000000003464       0x18 zephyr/lib/libc/picolibc/liblib__libc__picolibc.a(libc-hooks.c.obj)
                0x0000000000003464                __stdout_hook_install
 .text.cbvprintf
                0x000000000000347c       0x38 zephyr/lib/libc/picolibc/liblib__libc__picolibc.a(libc-hooks.c.obj)
                0x000000000000347c                cbvprintf
 .text.malloc_prepare
                0x00000000000034b4       0x24 zephyr/lib/libc/common/liblib__libc__common.a(malloc.c.obj)
 .text.eventfd_ioctl_op
                0x00000000000034d8      0x130 zephyr/lib/posix/options/liblib__posix__options.a(eventfd.c.obj)
 .text.eventfd_rw_op
                0x0000000000003608       0xfc zephyr/lib/posix/options/liblib__posix__options.a(eventfd.c.obj)
 .text.eventfd_write_op
                0x0000000000003704        0xc zephyr/lib/posix/options/liblib__posix__options.a(eventfd.c.obj)
 .text.eventfd_read_op
                0x0000000000003710        0xc zephyr/lib/posix/options/liblib__posix__options.a(eventfd.c.obj)
 .text.eventfd_close_op
                0x000000000000371c       0xac zephyr/lib/posix/options/liblib__posix__options.a(eventfd.c.obj)
 .text.eventfd  0x00000000000037c8       0xb0 zephyr/lib/posix/options/liblib__posix__options.a(eventfd.c.obj)
                0x00000000000037c8                eventfd
 .text.eventfd_read
                0x0000000000003878       0x2c zephyr/lib/posix/options/liblib__posix__options.a(eventfd.c.obj)
                0x0000000000003878                eventfd_read
 .text.eventfd_write
                0x00000000000038a4       0x30 zephyr/lib/posix/options/liblib__posix__options.a(eventfd.c.obj)
                0x00000000000038a4                eventfd_write
 .text.uart_stellaris_init
                0x00000000000038d4       0x30 zephyr/soc/soc/ti_lm3s6965/libsoc__ti__lm3s6965.a(soc_config.c.obj)
 .text.eth_stellaris_init
                0x0000000000003904       0x18 zephyr/soc/soc/ti_lm3s6965/libsoc__ti__lm3s6965.a(soc_config.c.obj)
 .text.z_impl_sys_rand_get
                0x000000000000391c       0x84 zephyr/subsys/random/libsubsys__random.a(random_timer.c.obj)
                0x000000000000391c                z_impl_sys_rand_get
 .text.modem_chat_send_script_request_part
                0x00000000000039a0       0x94 zephyr/subsys/modem/libsubsys__modem.a(modem_chat.c.obj)
 .text.modem_chat_script_stop
                0x0000000000003a34       0xe0 zephyr/subsys/modem/libsubsys__modem.a(modem_chat.c.obj)
 .text.modem_chat_script_next
                0x0000000000003b14       0xcc zephyr/subsys/modem/libsubsys__modem.a(modem_chat.c.obj)
 .text.modem_chat_on_command_received
                0x0000000000003be0      0x120 zephyr/subsys/modem/libsubsys__modem.a(modem_chat.c.obj)
 .text.modem_chat_process_handler
                0x0000000000003d00      0x324 zephyr/subsys/modem/libsubsys__modem.a(modem_chat.c.obj)
 .text.modem_chat_script_run_handler
                0x0000000000004024       0x88 zephyr/subsys/modem/libsubsys__modem.a(modem_chat.c.obj)
 .text.modem_chat_init
                0x00000000000040ac       0xc0 zephyr/subsys/modem/libsubsys__modem.a(modem_chat.c.obj)
                0x00000000000040ac                modem_chat_init
 .text.modem_chat_attach
                0x000000000000416c       0x24 zephyr/subsys/modem/libsubsys__modem.a(modem_chat.c.obj)
                0x000000000000416c                modem_chat_attach
 .text.modem_chat_run_script_async
                0x0000000000004190       0x84 zephyr/subsys/modem/libsubsys__modem.a(modem_chat.c.obj)
                0x0000000000004190                modem_chat_run_script_async
 .text.modem_cmux_drop_frame
                0x0000000000004214       0x2c zephyr/subsys/modem/libsubsys__modem.a(modem_cmux.c.obj)
 .text.modem_cmux_transmit_handler
                0x0000000000004240       0xb4 zephyr/subsys/modem/libsubsys__modem.a(modem_cmux.c.obj)
 .text.modem_cmux_connect_handler
                0x00000000000042f4       0x3c zephyr/subsys/modem/libsubsys__modem.a(modem_cmux.c.obj)
 .text.modem_cmux_acknowledge_received_frame
                0x0000000000004330       0x90 zephyr/subsys/modem/libsubsys__modem.a(modem_cmux.c.obj)
 .text.modem_cmux_receive_handler
                0x00000000000043c0      0x534 zephyr/subsys/modem/libsubsys__modem.a(modem_cmux.c.obj)
 .text.modem_cmux_init
                0x00000000000048f4       0x88 zephyr/subsys/modem/libsubsys__modem.a(modem_cmux.c.obj)
                0x00000000000048f4                modem_cmux_init
 .text.modem_cmux_dlci_init
                0x000000000000497c       0x70 zephyr/subsys/modem/libsubsys__modem.a(modem_cmux.c.obj)
                0x000000000000497c                modem_cmux_dlci_init
 .text.modem_cmux_attach
                0x00000000000049ec       0x28 zephyr/subsys/modem/libsubsys__modem.a(modem_cmux.c.obj)
                0x00000000000049ec                modem_cmux_attach
 .text.modem_ppp_is_byte_expected
                0x0000000000004a14       0x40 zephyr/subsys/modem/libsubsys__modem.a(modem_ppp.c.obj)
 .text.modem_ppp_process_handler
                0x0000000000004a54      0x274 zephyr/subsys/modem/libsubsys__modem.a(modem_ppp.c.obj)
 .text.modem_ppp_send_handler
                0x0000000000004cc8      0x2fc zephyr/subsys/modem/libsubsys__modem.a(modem_ppp.c.obj)
 .text.modem_ppp_attach
                0x0000000000004fc4       0x40 zephyr/subsys/modem/libsubsys__modem.a(modem_ppp.c.obj)
                0x0000000000004fc4                modem_ppp_attach
 .text.modem_ppp_init_internal
                0x0000000000005004       0x5c zephyr/subsys/modem/libsubsys__modem.a(modem_ppp.c.obj)
                0x0000000000005004                modem_ppp_init_internal
 .text.modem_backend_uart_init
                0x0000000000005060       0x3c zephyr/subsys/modem/backends/libsubsys__modem__backends.a(modem_backend_uart.c.obj)
                0x0000000000005060                modem_backend_uart_init
 .text.z_log_msg_runtime_create.constprop.0
                0x000000000000509c       0x24 zephyr/subsys/modem/backends/libsubsys__modem__backends.a(modem_backend_uart_isr.c.obj)
 .text.modem_backend_uart_isr_irq_handler
                0x00000000000050c0      0x158 zephyr/subsys/modem/backends/libsubsys__modem__backends.a(modem_backend_uart_isr.c.obj)
 .text.modem_backend_uart_isr_init
                0x0000000000005218       0xac zephyr/subsys/modem/backends/libsubsys__modem__backends.a(modem_backend_uart_isr.c.obj)
                0x0000000000005218                modem_backend_uart_isr_init
 .text.net_buf_destroy
                0x00000000000052c4       0x38 zephyr/subsys/net/libsubsys__net.a(buf.c.obj)
 .text.net_buf_id
                0x00000000000052fc       0x20 zephyr/subsys/net/libsubsys__net.a(buf.c.obj)
                0x00000000000052fc                net_buf_id
 .text.fixed_data_alloc
                0x000000000000531c       0x24 zephyr/subsys/net/libsubsys__net.a(buf.c.obj)
 .text.net_buf_alloc_len
                0x0000000000005340      0x118 zephyr/subsys/net/libsubsys__net.a(buf.c.obj)
                0x0000000000005340                net_buf_alloc_len
 .text.net_buf_unref
                0x0000000000005458       0x38 zephyr/subsys/net/libsubsys__net.a(buf.c.obj)
                0x0000000000005458                net_buf_unref
 .text.ipv6_multicast_group
                0x0000000000005490       0x70 zephyr/subsys/net/libsubsys__net.a(sockets.c.obj)
 .text.ipv4_multicast_group.constprop.0
                0x0000000000005500       0x50 zephyr/subsys/net/libsubsys__net.a(sockets.c.obj)
 .text.z_log_msg_runtime_create.constprop.0
                0x0000000000005550       0x24 zephyr/subsys/net/libsubsys__net.a(sockets.c.obj)
 .text.zsock_socket_internal
                0x0000000000005574       0x84 zephyr/subsys/net/libsubsys__net.a(sockets.c.obj)
 .text.zsock_accepted_cb
                0x00000000000055f8       0x4c zephyr/subsys/net/libsubsys__net.a(sockets.c.obj)
 .text.send_check_and_wait
                0x0000000000005644      0x104 zephyr/subsys/net/libsubsys__net.a(sockets.c.obj)
 .text.sock_ioctl_vmeth
                0x0000000000005748      0x1e4 zephyr/subsys/net/libsubsys__net.a(sockets.c.obj)
 .text.z_impl_zsock_socket
                0x000000000000592c       0x58 zephyr/subsys/net/libsubsys__net.a(sockets.c.obj)
                0x000000000000592c                z_impl_zsock_socket
 .text.zsock_close_ctx
                0x0000000000005984       0x5c zephyr/subsys/net/libsubsys__net.a(sockets.c.obj)
                0x0000000000005984                zsock_close_ctx
 .text.z_impl_zsock_close
                0x00000000000059e0       0x50 zephyr/subsys/net/libsubsys__net.a(sockets.c.obj)
                0x00000000000059e0                z_impl_zsock_close
 .text.zsock_shutdown_ctx
                0x0000000000005a30       0x68 zephyr/subsys/net/libsubsys__net.a(sockets.c.obj)
                0x0000000000005a30                zsock_shutdown_ctx
 .text.zsock_bind_ctx
                0x0000000000005a98       0x4c zephyr/subsys/net/libsubsys__net.a(sockets.c.obj)
                0x0000000000005a98                zsock_bind_ctx
 .text.z_impl_zsock_bind
                0x0000000000005ae4       0x58 zephyr/subsys/net/libsubsys__net.a(sockets.c.obj)
                0x0000000000005ae4                z_impl_zsock_bind
 .text.zsock_connect_ctx
                0x0000000000005b3c       0xc8 zephyr/subsys/net/libsubsys__net.a(sockets.c.obj)
                0x0000000000005b3c                zsock_connect_ctx
 .text.zsock_listen_ctx
                0x0000000000005c04       0x3c zephyr/subsys/net/libsubsys__net.a(sockets.c.obj)
                0x0000000000005c04                zsock_listen_ctx
 .text.zsock_sendto_ctx
                0x0000000000005c40      0x104 zephyr/subsys/net/libsubsys__net.a(sockets.c.obj)
                0x0000000000005c40                zsock_sendto_ctx
 .text.z_impl_zsock_sendto
                0x0000000000005d44       0x6c zephyr/subsys/net/libsubsys__net.a(sockets.c.obj)
                0x0000000000005d44                z_impl_zsock_sendto
 .text.zsock_wait_data
                0x0000000000005db0       0x54 zephyr/subsys/net/libsubsys__net.a(sockets.c.obj)
                0x0000000000005db0                zsock_wait_data
 .text.zsock_accept_ctx
                0x0000000000005e04      0x124 zephyr/subsys/net/libsubsys__net.a(sockets.c.obj)
                0x0000000000005e04                zsock_accept_ctx
 .text.zsock_recv_dgram
                0x0000000000005f28      0x2d8 zephyr/subsys/net/libsubsys__net.a(sockets.c.obj)
 .text.zsock_recv_stream
                0x0000000000006200      0x1a4 zephyr/subsys/net/libsubsys__net.a(sockets.c.obj)
 .text.zsock_recvfrom_ctx
                0x00000000000063a4       0x58 zephyr/subsys/net/libsubsys__net.a(sockets.c.obj)
                0x00000000000063a4                zsock_recvfrom_ctx
 .text.z_impl_zsock_recvfrom
                0x00000000000063fc       0x6c zephyr/subsys/net/libsubsys__net.a(sockets.c.obj)
                0x00000000000063fc                z_impl_zsock_recvfrom
 .text.zsock_recvmsg_ctx
                0x0000000000006468       0x6c zephyr/subsys/net/libsubsys__net.a(sockets.c.obj)
                0x0000000000006468                zsock_recvmsg_ctx
 .text.zsock_poll_internal
                0x00000000000064d4      0x1f8 zephyr/subsys/net/libsubsys__net.a(sockets.c.obj)
                0x00000000000064d4                zsock_poll_internal
 .text.zsock_getsockopt_ctx
                0x00000000000066cc       0xd8 zephyr/subsys/net/libsubsys__net.a(sockets.c.obj)
                0x00000000000066cc                zsock_getsockopt_ctx
 .text.z_impl_zsock_getsockopt
                0x00000000000067a4       0x68 zephyr/subsys/net/libsubsys__net.a(sockets.c.obj)
                0x00000000000067a4                z_impl_zsock_getsockopt
 .text.zsock_setsockopt_ctx
                0x000000000000680c      0x180 zephyr/subsys/net/libsubsys__net.a(sockets.c.obj)
                0x000000000000680c                zsock_setsockopt_ctx
 .text.zsock_getpeername_ctx
                0x000000000000698c       0xac zephyr/subsys/net/libsubsys__net.a(sockets.c.obj)
                0x000000000000698c                zsock_getpeername_ctx
 .text.zsock_getsockname_ctx
                0x0000000000006a38       0x78 zephyr/subsys/net/libsubsys__net.a(sockets.c.obj)
                0x0000000000006a38                zsock_getsockname_ctx
 .text.init_socket_service
                0x0000000000006ab0       0x44 zephyr/subsys/net/libsubsys__net.a(sockets_service.c.obj)
 .text.z_impl_net_socket_service_register
                0x0000000000006af4      0x110 zephyr/subsys/net/libsubsys__net.a(sockets_service.c.obj)
                0x0000000000006af4                z_impl_net_socket_service_register
 .text.net_socket_service_callback
                0x0000000000006c04       0x4c zephyr/subsys/net/libsubsys__net.a(sockets_service.c.obj)
                0x0000000000006c04                net_socket_service_callback
 .text.socket_service_thread
                0x0000000000006c50      0x240 zephyr/subsys/net/libsubsys__net.a(sockets_service.c.obj)
 .text.net_eth_broadcast_addr
                0x0000000000006e90        0x8 zephyr/subsys/net/l2/ethernet/libsubsys__net__l2__ethernet.a(ethernet.c.obj)
                0x0000000000006e90                net_eth_broadcast_addr
 .text.ethernet_send
                0x0000000000006e98      0x248 zephyr/subsys/net/l2/ethernet/libsubsys__net__l2__ethernet.a(ethernet.c.obj)
 .text.ethernet_mcast_monitor_cb
                0x00000000000070e0       0x78 zephyr/subsys/net/l2/ethernet/libsubsys__net__l2__ethernet.a(ethernet.c.obj)
 .text.ethernet_init
                0x0000000000007158       0x58 zephyr/subsys/net/l2/ethernet/libsubsys__net__l2__ethernet.a(ethernet.c.obj)
                0x0000000000007158                ethernet_init
 .text.z_log_msg_runtime_create.constprop.0
                0x00000000000071b0       0x24 zephyr/subsys/net/l2/ethernet/libsubsys__net__l2__ethernet.a(arp.c.obj)
 .text.arp_entry_get_last_from_table
                0x00000000000071d4       0x28 zephyr/subsys/net/l2/ethernet/libsubsys__net__l2__ethernet.a(arp.c.obj)
 .text.arp_request_timeout
                0x00000000000071fc       0xb8 zephyr/subsys/net/l2/ethernet/libsubsys__net__l2__ethernet.a(arp.c.obj)
 .text.net_arp_prepare
                0x00000000000072b4      0x220 zephyr/subsys/net/l2/ethernet/libsubsys__net__l2__ethernet.a(arp.c.obj)
                0x00000000000072b4                net_arp_prepare
 .text.net_arp_update
                0x00000000000074d4      0x17c zephyr/subsys/net/l2/ethernet/libsubsys__net__l2__ethernet.a(arp.c.obj)
                0x00000000000074d4                net_arp_update
 .text.net_arp_clear_cache
                0x0000000000007650       0xd0 zephyr/subsys/net/l2/ethernet/libsubsys__net__l2__ethernet.a(arp.c.obj)
                0x0000000000007650                net_arp_clear_cache
 .text.net_arp_clear_pending
                0x0000000000007720       0x28 zephyr/subsys/net/l2/ethernet/libsubsys__net__l2__ethernet.a(arp.c.obj)
                0x0000000000007720                net_arp_clear_pending
 .text.net_arp_init
                0x0000000000007748       0x74 zephyr/subsys/net/l2/ethernet/libsubsys__net__l2__ethernet.a(arp.c.obj)
                0x0000000000007748                net_arp_init
 .text.net_pkt_hexdump
                0x00000000000077bc       0x78 zephyr/subsys/net/l2/ppp/libsubsys__net__l2__ppp.a(ppp_l2.c.obj)
 .text.net_ppp_mgmt_evt_handler
                0x0000000000007834       0xc8 zephyr/subsys/net/l2/ppp/libsubsys__net__l2__ppp.a(ppp_l2.c.obj)
 .text.tx_handler
                0x00000000000078fc       0x70 zephyr/subsys/net/l2/ppp/libsubsys__net__l2__ppp.a(ppp_l2.c.obj)
 .text.ppp_send
                0x000000000000796c       0x7c zephyr/subsys/net/l2/ppp/libsubsys__net__l2__ppp.a(ppp_l2.c.obj)
 .text.ppp_enable
                0x00000000000079e8       0xd0 zephyr/subsys/net/l2/ppp/libsubsys__net__l2__ppp.a(ppp_l2.c.obj)
 .text.ppp_recv
                0x0000000000007ab8      0x188 zephyr/subsys/net/l2/ppp/libsubsys__net__l2__ppp.a(ppp_l2.c.obj)
 .text.ppp_lcp_get
                0x0000000000007c40        0xc zephyr/subsys/net/l2/ppp/libsubsys__net__l2__ppp.a(ppp_l2.c.obj)
                0x0000000000007c40                ppp_lcp_get
 .text.ppp_queue_pkt
                0x0000000000007c4c        0xc zephyr/subsys/net/l2/ppp/libsubsys__net__l2__ppp.a(ppp_l2.c.obj)
                0x0000000000007c4c                ppp_queue_pkt
 .text.net_ppp_init
                0x0000000000007c58      0x100 zephyr/subsys/net/l2/ppp/libsubsys__net__l2__ppp.a(ppp_l2.c.obj)
                0x0000000000007c58                net_ppp_init
 .text.ppp_fsm_init
                0x0000000000007d58       0x18 zephyr/subsys/net/l2/ppp/libsubsys__net__l2__ppp.a(fsm.c.obj)
                0x0000000000007d58                ppp_fsm_init
 .text.ppp_fsm_lower_down
                0x0000000000007d70      0x11c zephyr/subsys/net/l2/ppp/libsubsys__net__l2__ppp.a(fsm.c.obj)
                0x0000000000007d70                ppp_fsm_lower_down
 .text.ppp_send_pkt
                0x0000000000007e8c      0x254 zephyr/subsys/net/l2/ppp/libsubsys__net__l2__ppp.a(fsm.c.obj)
                0x0000000000007e8c                ppp_send_pkt
 .text.fsm_send_configure_req
                0x00000000000080e0       0xe8 zephyr/subsys/net/l2/ppp/libsubsys__net__l2__ppp.a(fsm.c.obj)
 .text.ppp_fsm_lower_up
                0x00000000000081c8       0xd4 zephyr/subsys/net/l2/ppp/libsubsys__net__l2__ppp.a(fsm.c.obj)
                0x00000000000081c8                ppp_fsm_lower_up
 .text.ppp_fsm_open
                0x000000000000829c      0x10c zephyr/subsys/net/l2/ppp/libsubsys__net__l2__ppp.a(fsm.c.obj)
                0x000000000000829c                ppp_fsm_open
 .text.ppp_fsm_timeout
                0x00000000000083a8      0x190 zephyr/subsys/net/l2/ppp/libsubsys__net__l2__ppp.a(fsm.c.obj)
 .text.terminate
                0x0000000000008538       0x90 zephyr/subsys/net/l2/ppp/libsubsys__net__l2__ppp.a(fsm.c.obj)
 .text.ppp_fsm_close
                0x00000000000085c8      0x100 zephyr/subsys/net/l2/ppp/libsubsys__net__l2__ppp.a(fsm.c.obj)
                0x00000000000085c8                ppp_fsm_close
 .text.fsm_recv_configure_nack_rej
                0x00000000000086c8      0x218 zephyr/subsys/net/l2/ppp/libsubsys__net__l2__ppp.a(fsm.c.obj)
 .text.ppp_fsm_input
                0x00000000000088e0      0x844 zephyr/subsys/net/l2/ppp/libsubsys__net__l2__ppp.a(fsm.c.obj)
                0x00000000000088e0                ppp_fsm_input
 .text.ppp_fsm_recv_protocol_rej
                0x0000000000009124       0x58 zephyr/subsys/net/l2/ppp/libsubsys__net__l2__ppp.a(fsm.c.obj)
                0x0000000000009124                ppp_fsm_recv_protocol_rej
 .text.ppp_fsm_recv_echo_req
                0x000000000000917c       0x74 zephyr/subsys/net/l2/ppp/libsubsys__net__l2__ppp.a(fsm.c.obj)
                0x000000000000917c                ppp_fsm_recv_echo_req
 .text.ppp_fsm_recv_echo_reply
                0x00000000000091f0       0x5c zephyr/subsys/net/l2/ppp/libsubsys__net__l2__ppp.a(fsm.c.obj)
                0x00000000000091f0                ppp_fsm_recv_echo_reply
 .text.ppp_fsm_recv_discard_req
                0x000000000000924c       0x5c zephyr/subsys/net/l2/ppp/libsubsys__net__l2__ppp.a(fsm.c.obj)
                0x000000000000924c                ppp_fsm_recv_discard_req
 .text.lcp_close
                0x00000000000092a8       0x28 zephyr/subsys/net/l2/ppp/libsubsys__net__l2__ppp.a(lcp.c.obj)
 .text.lcp_down
                0x00000000000092d0       0x48 zephyr/subsys/net/l2/ppp/libsubsys__net__l2__ppp.a(lcp.c.obj)
 .text.lcp_auth_proto_parse
                0x0000000000009318       0x74 zephyr/subsys/net/l2/ppp/libsubsys__net__l2__ppp.a(lcp.c.obj)
 .text.lcp_config_info_req
                0x000000000000938c       0x7c zephyr/subsys/net/l2/ppp/libsubsys__net__l2__ppp.a(lcp.c.obj)
 .text.lcp_handle_ext
                0x0000000000009408      0x10c zephyr/subsys/net/l2/ppp/libsubsys__net__l2__ppp.a(lcp.c.obj)
 .text.lcp_init
                0x0000000000009514       0xf0 zephyr/subsys/net/l2/ppp/libsubsys__net__l2__ppp.a(lcp.c.obj)
 .text.ppp_parse_option_conf_req_unsupported
                0x0000000000009604       0xd0 zephyr/subsys/net/l2/ppp/libsubsys__net__l2__ppp.a(options.c.obj)
 .text.ppp_parse_options
                0x00000000000096d4      0x160 zephyr/subsys/net/l2/ppp/libsubsys__net__l2__ppp.a(options.c.obj)
                0x00000000000096d4                ppp_parse_options
 .text.ppp_config_info_req
                0x0000000000009834       0x94 zephyr/subsys/net/l2/ppp/libsubsys__net__l2__ppp.a(options.c.obj)
                0x0000000000009834                ppp_config_info_req
 .text.ppp_my_options_parse_conf_ack
                0x00000000000098c8       0x20 zephyr/subsys/net/l2/ppp/libsubsys__net__l2__ppp.a(options.c.obj)
                0x00000000000098c8                ppp_my_options_parse_conf_ack
 .text.ppp_my_options_parse_conf_nak
                0x00000000000098e8       0x20 zephyr/subsys/net/l2/ppp/libsubsys__net__l2__ppp.a(options.c.obj)
                0x00000000000098e8                ppp_my_options_parse_conf_nak
 .text.ppp_my_options_parse_conf_rej
                0x0000000000009908       0x20 zephyr/subsys/net/l2/ppp/libsubsys__net__l2__ppp.a(options.c.obj)
                0x0000000000009908                ppp_my_options_parse_conf_rej
 .text.ppp_link_authenticated
                0x0000000000009928       0xd4 zephyr/subsys/net/l2/ppp/libsubsys__net__l2__ppp.a(link.c.obj)
                0x0000000000009928                ppp_link_authenticated
 .text.ppp_link_established
                0x00000000000099fc       0xac zephyr/subsys/net/l2/ppp/libsubsys__net__l2__ppp.a(link.c.obj)
                0x00000000000099fc                ppp_link_established
 .text.ppp_link_terminated
                0x0000000000009aa8       0x5c zephyr/subsys/net/l2/ppp/libsubsys__net__l2__ppp.a(link.c.obj)
                0x0000000000009aa8                ppp_link_terminated
 .text.ppp_link_down
                0x0000000000009b04       0x30 zephyr/subsys/net/l2/ppp/libsubsys__net__l2__ppp.a(link.c.obj)
                0x0000000000009b04                ppp_link_down
 .text.ppp_network_up
                0x0000000000009b34       0x74 zephyr/subsys/net/l2/ppp/libsubsys__net__l2__ppp.a(network.c.obj)
                0x0000000000009b34                ppp_network_up
 .text.ppp_network_down
                0x0000000000009ba8       0x7c zephyr/subsys/net/l2/ppp/libsubsys__net__l2__ppp.a(network.c.obj)
                0x0000000000009ba8                ppp_network_down
 .text.ppp_network_done
                0x0000000000009c24       0x2c zephyr/subsys/net/l2/ppp/libsubsys__net__l2__ppp.a(network.c.obj)
                0x0000000000009c24                ppp_network_done
 .text.ppp_network_all_down
                0x0000000000009c50       0x84 zephyr/subsys/net/l2/ppp/libsubsys__net__l2__ppp.a(network.c.obj)
                0x0000000000009c50                ppp_network_all_down
 .text.ppp_phase_str
                0x0000000000009cd4       0x18 zephyr/subsys/net/l2/ppp/libsubsys__net__l2__ppp.a(misc.c.obj)
                0x0000000000009cd4                ppp_phase_str
 .text.ppp_change_phase_debug
                0x0000000000009cec       0xc4 zephyr/subsys/net/l2/ppp/libsubsys__net__l2__ppp.a(misc.c.obj)
                0x0000000000009cec                ppp_change_phase_debug
 .text.ppp_state_str
                0x0000000000009db0       0x18 zephyr/subsys/net/l2/ppp/libsubsys__net__l2__ppp.a(misc.c.obj)
                0x0000000000009db0                ppp_state_str
 .text.ppp_pkt_type2str
                0x0000000000009dc8       0x1c zephyr/subsys/net/l2/ppp/libsubsys__net__l2__ppp.a(misc.c.obj)
                0x0000000000009dc8                ppp_pkt_type2str
 .text.ppp_proto2str
                0x0000000000009de4       0xa8 zephyr/subsys/net/l2/ppp/libsubsys__net__l2__ppp.a(misc.c.obj)
                0x0000000000009de4                ppp_proto2str
 .text.ppp_change_state_debug
                0x0000000000009e8c       0xd0 zephyr/subsys/net/l2/ppp/libsubsys__net__l2__ppp.a(misc.c.obj)
                0x0000000000009e8c                ppp_change_state_debug
 .text.ppp_option2str
                0x0000000000009f5c      0x114 zephyr/subsys/net/l2/ppp/libsubsys__net__l2__ppp.a(misc.c.obj)
                0x0000000000009f5c                ppp_option2str
 .text.ipcp_up  0x000000000000a070       0xe8 zephyr/subsys/net/l2/ppp/libsubsys__net__l2__ppp.a(ipcp.c.obj)
 .text.ipcp_config_info_req
                0x000000000000a158       0x84 zephyr/subsys/net/l2/ppp/libsubsys__net__l2__ppp.a(ipcp.c.obj)
 .text.ipcp_config_info_nack
                0x000000000000a1dc       0x74 zephyr/subsys/net/l2/ppp/libsubsys__net__l2__ppp.a(ipcp.c.obj)
 .text.ipcp_init
                0x000000000000a250       0xe0 zephyr/subsys/net/l2/ppp/libsubsys__net__l2__ppp.a(ipcp.c.obj)
 .text.ipcp_ip_address_parse
                0x000000000000a330       0x6c zephyr/subsys/net/l2/ppp/libsubsys__net__l2__ppp.a(ipcp.c.obj)
 .text.ipv6cp_config_info_req
                0x000000000000a39c       0x50 zephyr/subsys/net/l2/ppp/libsubsys__net__l2__ppp.a(ipv6cp.c.obj)
 .text.ipv6cp_down
                0x000000000000a3ec       0xe4 zephyr/subsys/net/l2/ppp/libsubsys__net__l2__ppp.a(ipv6cp.c.obj)
 .text.ipv6cp_config_info_ack
                0x000000000000a4d0       0x94 zephyr/subsys/net/l2/ppp/libsubsys__net__l2__ppp.a(ipv6cp.c.obj)
 .text.ipv6cp_interface_identifier_parse
                0x000000000000a564       0x80 zephyr/subsys/net/l2/ppp/libsubsys__net__l2__ppp.a(ipv6cp.c.obj)
 .text.ipv6cp_init
                0x000000000000a5e4       0xe0 zephyr/subsys/net/l2/ppp/libsubsys__net__l2__ppp.a(ipv6cp.c.obj)
 .text.ipv6cp_up
                0x000000000000a6c4      0x174 zephyr/subsys/net/l2/ppp/libsubsys__net__l2__ppp.a(ipv6cp.c.obj)
 .text.pap_config_info_add
                0x000000000000a838       0x44 zephyr/subsys/net/l2/ppp/libsubsys__net__l2__ppp.a(pap.c.obj)
 .text.pap_config_info_ack
                0x000000000000a87c       0x1c zephyr/subsys/net/l2/ppp/libsubsys__net__l2__ppp.a(pap.c.obj)
 .text.pap_up   0x000000000000a898       0x7c zephyr/subsys/net/l2/ppp/libsubsys__net__l2__ppp.a(pap.c.obj)
 .text.pap_init
                0x000000000000a914       0xb4 zephyr/subsys/net/l2/ppp/libsubsys__net__l2__ppp.a(pap.c.obj)
 .text.processing_data
                0x000000000000a9c8       0xb0 zephyr/subsys/net/ip/libsubsys__net__ip.a(net_core.c.obj)
 .text.net_send_data
                0x000000000000aa78      0x228 zephyr/subsys/net/ip/libsubsys__net__ip.a(net_core.c.obj)
                0x000000000000aa78                net_send_data
 .text.net_process_rx_packet
                0x000000000000aca0       0x2c zephyr/subsys/net/ip/libsubsys__net__ip.a(net_core.c.obj)
                0x000000000000aca0                net_process_rx_packet
 .text.net_ipv4_is_ll_addr
                0x000000000000accc       0x18 zephyr/subsys/net/ip/libsubsys__net__ip.a(net_if.c.obj)
 .text.iface_router_notify_deletion.constprop.0
                0x000000000000ace4       0x30 zephyr/subsys/net/ip/libsubsys__net__ip.a(net_if.c.obj)
 .text.need_calc_checksum
                0x000000000000ad14       0x30 zephyr/subsys/net/ip/libsubsys__net__ip.a(net_if.c.obj)
 .text.iface_router_find_default.constprop.0
                0x000000000000ad44       0x70 zephyr/subsys/net/ip/libsubsys__net__ip.a(net_if.c.obj)
 .text.iface_router_update_timer
                0x000000000000adb4       0x88 zephyr/subsys/net/ip/libsubsys__net__ip.a(net_if.c.obj)
 .text.iface_router_add
                0x000000000000ae3c      0x100 zephyr/subsys/net/ip/libsubsys__net__ip.a(net_if.c.obj)
 .text.iface_router_rm
                0x000000000000af3c       0x54 zephyr/subsys/net/ip/libsubsys__net__ip.a(net_if.c.obj)
 .text.iface_router_lookup
                0x000000000000af90       0x7c zephyr/subsys/net/ip/libsubsys__net__ip.a(net_if.c.obj)
 .text.iface_router_expired
                0x000000000000b00c       0x98 zephyr/subsys/net/ip/libsubsys__net__ip.a(net_if.c.obj)
 .text.z_impl_net_if_get_by_index
                0x000000000000b0a4       0x24 zephyr/subsys/net/ip/libsubsys__net__ip.a(net_if.c.obj)
                0x000000000000b0a4                z_impl_net_if_get_by_index
 .text.dad_timeout
                0x000000000000b0c8       0xd8 zephyr/subsys/net/ip/libsubsys__net__ip.a(net_if.c.obj)
 .text.net_context_send_cb
                0x000000000000b1a0       0x58 zephyr/subsys/net/ip/libsubsys__net__ip.a(net_if.c.obj)
 .text.net_if_get_default
                0x000000000000b1f8       0x48 zephyr/subsys/net/ip/libsubsys__net__ip.a(net_if.c.obj)
                0x000000000000b1f8                net_if_get_default
 .text.net_if_get_first_by_type
                0x000000000000b240       0x28 zephyr/subsys/net/ip/libsubsys__net__ip.a(net_if.c.obj)
                0x000000000000b240                net_if_get_first_by_type
 .text.net_if_mcast_mon_register
                0x000000000000b268       0x44 zephyr/subsys/net/ip/libsubsys__net__ip.a(net_if.c.obj)
                0x000000000000b268                net_if_mcast_mon_register
 .text.net_if_mcast_monitor
                0x000000000000b2ac       0x54 zephyr/subsys/net/ip/libsubsys__net__ip.a(net_if.c.obj)
                0x000000000000b2ac                net_if_mcast_monitor
 .text.net_if_config_ipv6_get
                0x000000000000b300       0x80 zephyr/subsys/net/ip/libsubsys__net__ip.a(net_if.c.obj)
                0x000000000000b300                net_if_config_ipv6_get
 .text.net_if_start_rs
                0x000000000000b380       0x78 zephyr/subsys/net/ip/libsubsys__net__ip.a(net_if.c.obj)
                0x000000000000b380                net_if_start_rs
 .text.rs_timeout
                0x000000000000b3f8       0xf8 zephyr/subsys/net/ip/libsubsys__net__ip.a(net_if.c.obj)
 .text.net_if_stop_rs
                0x000000000000b4f0       0x40 zephyr/subsys/net/ip/libsubsys__net__ip.a(net_if.c.obj)
                0x000000000000b4f0                net_if_stop_rs
 .text.net_if_ipv6_addr_lookup
                0x000000000000b530       0x88 zephyr/subsys/net/ip/libsubsys__net__ip.a(net_if.c.obj)
                0x000000000000b530                net_if_ipv6_addr_lookup
 .text.net_if_ipv6_addr_update_lifetime
                0x000000000000b5b8       0x5c zephyr/subsys/net/ip/libsubsys__net__ip.a(net_if.c.obj)
                0x000000000000b5b8                net_if_ipv6_addr_update_lifetime
 .text.net_if_ipv6_maddr_rm
                0x000000000000b614       0x78 zephyr/subsys/net/ip/libsubsys__net__ip.a(net_if.c.obj)
                0x000000000000b614                net_if_ipv6_maddr_rm
 .text.net_if_ipv6_maddr_lookup
                0x000000000000b68c       0x9c zephyr/subsys/net/ip/libsubsys__net__ip.a(net_if.c.obj)
                0x000000000000b68c                net_if_ipv6_maddr_lookup
 .text.net_if_ipv6_maddr_add
                0x000000000000b728       0xcc zephyr/subsys/net/ip/libsubsys__net__ip.a(net_if.c.obj)
                0x000000000000b728                net_if_ipv6_maddr_add
 .text.net_if_ipv6_prefix_add
                0x000000000000b7f4      0x148 zephyr/subsys/net/ip/libsubsys__net__ip.a(net_if.c.obj)
                0x000000000000b7f4                net_if_ipv6_prefix_add
 .text.net_if_ipv6_addr_onlink
                0x000000000000b93c       0x88 zephyr/subsys/net/ip/libsubsys__net__ip.a(net_if.c.obj)
                0x000000000000b93c                net_if_ipv6_addr_onlink
 .text.net_if_ipv6_prefix_set_timer
                0x000000000000b9c4       0x58 zephyr/subsys/net/ip/libsubsys__net__ip.a(net_if.c.obj)
                0x000000000000b9c4                net_if_ipv6_prefix_set_timer
 .text.net_if_ipv6_prefix_unset_timer
                0x000000000000ba1c       0x40 zephyr/subsys/net/ip/libsubsys__net__ip.a(net_if.c.obj)
                0x000000000000ba1c                net_if_ipv6_prefix_unset_timer
 .text.net_if_ipv6_get_global_addr
                0x000000000000ba5c       0x98 zephyr/subsys/net/ip/libsubsys__net__ip.a(net_if.c.obj)
                0x000000000000ba5c                net_if_ipv6_get_global_addr
 .text.net_if_ipv6_select_src_addr_hint
                0x000000000000baf4       0xc8 zephyr/subsys/net/ip/libsubsys__net__ip.a(net_if.c.obj)
                0x000000000000baf4                net_if_ipv6_select_src_addr_hint
 .text.net_if_config_ipv4_get
                0x000000000000bbbc       0x7c zephyr/subsys/net/ip/libsubsys__net__ip.a(net_if.c.obj)
                0x000000000000bbbc                net_if_config_ipv4_get
 .text.net_if_ipv4_is_addr_bcast
                0x000000000000bc38       0x30 zephyr/subsys/net/ip/libsubsys__net__ip.a(net_if.c.obj)
                0x000000000000bc38                net_if_ipv4_is_addr_bcast
 .text.net_if_ipv4_select_src_iface
                0x000000000000bc68       0x30 zephyr/subsys/net/ip/libsubsys__net__ip.a(net_if.c.obj)
                0x000000000000bc68                net_if_ipv4_select_src_iface
 .text.net_if_ipv4_select_src_addr
                0x000000000000bc98       0xa8 zephyr/subsys/net/ip/libsubsys__net__ip.a(net_if.c.obj)
                0x000000000000bc98                net_if_ipv4_select_src_addr
 .text.net_if_ipv4_addr_lookup
                0x000000000000bd40       0x58 zephyr/subsys/net/ip/libsubsys__net__ip.a(net_if.c.obj)
                0x000000000000bd40                net_if_ipv4_addr_lookup
 .text.net_if_ipv4_addr_add
                0x000000000000bd98       0xa4 zephyr/subsys/net/ip/libsubsys__net__ip.a(net_if.c.obj)
                0x000000000000bd98                net_if_ipv4_addr_add
 .text.net_if_ipv4_maddr_lookup
                0x000000000000be3c       0x64 zephyr/subsys/net/ip/libsubsys__net__ip.a(net_if.c.obj)
                0x000000000000be3c                net_if_ipv4_maddr_lookup
 .text.net_if_addr_unref
                0x000000000000bea0      0x138 zephyr/subsys/net/ip/libsubsys__net__ip.a(net_if.c.obj)
                0x000000000000bea0                net_if_addr_unref
 .text.net_if_ipv6_dad_failed
                0x000000000000bfd8       0x6c zephyr/subsys/net/ip/libsubsys__net__ip.a(net_if.c.obj)
                0x000000000000bfd8                net_if_ipv6_dad_failed
 .text.net_if_ipv6_prefix_rm
                0x000000000000c044       0xd8 zephyr/subsys/net/ip/libsubsys__net__ip.a(net_if.c.obj)
                0x000000000000c044                net_if_ipv6_prefix_rm
 .text.prefix_lifetime_timeout
                0x000000000000c11c      0x124 zephyr/subsys/net/ip/libsubsys__net__ip.a(net_if.c.obj)
 .text.address_lifetime_timeout
                0x000000000000c240       0xdc zephyr/subsys/net/ip/libsubsys__net__ip.a(net_if.c.obj)
 .text.net_if_call_link_cb
                0x000000000000c31c       0x4c zephyr/subsys/net/ip/libsubsys__net__ip.a(net_if.c.obj)
                0x000000000000c31c                net_if_call_link_cb
 .text.net_if_tx.isra.0
                0x000000000000c368       0xe8 zephyr/subsys/net/ip/libsubsys__net__ip.a(net_if.c.obj)
 .text.net_if_send_data
                0x000000000000c450       0xb0 zephyr/subsys/net/ip/libsubsys__net__ip.a(net_if.c.obj)
                0x000000000000c450                net_if_send_data
 .text.net_if_get_by_iface
                0x000000000000c500       0x2c zephyr/subsys/net/ip/libsubsys__net__ip.a(net_if.c.obj)
                0x000000000000c500                net_if_get_by_iface
 .text.net_if_ipv6_start_dad
                0x000000000000c52c       0x8c zephyr/subsys/net/ip/libsubsys__net__ip.a(net_if.c.obj)
                0x000000000000c52c                net_if_ipv6_start_dad
 .text.join_mcast_allnodes
                0x000000000000c5b8       0x7c zephyr/subsys/net/ip/libsubsys__net__ip.a(net_if.c.obj)
 .text.join_mcast_nodes
                0x000000000000c634       0x74 zephyr/subsys/net/ip/libsubsys__net__ip.a(net_if.c.obj)
 .text.net_if_ipv6_addr_add
                0x000000000000c6a8      0x160 zephyr/subsys/net/ip/libsubsys__net__ip.a(net_if.c.obj)
                0x000000000000c6a8                net_if_ipv6_addr_add
 .text.net_if_start_dad
                0x000000000000c808       0xf0 zephyr/subsys/net/ip/libsubsys__net__ip.a(net_if.c.obj)
                0x000000000000c808                net_if_start_dad
 .text.update_operational_state
                0x000000000000c8f8      0x24c zephyr/subsys/net/ip/libsubsys__net__ip.a(net_if.c.obj)
 .text.net_if_foreach
                0x000000000000cb44       0x24 zephyr/subsys/net/ip/libsubsys__net__ip.a(net_if.c.obj)
                0x000000000000cb44                net_if_foreach
 .text.net_if_up
                0x000000000000cb68       0x74 zephyr/subsys/net/ip/libsubsys__net__ip.a(net_if.c.obj)
                0x000000000000cb68                net_if_up
 .text.net_if_down
                0x000000000000cbdc       0x94 zephyr/subsys/net/ip/libsubsys__net__ip.a(net_if.c.obj)
                0x000000000000cbdc                net_if_down
 .text.net_if_is_wifi
                0x000000000000cc70       0x24 zephyr/subsys/net/ip/libsubsys__net__ip.a(net_if.c.obj)
                0x000000000000cc70                net_if_is_wifi
 .text.net_if_set_name
                0x000000000000cc94       0x64 zephyr/subsys/net/ip/libsubsys__net__ip.a(net_if.c.obj)
                0x000000000000cc94                net_if_set_name
 .text.net_if_get_by_name
                0x000000000000ccf8       0x44 zephyr/subsys/net/ip/libsubsys__net__ip.a(net_if.c.obj)
                0x000000000000ccf8                net_if_get_by_name
 .text.net_if_init
                0x000000000000cd3c      0x2e4 zephyr/subsys/net/ip/libsubsys__net__ip.a(net_if.c.obj)
                0x000000000000cd3c                net_if_init
 .text.net_if_post_init
                0x000000000000d020       0x28 zephyr/subsys/net/ip/libsubsys__net__ip.a(net_if.c.obj)
                0x000000000000d020                net_if_post_init
 .text.net_sprint_ll_addr_buf
                0x000000000000d048       0x58 zephyr/subsys/net/ip/libsubsys__net__ip.a(utils.c.obj)
                0x000000000000d048                net_sprint_ll_addr_buf
 .text.z_impl_net_addr_ntop
                0x000000000000d0a0      0x210 zephyr/subsys/net/ip/libsubsys__net__ip.a(utils.c.obj)
                0x000000000000d0a0                z_impl_net_addr_ntop
 .text.net_sprint_addr
                0x000000000000d2b0       0x2c zephyr/subsys/net/ip/libsubsys__net__ip.a(utils.c.obj)
                0x000000000000d2b0                net_sprint_addr
 .text.z_impl_net_addr_pton
                0x000000000000d2dc      0x190 zephyr/subsys/net/ip/libsubsys__net__ip.a(utils.c.obj)
                0x000000000000d2dc                z_impl_net_addr_pton
 .text.net_ipv4_unspecified_address
                0x000000000000d46c        0x8 zephyr/subsys/net/ip/libsubsys__net__ip.a(utils.c.obj)
                0x000000000000d46c                net_ipv4_unspecified_address
 .text.net_ipv4_broadcast_address
                0x000000000000d474        0x8 zephyr/subsys/net/ip/libsubsys__net__ip.a(utils.c.obj)
                0x000000000000d474                net_ipv4_broadcast_address
 .text.net_ipv6_unspecified_address
                0x000000000000d47c        0x8 zephyr/subsys/net/ip/libsubsys__net__ip.a(utils.c.obj)
                0x000000000000d47c                net_ipv6_unspecified_address
 .text.mgmt_event_work_handler
                0x000000000000d484      0x144 zephyr/subsys/net/ip/libsubsys__net__ip.a(net_mgmt.c.obj)
 .text.sys_slist_find_and_remove.constprop.0.isra.0
                0x000000000000d5c8       0x38 zephyr/subsys/net/ip/libsubsys__net__ip.a(net_mgmt.c.obj)
 .text.mgmt_rebuild_global_event_mask
                0x000000000000d600       0x5c zephyr/subsys/net/ip/libsubsys__net__ip.a(net_mgmt.c.obj)
 .text.net_mgmt_add_event_callback
                0x000000000000d65c       0x48 zephyr/subsys/net/ip/libsubsys__net__ip.a(net_mgmt.c.obj)
                0x000000000000d65c                net_mgmt_add_event_callback
 .text.net_mgmt_del_event_callback
                0x000000000000d6a4       0x2c zephyr/subsys/net/ip/libsubsys__net__ip.a(net_mgmt.c.obj)
                0x000000000000d6a4                net_mgmt_del_event_callback
 .text.net_mgmt_event_notify_with_info
                0x000000000000d6d0       0xf0 zephyr/subsys/net/ip/libsubsys__net__ip.a(net_mgmt.c.obj)
                0x000000000000d6d0                net_mgmt_event_notify_with_info
 .text.net_mgmt_event_init
                0x000000000000d7c0       0x3c zephyr/subsys/net/ip/libsubsys__net__ip.a(net_mgmt.c.obj)
                0x000000000000d7c0                net_mgmt_event_init
 .text.net_context_packet_received
                0x000000000000d7fc       0xe0 zephyr/subsys/net/ip/libsubsys__net__ip.a(net_context.c.obj)
                0x000000000000d7fc                net_context_packet_received
 .text.check_used_port
                0x000000000000d8dc      0x168 zephyr/subsys/net/ip/libsubsys__net__ip.a(net_context.c.obj)
 .text.find_available_port
                0x000000000000da44       0x40 zephyr/subsys/net/ip/libsubsys__net__ip.a(net_context.c.obj)
 .text.net_context_get
                0x000000000000da84      0x194 zephyr/subsys/net/ip/libsubsys__net__ip.a(net_context.c.obj)
                0x000000000000da84                net_context_get
 .text.net_context_put
                0x000000000000dc18       0x50 zephyr/subsys/net/ip/libsubsys__net__ip.a(net_context.c.obj)
                0x000000000000dc18                net_context_put
 .text.net_context_bind
                0x000000000000dc68      0x1d4 zephyr/subsys/net/ip/libsubsys__net__ip.a(net_context.c.obj)
                0x000000000000dc68                net_context_bind
 .text.context_sendto.constprop.0
                0x000000000000de3c      0x2fc zephyr/subsys/net/ip/libsubsys__net__ip.a(net_context.c.obj)
 .text.net_context_recv
                0x000000000000e138      0x174 zephyr/subsys/net/ip/libsubsys__net__ip.a(net_context.c.obj)
                0x000000000000e138                net_context_recv
 .text.net_context_set_option
                0x000000000000e2ac      0x100 zephyr/subsys/net/ip/libsubsys__net__ip.a(net_context.c.obj)
                0x000000000000e2ac                net_context_set_option
 .text.net_context_get_option
                0x000000000000e3ac       0xb4 zephyr/subsys/net/ip/libsubsys__net__ip.a(net_context.c.obj)
                0x000000000000e3ac                net_context_get_option
 .text.net_context_init
                0x000000000000e460       0x10 zephyr/subsys/net/ip/libsubsys__net__ip.a(net_context.c.obj)
                0x000000000000e460                net_context_init
 .text.net_pkt_get_reserve_data
                0x000000000000e470       0x50 zephyr/subsys/net/ip/libsubsys__net__ip.a(net_pkt.c.obj)
                0x000000000000e470                net_pkt_get_reserve_data
 .text.net_pkt_get_reserve_rx_data
                0x000000000000e4c0        0xc zephyr/subsys/net/ip/libsubsys__net__ip.a(net_pkt.c.obj)
                0x000000000000e4c0                net_pkt_get_reserve_rx_data
 .text.net_pkt_get_reserve_tx_data
                0x000000000000e4cc        0xc zephyr/subsys/net/ip/libsubsys__net__ip.a(net_pkt.c.obj)
                0x000000000000e4cc                net_pkt_get_reserve_tx_data
 .text.net_pkt_get_frag
                0x000000000000e4d8       0x20 zephyr/subsys/net/ip/libsubsys__net__ip.a(net_pkt.c.obj)
                0x000000000000e4d8                net_pkt_get_frag
 .text.pkt_alloc
                0x000000000000e4f8       0x58 zephyr/subsys/net/ip/libsubsys__net__ip.a(net_pkt.c.obj)
 .text.net_pkt_alloc
                0x000000000000e550       0x10 zephyr/subsys/net/ip/libsubsys__net__ip.a(net_pkt.c.obj)
                0x000000000000e550                net_pkt_alloc
 .text.net_pkt_rx_alloc
                0x000000000000e560       0x10 zephyr/subsys/net/ip/libsubsys__net__ip.a(net_pkt.c.obj)
                0x000000000000e560                net_pkt_rx_alloc
 .text.net_pkt_rx_alloc_on_iface
                0x000000000000e570        0xc zephyr/subsys/net/ip/libsubsys__net__ip.a(net_pkt.c.obj)
                0x000000000000e570                net_pkt_rx_alloc_on_iface
 .text.net_pkt_alloc_buffer
                0x000000000000e57c       0xfc zephyr/subsys/net/ip/libsubsys__net__ip.a(net_pkt.c.obj)
                0x000000000000e57c                net_pkt_alloc_buffer
 .text.net_pkt_alloc_with_buffer
                0x000000000000e678       0x24 zephyr/subsys/net/ip/libsubsys__net__ip.a(net_pkt.c.obj)
                0x000000000000e678                net_pkt_alloc_with_buffer
 .text.net_pkt_rx_alloc_with_buffer
                0x000000000000e69c       0x24 zephyr/subsys/net/ip/libsubsys__net__ip.a(net_pkt.c.obj)
                0x000000000000e69c                net_pkt_rx_alloc_with_buffer
 .text.net_pkt_alloc_buffer_raw
                0x000000000000e6c0       0x7c zephyr/subsys/net/ip/libsubsys__net__ip.a(net_pkt.c.obj)
                0x000000000000e6c0                net_pkt_alloc_buffer_raw
 .text.net_pkt_get_data
                0x000000000000e73c       0x60 zephyr/subsys/net/ip/libsubsys__net__ip.a(net_pkt.c.obj)
                0x000000000000e73c                net_pkt_get_data
 .text.z_log_msg_runtime_create.constprop.0
                0x000000000000e79c       0x24 zephyr/subsys/net/ip/libsubsys__net__ip.a(net_tc.c.obj)
 .text.net_tc_submit_to_rx_queue
                0x000000000000e7c0       0x10 zephyr/subsys/net/ip/libsubsys__net__ip.a(net_tc.c.obj)
                0x000000000000e7c0                net_tc_submit_to_rx_queue
 .text.net_rx_priority2tc
                0x000000000000e7d0       0x10 zephyr/subsys/net/ip/libsubsys__net__ip.a(net_tc.c.obj)
                0x000000000000e7d0                net_rx_priority2tc
 .text.net_tc_rx_init
                0x000000000000e7e0       0x78 zephyr/subsys/net/ip/libsubsys__net__ip.a(net_tc.c.obj)
                0x000000000000e7e0                net_tc_rx_init
 .text.icmp_call_handlers
                0x000000000000e858       0x6c zephyr/subsys/net/ip/libsubsys__net__ip.a(icmp.c.obj)
 .text.net_icmp_init_ctx
                0x000000000000e8c4       0x50 zephyr/subsys/net/ip/libsubsys__net__ip.a(icmp.c.obj)
                0x000000000000e8c4                net_icmp_init_ctx
 .text.net_stats_update_per_proto_recv
                0x000000000000e914       0x34 zephyr/subsys/net/ip/libsubsys__net__ip.a(connection.c.obj)
 .text.net_stats_update_per_proto_drop
                0x000000000000e948       0x34 zephyr/subsys/net/ip/libsubsys__net__ip.a(connection.c.obj)
 .text.net_conn_change_remote
                0x000000000000e97c       0xa0 zephyr/subsys/net/ip/libsubsys__net__ip.a(connection.c.obj)
 .text.k_mutex_lock.constprop.0.isra.0
                0x000000000000ea1c       0x10 zephyr/subsys/net/ip/libsubsys__net__ip.a(connection.c.obj)
 .text.k_mutex_unlock.constprop.0.isra.0
                0x000000000000ea2c        0xc zephyr/subsys/net/ip/libsubsys__net__ip.a(connection.c.obj)
 .text.conn_set_unused
                0x000000000000ea38       0x34 zephyr/subsys/net/ip/libsubsys__net__ip.a(connection.c.obj)
 .text.net_conn_register
                0x000000000000ea6c      0x2f8 zephyr/subsys/net/ip/libsubsys__net__ip.a(connection.c.obj)
                0x000000000000ea6c                net_conn_register
 .text.net_conn_unregister
                0x000000000000ed64       0x78 zephyr/subsys/net/ip/libsubsys__net__ip.a(connection.c.obj)
                0x000000000000ed64                net_conn_unregister
 .text.net_conn_update
                0x000000000000eddc       0x40 zephyr/subsys/net/ip/libsubsys__net__ip.a(connection.c.obj)
                0x000000000000eddc                net_conn_update
 .text.net_conn_input
                0x000000000000ee1c      0x2b8 zephyr/subsys/net/ip/libsubsys__net__ip.a(connection.c.obj)
                0x000000000000ee1c                net_conn_input
 .text.net_conn_init
                0x000000000000f0d4       0x40 zephyr/subsys/net/ip/libsubsys__net__ip.a(connection.c.obj)
                0x000000000000f0d4                net_conn_init
 .text.icmpv4_handle_echo_request
                0x000000000000f114      0x118 zephyr/subsys/net/ip/libsubsys__net__ip.a(icmpv4.c.obj)
 .text.net_icmpv4_send_error
                0x000000000000f22c      0x120 zephyr/subsys/net/ip/libsubsys__net__ip.a(icmpv4.c.obj)
                0x000000000000f22c                net_icmpv4_send_error
 .text.net_icmpv4_input
                0x000000000000f34c       0xac zephyr/subsys/net/ip/libsubsys__net__ip.a(icmpv4.c.obj)
                0x000000000000f34c                net_icmpv4_input
 .text.net_icmpv4_init
                0x000000000000f3f8       0x48 zephyr/subsys/net/ip/libsubsys__net__ip.a(icmpv4.c.obj)
                0x000000000000f3f8                net_icmpv4_init
 .text.net_ipv4_input
                0x000000000000f440      0x1c4 zephyr/subsys/net/ip/libsubsys__net__ip.a(ipv4.c.obj)
                0x000000000000f440                net_ipv4_input
 .text.icmpv6_handle_echo_request
                0x000000000000f604       0xfc zephyr/subsys/net/ip/libsubsys__net__ip.a(icmpv6.c.obj)
 .text.net_icmpv6_send_error
                0x000000000000f700      0x1bc zephyr/subsys/net/ip/libsubsys__net__ip.a(icmpv6.c.obj)
                0x000000000000f700                net_icmpv6_send_error
 .text.net_icmpv6_input
                0x000000000000f8bc       0x98 zephyr/subsys/net/ip/libsubsys__net__ip.a(icmpv6.c.obj)
                0x000000000000f8bc                net_icmpv6_input
 .text.net_icmpv6_init
                0x000000000000f954       0x48 zephyr/subsys/net/ip/libsubsys__net__ip.a(icmpv6.c.obj)
                0x000000000000f954                net_icmpv6_init
 .text.net_nbr_link
                0x000000000000f99c       0xc4 zephyr/subsys/net/ip/libsubsys__net__ip.a(nbr.c.obj)
                0x000000000000f99c                net_nbr_link
 .text.net_nbr_unlink
                0x000000000000fa60       0x40 zephyr/subsys/net/ip/libsubsys__net__ip.a(nbr.c.obj)
                0x000000000000fa60                net_nbr_unlink
 .text.net_nbr_get_lladdr
                0x000000000000faa0       0x10 zephyr/subsys/net/ip/libsubsys__net__ip.a(nbr.c.obj)
                0x000000000000faa0                net_nbr_get_lladdr
 .text.net_ipv6_input
                0x000000000000fab0      0x408 zephyr/subsys/net/ip/libsubsys__net__ip.a(ipv6.c.obj)
                0x000000000000fab0                net_ipv6_input
 .text.net_stats_update_ipv6_nd_drop
                0x000000000000feb8       0x1c zephyr/subsys/net/ip/libsubsys__net__ip.a(ipv6_nbr.c.obj)
 .text.ipv6_nbr_set_state
                0x000000000000fed4       0x6c zephyr/subsys/net/ip/libsubsys__net__ip.a(ipv6_nbr.c.obj)
 .text.nbr_new  0x000000000000ff40       0x84 zephyr/subsys/net/ip/libsubsys__net__ip.a(ipv6_nbr.c.obj)
 .text.ipv6_nd_restart_reachable_timer
                0x000000000000ffc4       0x64 zephyr/subsys/net/ip/libsubsys__net__ip.a(ipv6_nbr.c.obj)
 .text.nbr_lookup.constprop.0
                0x0000000000010028       0x44 zephyr/subsys/net/ip/libsubsys__net__ip.a(ipv6_nbr.c.obj)
 .text.dad_failed.isra.0
                0x000000000001006c       0x38 zephyr/subsys/net/ip/libsubsys__net__ip.a(ipv6_nbr.c.obj)
 .text.dbg_update_neighbor_lladdr.constprop.0
                0x00000000000100a4       0x28 zephyr/subsys/net/ip/libsubsys__net__ip.a(ipv6_nbr.c.obj)
 .text.net_ipv6_nbr_lock
                0x00000000000100cc       0x14 zephyr/subsys/net/ip/libsubsys__net__ip.a(ipv6_nbr.c.obj)
                0x00000000000100cc                net_ipv6_nbr_lock
 .text.net_ipv6_nbr_unlock
                0x00000000000100e0        0xc zephyr/subsys/net/ip/libsubsys__net__ip.a(ipv6_nbr.c.obj)
                0x00000000000100e0                net_ipv6_nbr_unlock
 .text.ipv6_ns_reply_timeout
                0x00000000000100ec       0xb4 zephyr/subsys/net/ip/libsubsys__net__ip.a(ipv6_nbr.c.obj)
 .text.net_ipv6_nbr_rm
                0x00000000000101a0       0x70 zephyr/subsys/net/ip/libsubsys__net__ip.a(ipv6_nbr.c.obj)
                0x00000000000101a0                net_ipv6_nbr_rm
 .text.add_nbr  0x0000000000010210       0xa0 zephyr/subsys/net/ip/libsubsys__net__ip.a(ipv6_nbr.c.obj)
 .text.net_ipv6_send_na
                0x00000000000102b0      0x110 zephyr/subsys/net/ip/libsubsys__net__ip.a(ipv6_nbr.c.obj)
                0x00000000000102b0                net_ipv6_send_na
 .text.handle_na_input
                0x00000000000103c0      0x2f0 zephyr/subsys/net/ip/libsubsys__net__ip.a(ipv6_nbr.c.obj)
 .text.net_ipv6_send_ns
                0x00000000000106b0      0x220 zephyr/subsys/net/ip/libsubsys__net__ip.a(ipv6_nbr.c.obj)
                0x00000000000106b0                net_ipv6_send_ns
 .text.net_ipv6_nbr_add
                0x00000000000108d0      0x114 zephyr/subsys/net/ip/libsubsys__net__ip.a(ipv6_nbr.c.obj)
                0x00000000000108d0                net_ipv6_nbr_add
 .text.handle_ra_input
                0x00000000000109e4      0x63c zephyr/subsys/net/ip/libsubsys__net__ip.a(ipv6_nbr.c.obj)
 .text.handle_ns_input
                0x0000000000011020      0x298 zephyr/subsys/net/ip/libsubsys__net__ip.a(ipv6_nbr.c.obj)
 .text.ipv6_nd_reachable_timeout
                0x00000000000112b8       0xec zephyr/subsys/net/ip/libsubsys__net__ip.a(ipv6_nbr.c.obj)
 .text.net_ipv6_send_rs
                0x00000000000113a4      0x108 zephyr/subsys/net/ip/libsubsys__net__ip.a(ipv6_nbr.c.obj)
                0x00000000000113a4                net_ipv6_send_rs
 .text.net_ipv6_nbr_init
                0x00000000000114ac       0xd4 zephyr/subsys/net/ip/libsubsys__net__ip.a(ipv6_nbr.c.obj)
                0x00000000000114ac                net_ipv6_nbr_init
 .text.mld_send
                0x0000000000011580       0x74 zephyr/subsys/net/ip/libsubsys__net__ip.a(ipv6_mld.c.obj)
 .text.z_log_msg_runtime_create.constprop.0
                0x00000000000115f4       0x24 zephyr/subsys/net/ip/libsubsys__net__ip.a(ipv6_mld.c.obj)
 .text.handle_mld_query
                0x0000000000011618      0x164 zephyr/subsys/net/ip/libsubsys__net__ip.a(ipv6_mld.c.obj)
 .text.net_ipv6_mld_join
                0x000000000001177c       0x94 zephyr/subsys/net/ip/libsubsys__net__ip.a(ipv6_mld.c.obj)
                0x000000000001177c                net_ipv6_mld_join
 .text.net_ipv6_mld_leave
                0x0000000000011810       0x68 zephyr/subsys/net/ip/libsubsys__net__ip.a(ipv6_mld.c.obj)
                0x0000000000011810                net_ipv6_mld_leave
 .text.net_ipv6_mld_init
                0x0000000000011878       0x48 zephyr/subsys/net/ip/libsubsys__net__ip.a(ipv6_mld.c.obj)
                0x0000000000011878                net_ipv6_mld_init
 .text.nbr_new  0x00000000000118c0       0x5c zephyr/subsys/net/ip/libsubsys__net__ip.a(route.c.obj)
 .text.net_route_get_nbr
                0x000000000001191c       0x38 zephyr/subsys/net/ip/libsubsys__net__ip.a(route.c.obj)
                0x000000000001191c                net_route_get_nbr
 .text.net_route_lookup
                0x0000000000011954       0xbc zephyr/subsys/net/ip/libsubsys__net__ip.a(route.c.obj)
                0x0000000000011954                net_route_lookup
 .text.net_route_update_lifetime
                0x0000000000011a10       0x78 zephyr/subsys/net/ip/libsubsys__net__ip.a(route.c.obj)
                0x0000000000011a10                net_route_update_lifetime
 .text.net_route_get_nexthop
                0x0000000000011a88       0x48 zephyr/subsys/net/ip/libsubsys__net__ip.a(route.c.obj)
                0x0000000000011a88                net_route_get_nexthop
 .text.net_route_del
                0x0000000000011ad0       0xe4 zephyr/subsys/net/ip/libsubsys__net__ip.a(route.c.obj)
                0x0000000000011ad0                net_route_del
 .text.net_route_del_by_nexthop
                0x0000000000011bb4       0x58 zephyr/subsys/net/ip/libsubsys__net__ip.a(route.c.obj)
                0x0000000000011bb4                net_route_del_by_nexthop
 .text.route_lifetime_timeout
                0x0000000000011c0c       0x94 zephyr/subsys/net/ip/libsubsys__net__ip.a(route.c.obj)
 .text.net_route_add
                0x0000000000011ca0      0x1d8 zephyr/subsys/net/ip/libsubsys__net__ip.a(route.c.obj)
                0x0000000000011ca0                net_route_add
 .text.net_route_packet
                0x0000000000011e78       0xd0 zephyr/subsys/net/ip/libsubsys__net__ip.a(route.c.obj)
                0x0000000000011e78                net_route_packet
 .text.net_route_init
                0x0000000000011f48       0x10 zephyr/subsys/net/ip/libsubsys__net__ip.a(route.c.obj)
                0x0000000000011f48                net_route_init
 .text.net_stats_update_tcp_seg_drop
                0x0000000000011f58       0x14 zephyr/subsys/net/ip/libsubsys__net__ip.a(tcp.c.obj)
 .text.tcp_setup_last_ack_timer
                0x0000000000011f6c       0x44 zephyr/subsys/net/ip/libsubsys__net__ip.a(tcp.c.obj)
 .text.tcp_send
                0x0000000000011fb0       0x50 zephyr/subsys/net/ip/libsubsys__net__ip.a(tcp.c.obj)
 .text.tcp_unsent_len
                0x0000000000012000       0x60 zephyr/subsys/net/ip/libsubsys__net__ip.a(tcp.c.obj)
 .text.th_get   0x0000000000012060      0x114 zephyr/subsys/net/ip/libsubsys__net__ip.a(tcp.c.obj)
 .text.tcp_endpoint_set
                0x0000000000012174       0xb8 zephyr/subsys/net/ip/libsubsys__net__ip.a(tcp.c.obj)
 .text.tcp_send_timer_cancel
                0x000000000001222c       0x88 zephyr/subsys/net/ip/libsubsys__net__ip.a(tcp.c.obj)
 .text.tcp_enter_time_wait
                0x00000000000122b4       0x28 zephyr/subsys/net/ip/libsubsys__net__ip.a(tcp.c.obj)
 .text.tcp_send_process_no_lock
                0x00000000000122dc      0x160 zephyr/subsys/net/ip/libsubsys__net__ip.a(tcp.c.obj)
 .text.tcp_conn_release
                0x000000000001243c      0x14c zephyr/subsys/net/ip/libsubsys__net__ip.a(tcp.c.obj)
 .text.tcp_conn_unref.isra.0
                0x0000000000012588       0x70 zephyr/subsys/net/ip/libsubsys__net__ip.a(tcp.c.obj)
 .text.net_tcp_get
                0x00000000000125f8      0x1d4 zephyr/subsys/net/ip/libsubsys__net__ip.a(tcp.c.obj)
                0x00000000000125f8                net_tcp_get
 .text.net_tcp_accept
                0x00000000000127cc       0xbc zephyr/subsys/net/ip/libsubsys__net__ip.a(tcp.c.obj)
                0x00000000000127cc                net_tcp_accept
 .text.net_tcp_input
                0x0000000000012888       0x50 zephyr/subsys/net/ip/libsubsys__net__ip.a(tcp.c.obj)
                0x0000000000012888                net_tcp_input
 .text.tcp_out_ext
                0x00000000000128d8      0x1c8 zephyr/subsys/net/ip/libsubsys__net__ip.a(tcp.c.obj)
 .text.tcp_send_zwp
                0x0000000000012aa0       0xac zephyr/subsys/net/ip/libsubsys__net__ip.a(tcp.c.obj)
 .text.net_tcp_put
                0x0000000000012b4c       0xd4 zephyr/subsys/net/ip/libsubsys__net__ip.a(tcp.c.obj)
                0x0000000000012b4c                net_tcp_put
 .text.tcp_send_data
                0x0000000000012c20      0x1a0 zephyr/subsys/net/ip/libsubsys__net__ip.a(tcp.c.obj)
 .text.tcp_resend_data
                0x0000000000012dc0      0x210 zephyr/subsys/net/ip/libsubsys__net__ip.a(tcp.c.obj)
 .text.net_tcp_update_recv_wnd
                0x0000000000012fd0       0x54 zephyr/subsys/net/ip/libsubsys__net__ip.a(tcp.c.obj)
                0x0000000000012fd0                net_tcp_update_recv_wnd
 .text.tcp_data_get
                0x0000000000013024       0xfc zephyr/subsys/net/ip/libsubsys__net__ip.a(tcp.c.obj)
 .text.tcp_send_queued_data.part.0
                0x0000000000013120       0xb4 zephyr/subsys/net/ip/libsubsys__net__ip.a(tcp.c.obj)
 .text.tcp_in   0x00000000000131d4      0xfc8 zephyr/subsys/net/ip/libsubsys__net__ip.a(tcp.c.obj)
 .text.net_tcp_connect
                0x000000000001419c      0x26c zephyr/subsys/net/ip/libsubsys__net__ip.a(tcp.c.obj)
                0x000000000001419c                net_tcp_connect
 .text.tcp_recv
                0x0000000000014408      0x278 zephyr/subsys/net/ip/libsubsys__net__ip.a(tcp.c.obj)
 .text.net_tcp_init
                0x0000000000014680       0x50 zephyr/subsys/net/ip/libsubsys__net__ip.a(tcp.c.obj)
                0x0000000000014680                net_tcp_init
 .text.net_udp_input
                0x00000000000146d0       0x88 zephyr/subsys/net/ip/libsubsys__net__ip.a(udp.c.obj)
                0x00000000000146d0                net_udp_input
 .text.dns_resolve_init_locked
                0x0000000000014758      0x124 zephyr/subsys/net/lib/dns/libsubsys__net__lib__dns.a(resolve.c.obj)
 .text.dns_resolve_close_locked
                0x000000000001487c       0xac zephyr/subsys/net/lib/dns/libsubsys__net__lib__dns.a(resolve.c.obj)
 .text.dns_write.constprop.0
                0x0000000000014928       0xec zephyr/subsys/net/lib/dns/libsubsys__net__lib__dns.a(resolve.c.obj)
 .text.dns_resolve_cancel_with_name
                0x0000000000014a14       0xa8 zephyr/subsys/net/lib/dns/libsubsys__net__lib__dns.a(resolve.c.obj)
                0x0000000000014a14                dns_resolve_cancel_with_name
 .text.svc_handler
                0x0000000000014abc      0x430 zephyr/subsys/net/lib/dns/libsubsys__net__lib__dns.a(resolve.c.obj)
 .text.dns_resolve_get_default
                0x0000000000014eec        0x8 zephyr/subsys/net/lib/dns/libsubsys__net__lib__dns.a(resolve.c.obj)
                0x0000000000014eec                dns_resolve_get_default
 .text.dns_resolve_init_default
                0x0000000000014ef4       0x14 zephyr/subsys/net/lib/dns/libsubsys__net__lib__dns.a(resolve.c.obj)
                0x0000000000014ef4                dns_resolve_init_default
 .text.dns_init_resolver
                0x0000000000014f08        0xc zephyr/subsys/net/lib/dns/libsubsys__net__lib__dns.a(resolve.c.obj)
                0x0000000000014f08                dns_init_resolver
 .text.conn_mgr_mon_init
                0x0000000000014f14       0x54 zephyr/subsys/net/conn_mgr/libsubsys__net__conn_mgr.a(conn_mgr_monitor.c.obj)
 .text.k_mutex_lock.constprop.0.isra.0
                0x0000000000014f68       0x10 zephyr/subsys/net/conn_mgr/libsubsys__net__conn_mgr.a(conn_mgr_monitor.c.obj)
 .text.k_mutex_unlock.constprop.0.isra.0
                0x0000000000014f78        0xc zephyr/subsys/net/conn_mgr/libsubsys__net__conn_mgr.a(conn_mgr_monitor.c.obj)
 .text.conn_mgr_mon_thread_fn
                0x0000000000014f84       0xf8 zephyr/subsys/net/conn_mgr/libsubsys__net__conn_mgr.a(conn_mgr_monitor.c.obj)
 .text.conn_mgr_mon_init_cb
                0x000000000001507c       0x90 zephyr/subsys/net/conn_mgr/libsubsys__net__conn_mgr.a(conn_mgr_monitor.c.obj)
 .text.conn_mgr_ipv6_events_handler
                0x000000000001510c       0x9c zephyr/subsys/net/conn_mgr/libsubsys__net__conn_mgr.a(events_handler.c.obj)
 .text.conn_mgr_ipv4_events_handler
                0x00000000000151a8       0x88 zephyr/subsys/net/conn_mgr/libsubsys__net__conn_mgr.a(events_handler.c.obj)
 .text.conn_mgr_iface_events_handler
                0x0000000000015230       0x74 zephyr/subsys/net/conn_mgr/libsubsys__net__conn_mgr.a(events_handler.c.obj)
 .text.conn_mgr_init_events_handler
                0x00000000000152a4       0x54 zephyr/subsys/net/conn_mgr/libsubsys__net__conn_mgr.a(events_handler.c.obj)
                0x00000000000152a4                conn_mgr_init_events_handler
 .text.conn_mgr_if_get_binding
                0x00000000000152f8       0x2c zephyr/subsys/net/conn_mgr/libsubsys__net__conn_mgr.a(conn_mgr_connectivity.c.obj)
 .text.conn_mgr_conn_self_handler
                0x0000000000015324       0x80 zephyr/subsys/net/conn_mgr/libsubsys__net__conn_mgr.a(conn_mgr_connectivity.c.obj)
 .text.conn_mgr_conn_handle_iface_admin_up
                0x00000000000153a4       0x44 zephyr/subsys/net/conn_mgr/libsubsys__net__conn_mgr.a(conn_mgr_connectivity.c.obj)
 .text.conn_mgr_conn_iface_handler
                0x00000000000153e8       0x4c zephyr/subsys/net/conn_mgr/libsubsys__net__conn_mgr.a(conn_mgr_connectivity.c.obj)
 .text.conn_mgr_conn_init
                0x0000000000015434       0xb0 zephyr/subsys/net/conn_mgr/libsubsys__net__conn_mgr.a(conn_mgr_connectivity.c.obj)
                0x0000000000015434                conn_mgr_conn_init
 .text.uart_console_init
                0x00000000000154e4       0x28 zephyr/drivers/console/libdrivers__console.a(uart_console.c.obj)
 .text.console_out
                0x000000000001550c       0x28 zephyr/drivers/console/libdrivers__console.a(uart_console.c.obj)
 .text.eth_stellaris_isr
                0x0000000000015534      0x1b8 zephyr/drivers/ethernet/libdrivers__ethernet.a(eth_stellaris.c.obj)
 .text.modem_cellular_chat_clock_callback_handler
                0x00000000000156ec       0x28 zephyr/drivers/modem/libdrivers__modem.a(modem_cellular.c.obj)
                0x00000000000156ec                modem_cellular_chat_clock_callback_handler
 .text.get_file_size
                0x0000000000015714       0x20 zephyr/drivers/modem/libdrivers__modem.a(modem_cellular.c.obj)
 .text.modem_cellular_OTA
                0x0000000000015734       0x3c zephyr/drivers/modem/libdrivers__modem.a(modem_cellular.c.obj)
                0x0000000000015734                modem_cellular_OTA
 .text.modem_cellular_subs
                0x0000000000015770       0x34 zephyr/drivers/modem/libdrivers__modem.a(modem_cellular.c.obj)
                0x0000000000015770                modem_cellular_subs
 .text.modem_cellular_cell_search
                0x00000000000157a4       0x28 zephyr/drivers/modem/libdrivers__modem.a(modem_cellular.c.obj)
                0x00000000000157a4                modem_cellular_cell_search
 .text.modem_cellular_get_signal
                0x00000000000157cc       0x84 zephyr/drivers/modem/libdrivers__modem.a(modem_cellular.c.obj)
 .text.get_subs_data
                0x0000000000015850       0xd4 zephyr/drivers/modem/libdrivers__modem.a(modem_cellular.c.obj)
 .text.modem_cellular_chat_OTA_callback_handler
                0x0000000000015924       0x2c zephyr/drivers/modem/libdrivers__modem.a(modem_cellular.c.obj)
 .text.modem_cellular_chat_lbs_cb
                0x0000000000015950       0x28 zephyr/drivers/modem/libdrivers__modem.a(modem_cellular.c.obj)
 .text.modem_cellular_chat_subs_callback_handler
                0x0000000000015978       0x2c zephyr/drivers/modem/libdrivers__modem.a(modem_cellular.c.obj)
 .text.modem_cellular_chat_cellsearch_callback_handler
                0x00000000000159a4       0x2c zephyr/drivers/modem/libdrivers__modem.a(modem_cellular.c.obj)
 .text.get_file_handler_ota
                0x00000000000159d0       0x64 zephyr/drivers/modem/libdrivers__modem.a(modem_cellular.c.obj)
 .text.modem_cellular_chat_lbs
                0x0000000000015a34       0x34 zephyr/drivers/modem/libdrivers__modem.a(modem_cellular.c.obj)
 .text.get_file_handler
                0x0000000000015a68       0x64 zephyr/drivers/modem/libdrivers__modem.a(modem_cellular.c.obj)
 .text.modem_cellular_chat_on_psim_no_sim
                0x0000000000015acc       0x48 zephyr/drivers/modem/libdrivers__modem.a(modem_cellular.c.obj)
 .text.flash_erase_handler
                0x0000000000015b14       0x38 zephyr/drivers/modem/libdrivers__modem.a(modem_cellular.c.obj)
 .text.get_file_data
                0x0000000000015b4c      0x14c zephyr/drivers/modem/libdrivers__modem.a(modem_cellular.c.obj)
 .text.modem_cellular_init
                0x0000000000015c98      0x174 zephyr/drivers/modem/libdrivers__modem.a(modem_cellular.c.obj)
 .text.modem_cellular_chat_on_cxreg
                0x0000000000015e0c       0x7c zephyr/drivers/modem/libdrivers__modem.a(modem_cellular.c.obj)
 .text.modem_cellular_enter_state
                0x0000000000015e88      0x218 zephyr/drivers/modem/libdrivers__modem.a(modem_cellular.c.obj)
 .text.modem_cellular_event_dispatch_handler
                0x00000000000160a0      0x38c zephyr/drivers/modem/libdrivers__modem.a(modem_cellular.c.obj)
 .text.convert_to_unix_time
                0x000000000001642c       0xa8 zephyr/drivers/modem/libdrivers__modem.a(modem_cellular.c.obj)
                0x000000000001642c                convert_to_unix_time
 .text.modem_cellular_get_lbs_location
                0x00000000000164d4       0x3c zephyr/drivers/modem/libdrivers__modem.a(modem_cellular.c.obj)
                0x00000000000164d4                modem_cellular_get_lbs_location
 .text.modem_cellular_clock
                0x0000000000016510       0x28 zephyr/drivers/modem/libdrivers__modem.a(modem_cellular.c.obj)
                0x0000000000016510                modem_cellular_clock
 .text.recv_cb  0x0000000000016538      0x1e4 zephyr/drivers/net/libdrivers__net.a(slip.c.obj)
 .text.slip_init
                0x000000000001671c       0x20 zephyr/drivers/net/libdrivers__net.a(slip.c.obj)
                0x000000000001671c                slip_init
 .text.uart_stellaris_irq_tx_enable
                0x000000000001673c       0x74 zephyr/drivers/serial/libdrivers__serial.a(uart_stellaris.c.obj)
 .text.uart_pipe_isr
                0x00000000000167b0       0x6c zephyr/drivers/serial/libdrivers__serial.a(uart_pipe.c.obj)
 .text.uart_pipe_send
                0x000000000001681c       0x24 zephyr/drivers/serial/libdrivers__serial.a(uart_pipe.c.obj)
                0x000000000001681c                uart_pipe_send
 .text.uart_pipe_register
                0x0000000000016840       0x70 zephyr/drivers/serial/libdrivers__serial.a(uart_pipe.c.obj)
                0x0000000000016840                uart_pipe_register
 .text.elapsed  0x00000000000168b0       0x4c zephyr/drivers/timer/libdrivers__timer.a(cortex_m_systick.c.obj)
 .text.sys_clock_driver_init
                0x00000000000168fc       0x38 zephyr/drivers/timer/libdrivers__timer.a(cortex_m_systick.c.obj)
 .text.sys_clock_isr
                0x0000000000016934       0x44 zephyr/drivers/timer/libdrivers__timer.a(cortex_m_systick.c.obj)
                0x0000000000016934                sys_clock_isr
 .text.sys_clock_set_timeout
                0x0000000000016978       0xe4 zephyr/drivers/timer/libdrivers__timer.a(cortex_m_systick.c.obj)
                0x0000000000016978                sys_clock_set_timeout
 .text.sys_clock_elapsed
                0x0000000000016a5c       0x3c zephyr/drivers/timer/libdrivers__timer.a(cortex_m_systick.c.obj)
                0x0000000000016a5c                sys_clock_elapsed
 .text.sys_clock_cycle_get_32
                0x0000000000016a98       0x28 zephyr/drivers/timer/libdrivers__timer.a(cortex_m_systick.c.obj)
                0x0000000000016a98                sys_clock_cycle_get_32
 .text.k_sys_fatal_error_handler
                0x0000000000016ac0       0x2c zephyr/kernel/libkernel.a(fatal.c.obj)
                0x0000000000016ac0                k_sys_fatal_error_handler
 .text.z_fatal_error
                0x0000000000016aec       0xcc zephyr/kernel/libkernel.a(fatal.c.obj)
                0x0000000000016aec                z_fatal_error
 .text.z_sys_init_run_level
                0x0000000000016bb8       0x2c zephyr/kernel/libkernel.a(init.c.obj)
 .text.bg_thread_main
                0x0000000000016be4       0xc0 zephyr/kernel/libkernel.a(init.c.obj)
 .text.z_bss_zero
                0x0000000000016ca4       0x18 zephyr/kernel/libkernel.a(init.c.obj)
                0x0000000000016ca4                z_bss_zero
 .text.z_init_cpu