Archive member included to satisfy reference by file (symbol)

app/libapp.a(main.c.obj)      (--whole-archive)
app/libapp.a(mqtt.c.obj)      (--whole-archive)
zephyr/libzephyr.a(crc32c_sw.c.obj)
                              (--whole-archive)
zephyr/libzephyr.a(crc32_sw.c.obj)
                              (--whole-archive)
zephyr/libzephyr.a(crc24_sw.c.obj)
                              (--whole-archive)
zephyr/libzephyr.a(crc16_sw.c.obj)
                              (--whole-archive)
zephyr/libzephyr.a(crc8_sw.c.obj)
                              (--whole-archive)
zephyr/libzephyr.a(crc7_sw.c.obj)
                              (--whole-archive)
zephyr/libzephyr.a(crc4_sw.c.obj)
                              (--whole-archive)
zephyr/libzephyr.a(heap.c.obj)
                              (--whole-archive)
zephyr/libzephyr.a(cbprintf_packaged.c.obj)
                              (--whole-archive)
zephyr/libzephyr.a(printk.c.obj)
                              (--whole-archive)
zephyr/libzephyr.a(sem.c.obj)
                              (--whole-archive)
zephyr/libzephyr.a(thread_entry.c.obj)
                              (--whole-archive)
zephyr/libzephyr.a(fdtable.c.obj)
                              (--whole-archive)
zephyr/libzephyr.a(cbprintf_complete.c.obj)
                              (--whole-archive)
zephyr/libzephyr.a(assert.c.obj)
                              (--whole-archive)
zephyr/libzephyr.a(dec.c.obj)
                              (--whole-archive)
zephyr/libzephyr.a(hex.c.obj)
                              (--whole-archive)
zephyr/libzephyr.a(rb.c.obj)  (--whole-archive)
zephyr/libzephyr.a(timeutil.c.obj)
                              (--whole-archive)
zephyr/libzephyr.a(bitarray.c.obj)
                              (--whole-archive)
zephyr/libzephyr.a(json.c.obj)
                              (--whole-archive)
zephyr/libzephyr.a(ring_buffer.c.obj)
                              (--whole-archive)
zephyr/libzephyr.a(configs.c.obj)
                              (--whole-archive)
zephyr/libzephyr.a(log_core.c.obj)
                              (--whole-archive)
zephyr/libzephyr.a(log_mgmt.c.obj)
                              (--whole-archive)
zephyr/libzephyr.a(log_cache.c.obj)
                              (--whole-archive)
zephyr/libzephyr.a(log_msg.c.obj)
                              (--whole-archive)
zephyr/libzephyr.a(log_output.c.obj)
                              (--whole-archive)
zephyr/libzephyr.a(log_backend_uart.c.obj)
                              (--whole-archive)
zephyr/libzephyr.a(device.c.obj)
                              (--whole-archive)
zephyr/libzephyr.a(tracing_none.c.obj)
                              (--whole-archive)
zephyr/libzephyr.a(addr_utils.c.obj)
                              (--whole-archive)
zephyr/libzephyr.a(banner.c.obj)
                              (--whole-archive)
zephyr/arch/common/libarch__common.a(sw_isr_common.c.obj)
                              (--whole-archive)
zephyr/arch/arch/arm/core/libarch__arm__core.a(fatal.c.obj)
                              (--whole-archive)
zephyr/arch/arch/arm/core/libarch__arm__core.a(nmi.c.obj)
                              (--whole-archive)
zephyr/arch/arch/arm/core/libarch__arm__core.a(nmi_on_reset.S.obj)
                              (--whole-archive)
zephyr/arch/arch/arm/core/libarch__arm__core.a(tls.c.obj)
                              (--whole-archive)
zephyr/arch/arch/arm/core/cortex_m/libarch__arm__core__cortex_m.a(exc_exit.c.obj)
                              (--whole-archive)
zephyr/arch/arch/arm/core/cortex_m/libarch__arm__core__cortex_m.a(fault.c.obj)
                              (--whole-archive)
zephyr/arch/arch/arm/core/cortex_m/libarch__arm__core__cortex_m.a(fault_s.S.obj)
                              (--whole-archive)
zephyr/arch/arch/arm/core/cortex_m/libarch__arm__core__cortex_m.a(fpu.c.obj)
                              (--whole-archive)
zephyr/arch/arch/arm/core/cortex_m/libarch__arm__core__cortex_m.a(reset.S.obj)
                              (--whole-archive)
zephyr/arch/arch/arm/core/cortex_m/libarch__arm__core__cortex_m.a(scb.c.obj)
                              (--whole-archive)
zephyr/arch/arch/arm/core/cortex_m/libarch__arm__core__cortex_m.a(thread_abort.c.obj)
                              (--whole-archive)
zephyr/arch/arch/arm/core/cortex_m/libarch__arm__core__cortex_m.a(vector_table.S.obj)
                              (--whole-archive)
zephyr/arch/arch/arm/core/cortex_m/libarch__arm__core__cortex_m.a(swap.c.obj)
                              (--whole-archive)
zephyr/arch/arch/arm/core/cortex_m/libarch__arm__core__cortex_m.a(swap_helper.S.obj)
                              (--whole-archive)
zephyr/arch/arch/arm/core/cortex_m/libarch__arm__core__cortex_m.a(irq_manage.c.obj)
                              (--whole-archive)
zephyr/arch/arch/arm/core/cortex_m/libarch__arm__core__cortex_m.a(prep_c.c.obj)
                              (--whole-archive)
[...]
Memory Configuration

Name             Origin             Length             Attributes
FLASH            0x0000000000000000 0x0000000000040000 xr
RAM              0x0000000020000000 0x0000000000010000 xw
IDT_LIST         0x00000000ffff7fff 0x0000000000008000 xw
*default*        0x0000000000000000 0xffffffffffffffff

Linker script and memory map

                0x00000000000182b8                vfprintf = __l_vfprintf
                0x0000000000018770                vfscanf = __l_vfscanf
LOAD zephyr/CMakeFiles/zephyr_pre0.dir/misc/empty_file.c.obj
LOAD zephyr/CMakeFiles/offsets.dir/./arch/arm/core/offsets/offsets.c.obj
LOAD app/libapp.a
LOAD zephyr/libzephyr.a
LOAD zephyr/arch/common/libarch__common.a
LOAD zephyr/arch/arch/arm/core/libarch__arm__core.a
LOAD zephyr/arch/arch/arm/core/cortex_m/libarch__arm__core__cortex_m.a
LOAD zephyr/lib/libc/picolibc/liblib__libc__picolibc.a
LOAD zephyr/lib/libc/common/liblib__libc__common.a
LOAD zephyr/lib/posix/options/liblib__posix__options.a
LOAD zephyr/soc/soc/ti_lm3s6965/libsoc__ti__lm3s6965.a
LOAD zephyr/subsys/random/libsubsys__random.a
LOAD zephyr/subsys/modem/libsubsys__modem.a
LOAD zephyr/subsys/modem/backends/libsubsys__modem__backends.a
LOAD zephyr/subsys/net/libsubsys__net.a
LOAD zephyr/subsys/net/l2/ethernet/libsubsys__net__l2__ethernet.a
LOAD zephyr/subsys/net/l2/ppp/libsubsys__net__l2__ppp.a
LOAD zephyr/subsys/net/ip/libsubsys__net__ip.a
LOAD zephyr/subsys/net/lib/mqtt/libsubsys__net__lib__mqtt.a
LOAD zephyr/subsys/net/lib/dns/libsubsys__net__lib__dns.a
LOAD zephyr/subsys/net/lib/http/libsubsys__net__lib__http.a
LOAD zephyr/subsys/net/conn_mgr/libsubsys__net__conn_mgr.a
LOAD zephyr/drivers/console/libdrivers__console.a
LOAD zephyr/drivers/ethernet/libdrivers__ethernet.a
LOAD zephyr/drivers/gpio/libdrivers__gpio.a
LOAD zephyr/drivers/modem/libdrivers__modem.a
LOAD zephyr/drivers/net/libdrivers__net.a
LOAD zephyr/drivers/rtc/libdrivers__rtc.a
LOAD zephyr/drivers/serial/libdrivers__serial.a
LOAD zephyr/drivers/timer/libdrivers__timer.a
LOAD zephyr/kernel/libkernel.a
LOAD c:/users/nader/zephyr-sdk-0.16.8/arm-zephyr-eabi/bin/../lib/gcc/arm-zephyr-eabi/12.2.0/thumb/v7-m/nofp\libgcc.a
LOAD zephyr/arch/common/libisr_tables.a
LOAD c:\users\nader\zephyr-sdk-0.16.8\arm-zephyr-eabi\bin\../lib/gcc/../../picolibc/arm-zephyr-eabi/lib/thumb/v7-m/nofp\libc.a
LOAD c:/users/nader/zephyr-sdk-0.16.8/arm-zephyr-eabi/bin/../lib/gcc/arm-zephyr-eabi/12.2.0/thumb/v7-m/nofp\libgcc.a
                0x0000000000000004                _region_min_align = 0x4

.rel.plt        0x0000000000000000        0x0
 *(SORT_BY_ALIGNMENT(.rel.plt))
                [!provide]                        PROVIDE (__rel_iplt_start = .)
 *(SORT_BY_ALIGNMENT(.rel.iplt))
 .rel.iplt      0x0000000000000000        0x0 app/libapp.a(main.c.obj)
                [!provide]                        PROVIDE (__rel_iplt_end = .)

.rela.plt       0x0000000000000000        0x0
 *(SORT_BY_ALIGNMENT(.rela.plt))
                [!provide]                        PROVIDE (__rela_iplt_start = .)
 *(SORT_BY_ALIGNMENT(.rela.iplt))
                [!provide]                        PROVIDE (__rela_iplt_end = .)

.rel.dyn
 *(SORT_BY_ALIGNMENT(.rel.*))

.rela.dyn
 *(SORT_BY_ALIGNMENT(.rela.*))

/DISCARD/
 *(SORT_BY_ALIGNMENT(.plt))

/DISCARD/
 *(SORT_BY_ALIGNMENT(.iplt))
                0x0000000000000000                __rom_region_start = 0x0

rom_start       0x0000000000000000       0xec
                0x0000000000000000                __rom_start_address = .
 FILL mask 0x00
                0x0000000000000000                . = (. + (0x0 - (. - __rom_start_address)))
                0x0000000000000000                . = ALIGN (0x4)
                0x0000000000000000                . = ALIGN (0x80)
                0x0000000000000000                . = ALIGN (0x100)
                0x0000000000000000                _vector_start = .
 *(SORT_BY_ALIGNMENT(.exc_vector_table))
 *(SORT_BY_ALIGNMENT(.exc_vector_table.*))
 .exc_vector_table._vector_table_section
                0x0000000000000000       0x40 zephyr/arch/arch/arm/core/cortex_m/libarch__arm__core__cortex_m.a(vector_table.S.obj)
                0x0000000000000000                _vector_table
 *(SORT_BY_ALIGNMENT(.vectors))
                0x00000000000000ec                _vector_end = .
                0x0000000000000040                . = ALIGN (0x4)
 *(SORT_BY_ALIGNMENT(.gnu.linkonce.irq_vector_table*))
 .gnu.linkonce.irq_vector_table
                0x0000000000000040       0xac zephyr/arch/common/libisr_tables.a(isr_tables.c.obj)
                0x0000000000000040                _irq_vector_table
                0x00000000000000ec                _vector_end = .

text            0x00000000000000ec    0x212cc
                0x00000000000000ec                __text_region_start = .
 *(SORT_BY_ALIGNMENT(.text))
 .text          0x00000000000000ec       0xa0 c:/users/nader/zephyr-sdk-0.16.8/arm-zephyr-eabi/bin/../lib/gcc/arm-zephyr-eabi/12.2.0/thumb/v7-m/nofp\libgcc.a(_aeabi_ldivmod.o)
                0x00000000000000ec                __aeabi_ldivmod
 .text          0x000000000000018c       0x30 c:/users/nader/zephyr-sdk-0.16.8/arm-zephyr-eabi/bin/../lib/gcc/arm-zephyr-eabi/12.2.0/thumb/v7-m/nofp\libgcc.a(_aeabi_uldivmod.o)
                0x000000000000018c                __aeabi_uldivmod
 .text          0x00000000000001bc        0x4 c:/users/nader/zephyr-sdk-0.16.8/arm-zephyr-eabi/bin/../lib/gcc/arm-zephyr-eabi/12.2.0/thumb/v7-m/nofp\libgcc.a(_dvmd_tls.o)
                0x00000000000001bc                __aeabi_idiv0
                0x00000000000001bc                __aeabi_ldiv0
 .text          0x00000000000001c0      0x2a0 c:/users/nader/zephyr-sdk-0.16.8/arm-zephyr-eabi/bin/../lib/gcc/arm-zephyr-eabi/12.2.0/thumb/v7-m/nofp\libgcc.a(_udivmoddi4.o)
                0x00000000000001c0                __udivmoddi4
 .text          0x0000000000000460       0x14 c:\users\nader\zephyr-sdk-0.16.8\arm-zephyr-eabi\bin\../lib/gcc/../../picolibc/arm-zephyr-eabi/lib/thumb/v7-m/nofp\libc.a(strcmp.S.o)
                0x0000000000000460                strcmp
 .text          0x0000000000000474       0x10 c:\users\nader\zephyr-sdk-0.16.8\arm-zephyr-eabi\bin\../lib/gcc/../../picolibc/arm-zephyr-eabi/lib/thumb/v7-m/nofp\libc.a(strcpy.S.o)
                0x0000000000000474                strcpy
 .text          0x0000000000000484       0x10 c:\users\nader\zephyr-sdk-0.16.8\arm-zephyr-eabi\bin\../lib/gcc/../../picolibc/arm-zephyr-eabi/lib/thumb/v7-m/nofp\libc.a(strlen.S.o)
                0x0000000000000484                strlen
 *(SORT_BY_ALIGNMENT(.text.*))
 .text.net_event_handler
                0x0000000000000494       0xa8 app/libapp.a(main.c.obj)
 .text.parseConfig
                0x000000000000053c        0xc app/libapp.a(main.c.obj)
                0x000000000000053c                parseConfig
 .text.select_sim
                0x0000000000000548       0x6c app/libapp.a(main.c.obj)
                0x0000000000000548                select_sim
 .text.StartModem
                0x00000000000005b4      0x134 app/libapp.a(main.c.obj)
                0x00000000000005b4                StartModem
 .text.ReportMessages
                0x00000000000006e8       0x90 app/libapp.a(main.c.obj)
                0x00000000000006e8                ReportMessages
 .text.main     0x0000000000000778      0x198 app/libapp.a(main.c.obj)
                0x0000000000000778                main
 .text.mqtt_evt_handler
                0x0000000000000910      0x114 app/libapp.a(mqtt.c.obj)
                0x0000000000000910                mqtt_evt_handler
 .text.prepare_fds
                0x0000000000000a24       0x20 app/libapp.a(mqtt.c.obj)
                0x0000000000000a24                prepare_fds
 .text.wait     0x0000000000000a44       0x3c app/libapp.a(mqtt.c.obj)
                0x0000000000000a44                wait
 .text.broker_init
                0x0000000000000a80       0xa4 app/libapp.a(mqtt.c.obj)
                0x0000000000000a80                broker_init
 .text.client_init
                0x0000000000000b24       0x84 app/libapp.a(mqtt.c.obj)
                0x0000000000000b24                client_init
 .text.try_to_connect
                0x0000000000000ba8       0x78 app/libapp.a(mqtt.c.obj)
                0x0000000000000ba8                try_to_connect
 .text.ConnectBroker
                0x0000000000000c20       0x40 app/libapp.a(mqtt.c.obj)
                0x0000000000000c20                ConnectBroker
 .text.cbvprintf_package
                0x0000000000000c60      0x3a4 zephyr/libzephyr.a(cbprintf_packaged.c.obj)
                0x0000000000000c60                cbvprintf_package
 .text.__printk_hook_install
                0x0000000000001004        0xc zephyr/libzephyr.a(printk.c.obj)
                0x0000000000001004                __printk_hook_install
 .text.z_thread_entry
                0x0000000000001010       0x34 zephyr/libzephyr.a(thread_entry.c.obj)
                0x0000000000001010                z_thread_entry
 .text._check_fd
                0x0000000000001044       0x38 zephyr/libzephyr.a(fdtable.c.obj)
 .text.z_get_fd_obj
                0x000000000000107c       0x3c zephyr/libzephyr.a(fdtable.c.obj)
                0x000000000000107c                z_get_fd_obj
 .text.z_get_obj_lock_and_cond
                0x00000000000010b8       0x70 zephyr/libzephyr.a(fdtable.c.obj)
                0x00000000000010b8                z_get_obj_lock_and_cond
 .text.z_get_fd_obj_and_vtable
                0x0000000000001128       0x34 zephyr/libzephyr.a(fdtable.c.obj)
                0x0000000000001128                z_get_fd_obj_and_vtable
 .text.z_reserve_fd
                0x000000000000115c       0x8c zephyr/libzephyr.a(fdtable.c.obj)
                0x000000000000115c                z_reserve_fd
 .text.z_finalize_fd
                0x00000000000011e8       0x30 zephyr/libzephyr.a(fdtable.c.obj)
                0x00000000000011e8                z_finalize_fd
 .text.z_free_fd
                0x0000000000001218       0x4c zephyr/libzephyr.a(fdtable.c.obj)
                0x0000000000001218                z_free_fd
 .text.timeutil_timegm64
                0x0000000000001264       0xe8 zephyr/libzephyr.a(timeutil.c.obj)
                0x0000000000001264                timeutil_timegm64
 .text.timeutil_timegm
                0x000000000000134c       0x20 zephyr/libzephyr.a(timeutil.c.obj)
                0x000000000000134c                timeutil_timegm
 .text.lexer_string
                0x000000000000136c       0xe4 zephyr/libzephyr.a(json.c.obj)
 .text.lexer_boolean
                0x0000000000001450       0x50 zephyr/libzephyr.a(json.c.obj)
 .text.lexer_number
                0x00000000000014a0       0x30 zephyr/libzephyr.a(json.c.obj)
 .text.lexer_json
                0x00000000000014d0       0xbc zephyr/libzephyr.a(json.c.obj)
 .text.element_token
                0x000000000000158c       0x44 zephyr/libzephyr.a(json.c.obj)
 .text.lexer_null
                0x00000000000015d0       0x34 zephyr/libzephyr.a(json.c.obj)
 .text.decode_value
                0x0000000000001604      0x164 zephyr/libzephyr.a(json.c.obj)
 .text.json_obj_parse
                0x0000000000001768       0x4c zephyr/libzephyr.a(json.c.obj)
                0x0000000000001768                json_obj_parse
 .text.z_log_init.isra.0
                0x00000000000017b4       0xcc zephyr/libzephyr.a(log_core.c.obj)
 .text.log_format_func_t_get
                0x0000000000001880        0xc zephyr/libzephyr.a(log_core.c.obj)
                0x0000000000001880                log_format_func_t_get
 .text.log_set_timestamp_func
                0x000000000000188c       0x20 zephyr/libzephyr.a(log_core.c.obj)
                0x000000000000188c                log_set_timestamp_func
 .text.log_core_init
                0x00000000000018ac       0x28 zephyr/libzephyr.a(log_core.c.obj)
                0x00000000000018ac                log_core_init
 .text.z_impl_log_panic
                0x00000000000018d4       0x3c zephyr/libzephyr.a(log_core.c.obj)
                0x00000000000018d4                z_impl_log_panic
 .text.z_log_dropped
                0x0000000000001910       0x30 zephyr/libzephyr.a(log_core.c.obj)
                0x0000000000001910                z_log_dropped
 .text.z_log_msg_commit
                0x0000000000001940       0x38 zephyr/libzephyr.a(log_core.c.obj)
                0x0000000000001940                z_log_msg_commit
 .text.log_source_name_get
                0x0000000000001978       0x1c zephyr/libzephyr.a(log_mgmt.c.obj)
                0x0000000000001978                log_source_name_get
 .text.log_backend_enable
                0x0000000000001994       0x28 zephyr/libzephyr.a(log_mgmt.c.obj)
                0x0000000000001994                log_backend_enable
 .text.z_log_msg_runtime_vcreate
                0x00000000000019bc       0x8c zephyr/libzephyr.a(log_msg.c.obj)
                0x00000000000019bc                z_log_msg_runtime_vcreate
 .text.log_msg_get_source_id
                0x0000000000001a48       0x18 zephyr/libzephyr.a(log_msg.c.obj)
                0x0000000000001a48                log_msg_get_source_id
 .text.print_formatted
                0x0000000000001a60       0x24 zephyr/libzephyr.a(log_output.c.obj)
 .text.newline_print
                0x0000000000001a84       0x1c zephyr/libzephyr.a(log_output.c.obj)
 .text.log_output_process
                0x0000000000001aa0      0x2d4 zephyr/libzephyr.a(log_output.c.obj)
                0x0000000000001aa0                log_output_process
 .text.log_output_timestamp_freq_set
                0x0000000000001d74       0x2c zephyr/libzephyr.a(log_output.c.obj)
                0x0000000000001d74                log_output_timestamp_freq_set
 .text.panic    0x0000000000001da0       0x34 zephyr/libzephyr.a(log_backend_uart.c.obj)
 .text.char_out
                0x0000000000001dd4       0x24 zephyr/libzephyr.a(log_backend_uart.c.obj)
 .text.pm_device_action_run
                0x0000000000001df8       0xa4 zephyr/libzephyr.a(device.c.obj)
                0x0000000000001df8                pm_device_action_run
 .text.boot_banner
                0x0000000000001e9c       0x1c zephyr/libzephyr.a(banner.c.obj)
                0x0000000000001e9c                boot_banner
 .text.z_arm_fatal_error
                0x0000000000001eb8       0xc4 zephyr/arch/arch/arm/core/libarch__arm__core.a(fatal.c.obj)
                0x0000000000001eb8                z_arm_fatal_error
 .text.z_SysNmiOnReset
                0x0000000000001f7c        0x8 zephyr/arch/arch/arm/core/libarch__arm__core.a(nmi_on_reset.S.obj)
                0x0000000000001f7c                z_SysNmiOnReset
 .text.arch_tls_stack_setup
                0x0000000000001f84       0x40 zephyr/arch/arch/arm/core/libarch__arm__core.a(tls.c.obj)
                0x0000000000001f84                arch_tls_stack_setup
 .text._HandlerModeExit
                0x0000000000001fc4       0x28 zephyr/arch/arch/arm/core/cortex_m/libarch__arm__core__cortex_m.a(exc_exit.c.obj)
                0x0000000000001fc4                z_arm_int_exit
                0x0000000000001fc4                z_arm_exc_exit
 .text.mem_manage_fault.constprop.0
                0x0000000000001fec      0x100 zephyr/arch/arch/arm/core/cortex_m/libarch__arm__core__cortex_m.a(fault.c.obj)
 .text.bus_fault.constprop.0
                0x00000000000020ec      0x118 zephyr/arch/arch/arm/core/cortex_m/libarch__arm__core__cortex_m.a(fault.c.obj)
 .text.usage_fault.constprop.0
                0x0000000000002204      0x108 zephyr/arch/arch/arm/core/cortex_m/libarch__arm__core__cortex_m.a(fault.c.obj)
 .text.z_arm_fault
                0x000000000000230c      0x20c zephyr/arch/arch/arm/core/cortex_m/libarch__arm__core__cortex_m.a(fault.c.obj)
                0x000000000000230c                z_arm_fault
 .text.z_arm_fault_init
                0x0000000000002518       0x10 zephyr/arch/arch/arm/core/cortex_m/libarch__arm__core__cortex_m.a(fault.c.obj)
                0x0000000000002518                z_arm_fault_init
 .text.__fault  0x0000000000002528       0x14 zephyr/arch/arch/arm/core/cortex_m/libarch__arm__core__cortex_m.a(fault_s.S.obj)
                0x0000000000002528                z_arm_usage_fault
                0x0000000000002528                z_arm_mpu_fault
                0x0000000000002528                z_arm_exc_spurious
                0x0000000000002528                z_arm_debug_monitor
                0x0000000000002528                z_arm_hard_fault
                0x0000000000002528                z_arm_bus_fault
 .text._reset_section
                0x000000000000253c       0x44 zephyr/arch/arch/arm/core/cortex_m/libarch__arm__core__cortex_m.a(reset.S.obj)
                0x000000000000253c                __start
                0x000000000000253c                z_arm_reset
 .text.z_arm_init_arch_hw_at_boot
                0x0000000000002580       0x60 zephyr/arch/arch/arm/core/cortex_m/libarch__arm__core__cortex_m.a(scb.c.obj)
                0x0000000000002580                z_arm_init_arch_hw_at_boot
 .text.z_impl_k_thread_abort
                0x00000000000025e0       0x2c zephyr/arch/arch/arm/core/cortex_m/libarch__arm__core__cortex_m.a(thread_abort.c.obj)
                0x00000000000025e0                z_impl_k_thread_abort
 .text.arch_swap
                0x000000000000260c       0x34 zephyr/arch/arch/arm/core/cortex_m/libarch__arm__core__cortex_m.a(swap.c.obj)
                0x000000000000260c                arch_swap
 .text.z_arm_pendsv_c
                0x0000000000002640       0x40 zephyr/arch/arch/arm/core/cortex_m/libarch__arm__core__cortex_m.a(swap.c.obj)
                0x0000000000002640                z_arm_pendsv_c
 .text.z_arm_pendsv
                0x0000000000002680       0x34 zephyr/arch/arch/arm/core/cortex_m/libarch__arm__core__cortex_m.a(swap_helper.S.obj)
                0x0000000000002680                z_arm_pendsv
 .text.z_arm_svc
                0x00000000000026b4       0x20 zephyr/arch/arch/arm/core/cortex_m/libarch__arm__core__cortex_m.a(swap_helper.S.obj)
                0x00000000000026b4                z_arm_svc
 .text.arch_irq_enable
                0x00000000000026d4       0x1c zephyr/arch/arch/arm/core/cortex_m/libarch__arm__core__cortex_m.a(irq_manage.c.obj)
                0x00000000000026d4                arch_irq_enable
 .text.z_arm_irq_priority_set
                0x00000000000026f0       0x2c zephyr/arch/arch/arm/core/cortex_m/libarch__arm__core__cortex_m.a(irq_manage.c.obj)
                0x00000000000026f0                z_arm_irq_priority_set
 .text.z_prep_c
                0x000000000000271c       0x30 zephyr/arch/arch/arm/core/cortex_m/libarch__arm__core__cortex_m.a(prep_c.c.obj)
                0x000000000000271c                z_prep_c
 .text.arch_new_thread
                0x000000000000274c       0x38 zephyr/arch/arch/arm/core/cortex_m/libarch__arm__core__cortex_m.a(thread.c.obj)
                0x000000000000274c                arch_new_thread
 .text.arch_switch_to_main_thread
                0x0000000000002784       0x40 zephyr/arch/arch/arm/core/cortex_m/libarch__arm__core__cortex_m.a(thread.c.obj)
                0x0000000000002784                arch_switch_to_main_thread
 .text.z_arm_cpu_idle_init
                0x00000000000027c4        0xc zephyr/arch/arch/arm/core/cortex_m/libarch__arm__core__cortex_m.a(cpu_idle.c.obj)
                0x00000000000027c4                z_arm_cpu_idle_init
 .text.z_arm_interrupt_init
                0x00000000000027d0       0x18 zephyr/arch/arch/arm/core/cortex_m/libarch__arm__core__cortex_m.a(irq_init.c.obj)
                0x00000000000027d0                z_arm_interrupt_init
 .text._isr_wrapper
                0x00000000000027e8       0x24 zephyr/arch/arch/arm/core/cortex_m/libarch__arm__core__cortex_m.a(isr_wrapper.c.obj)
                0x00000000000027e8                _isr_wrapper
 .text.z_impl_zephyr_fputc
                0x000000000000280c       0x10 zephyr/lib/libc/picolibc/liblib__libc__picolibc.a(libc-hooks.c.obj)
                0x000000000000280c                z_impl_zephyr_fputc
 .text.__stdout_hook_install
                0x000000000000281c       0x18 zephyr/lib/libc/picolibc/liblib__libc__picolibc.a(libc-hooks.c.obj)
                0x000000000000281c                __stdout_hook_install
 .text.cbvprintf
                0x0000000000002834       0x38 zephyr/lib/libc/picolibc/liblib__libc__picolibc.a(libc-hooks.c.obj)
                0x0000000000002834                cbvprintf
 .text.malloc_prepare
                0x000000000000286c       0x24 zephyr/lib/libc/common/liblib__libc__common.a(malloc.c.obj)
 .text.malloc_lock
                0x0000000000002890       0x14 zephyr/lib/libc/common/liblib__libc__common.a(malloc.c.obj)
 .text.malloc_unlock
                0x00000000000028a4        0xc zephyr/lib/libc/common/liblib__libc__common.a(malloc.c.obj)
 .text.malloc   0x00000000000028b0       0x34 zephyr/lib/libc/common/liblib__libc__common.a(malloc.c.obj)
                0x00000000000028b0                malloc
 .text.free     0x00000000000028e4       0x1c zephyr/lib/libc/common/liblib__libc__common.a(malloc.c.obj)
                0x00000000000028e4                free
 .text.eventfd_ioctl_op
                0x0000000000002900      0x130 zephyr/lib/posix/options/liblib__posix__options.a(eventfd.c.obj)
 .text.eventfd_rw_op
                0x0000000000002a30       0xfc zephyr/lib/posix/options/liblib__posix__options.a(eventfd.c.obj)
 .text.eventfd_write_op
                0x0000000000002b2c        0xc zephyr/lib/posix/options/liblib__posix__options.a(eventfd.c.obj)
 .text.eventfd_read_op
                0x0000000000002b38        0xc zephyr/lib/posix/options/liblib__posix__options.a(eventfd.c.obj)
 .text.eventfd_close_op
                0x0000000000002b44       0xac zephyr/lib/posix/options/liblib__posix__options.a(eventfd.c.obj)
 .text.eventfd  0x0000000000002bf0       0xb0 zephyr/lib/posix/options/liblib__posix__options.a(eventfd.c.obj)
                0x0000000000002bf0                eventfd
 .text.eventfd_read
                0x0000000000002ca0       0x2c zephyr/lib/posix/options/liblib__posix__options.a(eventfd.c.obj)
                0x0000000000002ca0                eventfd_read
 .text.eventfd_write
                0x0000000000002ccc       0x30 zephyr/lib/posix/options/liblib__posix__options.a(eventfd.c.obj)
                0x0000000000002ccc                eventfd_write
 .text.uart_stellaris_init
                0x0000000000002cfc       0x30 zephyr/soc/soc/ti_lm3s6965/libsoc__ti__lm3s6965.a(soc_config.c.obj)
 .text.eth_stellaris_init
                0x0000000000002d2c       0x18 zephyr/soc/soc/ti_lm3s6965/libsoc__ti__lm3s6965.a(soc_config.c.obj)
 .text.z_impl_sys_rand_get
                0x0000000000002d44       0x84 zephyr/subsys/random/libsubsys__random.a(random_timer.c.obj)
                0x0000000000002d44                z_impl_sys_rand_get
 .text.modem_chat_send_script_request_part
                0x0000000000002dc8       0x94 zephyr/subsys/modem/libsubsys__modem.a(modem_chat.c.obj)
 .text.modem_chat_script_stop
                0x0000000000002e5c       0xe0 zephyr/subsys/modem/libsubsys__modem.a(modem_chat.c.obj)
 .text.modem_chat_script_next
                0x0000000000002f3c       0xcc zephyr/subsys/modem/libsubsys__modem.a(modem_chat.c.obj)
 .text.modem_chat_on_command_received
                0x0000000000003008      0x120 zephyr/subsys/modem/libsubsys__modem.a(modem_chat.c.obj)
 .text.modem_chat_process_handler
                0x0000000000003128      0x324 zephyr/subsys/modem/libsubsys__modem.a(modem_chat.c.obj)
 .text.modem_chat_script_run_handler
                0x000000000000344c       0x88 zephyr/subsys/modem/libsubsys__modem.a(modem_chat.c.obj)
 .text.modem_chat_init
                0x00000000000034d4       0xc0 zephyr/subsys/modem/libsubsys__modem.a(modem_chat.c.obj)
                0x00000000000034d4                modem_chat_init
 .text.modem_chat_attach
                0x0000000000003594       0x24 zephyr/subsys/modem/libsubsys__modem.a(modem_chat.c.obj)
                0x0000000000003594                modem_chat_attach
 .text.modem_chat_run_script_async
                0x00000000000035b8       0x84 zephyr/subsys/modem/libsubsys__modem.a(modem_chat.c.obj)
                0x00000000000035b8                modem_chat_run_script_async
 .text.modem_cmux_drop_frame
                0x000000000000363c       0x2c zephyr/subsys/modem/libsubsys__modem.a(modem_cmux.c.obj)
 .text.modem_cmux_transmit_handler
                0x0000000000003668       0xb4 zephyr/subsys/modem/libsubsys__modem.a(modem_cmux.c.obj)
 .text.modem_cmux_connect_handler
                0x000000000000371c       0x3c zephyr/subsys/modem/libsubsys__modem.a(modem_cmux.c.obj)
 .text.modem_cmux_acknowledge_received_frame
                0x0000000000003758       0x90 zephyr/subsys/modem/libsubsys__modem.a(modem_cmux.c.obj)
 .text.modem_cmux_receive_handler
                0x00000000000037e8      0x534 zephyr/subsys/modem/libsubsys__modem.a(modem_cmux.c.obj)
 .text.modem_cmux_init
                0x0000000000003d1c       0x88 zephyr/subsys/modem/libsubsys__modem.a(modem_cmux.c.obj)
                0x0000000000003d1c                modem_cmux_init
 .text.modem_cmux_dlci_init
                0x0000000000003da4       0x70 zephyr/subsys/modem/libsubsys__modem.a(modem_cmux.c.obj)
                0x0000000000003da4                modem_cmux_dlci_init
 .text.modem_cmux_attach
                0x0000000000003e14       0x28 zephyr/subsys/modem/libsubsys__modem.a(modem_cmux.c.obj)
                0x0000000000003e14                modem_cmux_attach
 .text.modem_ppp_is_byte_expected
                0x0000000000003e3c       0x40 zephyr/subsys/modem/libsubsys__modem.a(modem_ppp.c.obj)
 .text.modem_ppp_process_handler
                0x0000000000003e7c      0x274 zephyr/subsys/modem/libsubsys__modem.a(modem_ppp.c.obj)
 .text.modem_ppp_send_handler
                0x00000000000040f0      0x2fc zephyr/subsys/modem/libsubsys__modem.a(modem_ppp.c.obj)
 .text.modem_ppp_attach
                0x00000000000043ec       0x40 zephyr/subsys/modem/libsubsys__modem.a(modem_ppp.c.obj)
                0x00000000000043ec                modem_ppp_attach
 .text.modem_ppp_init_internal
                0x000000000000442c       0x5c zephyr/subsys/modem/libsubsys__modem.a(modem_ppp.c.obj)
                0x000000000000442c                modem_ppp_init_internal
 .text.modem_backend_uart_init
                0x0000000000004488       0x3c zephyr/subsys/modem/backends/libsubsys__modem__backends.a(modem_backend_uart.c.obj)
                0x0000000000004488                modem_backend_uart_init
 .text.z_log_msg_runtime_create.constprop.0
                0x00000000000044c4       0x24 zephyr/subsys/modem/backends/libsubsys__modem__backends.a(modem_backend_uart_isr.c.obj)
 .text.modem_backend_uart_isr_irq_handler
                0x00000000000044e8      0x158 zephyr/subsys/modem/backends/libsubsys__modem__backends.a(modem_backend_uart_isr.c.obj)
 .text.modem_backend_uart_isr_init
                0x0000000000004640       0xac zephyr/subsys/modem/backends/libsubsys__modem__backends.a(modem_backend_uart_isr.c.obj)
                0x0000000000004640                modem_backend_uart_isr_init
 .text.net_buf_destroy
                0x00000000000046ec       0x38 zephyr/subsys/net/libsubsys__net.a(buf.c.obj)
 .text.net_buf_id
                0x0000000000004724       0x20 zephyr/subsys/net/libsubsys__net.a(buf.c.obj)
                0x0000000000004724                net_buf_id
 .text.fixed_data_alloc
                0x0000000000004744       0x24 zephyr/subsys/net/libsubsys__net.a(buf.c.obj)
 .text.net_buf_alloc_len
                0x0000000000004768      0x118 zephyr/subsys/net/libsubsys__net.a(buf.c.obj)
                0x0000000000004768                net_buf_alloc_len
 .text.net_buf_unref
                0x0000000000004880       0x38 zephyr/subsys/net/libsubsys__net.a(buf.c.obj)
                0x0000000000004880                net_buf_unref
 .text.ipv6_multicast_group
                0x00000000000048b8       0x70 zephyr/subsys/net/libsubsys__net.a(sockets.c.obj)
 .text.ipv4_multicast_group.constprop.0
                0x0000000000004928       0x50 zephyr/subsys/net/libsubsys__net.a(sockets.c.obj)
 .text.z_log_msg_runtime_create.constprop.0
                0x0000000000004978       0x24 zephyr/subsys/net/libsubsys__net.a(sockets.c.obj)
 .text.zsock_socket_internal
                0x000000000000499c       0x84 zephyr/subsys/net/libsubsys__net.a(sockets.c.obj)
 .text.zsock_accepted_cb
                0x0000000000004a20       0x4c zephyr/subsys/net/libsubsys__net.a(sockets.c.obj)
 .text.send_check_and_wait
                0x0000000000004a6c      0x104 zephyr/subsys/net/libsubsys__net.a(sockets.c.obj)
 .text.sock_ioctl_vmeth
                0x0000000000004b70      0x1e4 zephyr/subsys/net/libsubsys__net.a(sockets.c.obj)
 .text.z_impl_zsock_socket
                0x0000000000004d54       0x58 zephyr/subsys/net/libsubsys__net.a(sockets.c.obj)
                0x0000000000004d54                z_impl_zsock_socket
 .text.zsock_close_ctx
                0x0000000000004dac       0x5c zephyr/subsys/net/libsubsys__net.a(sockets.c.obj)
                0x0000000000004dac                zsock_close_ctx
 .text.z_impl_zsock_close
                0x0000000000004e08       0x50 zephyr/subsys/net/libsubsys__net.a(sockets.c.obj)
                0x0000000000004e08                z_impl_zsock_close
 .text.zsock_shutdown_ctx
                0x0000000000004e58       0x68 zephyr/subsys/net/libsubsys__net.a(sockets.c.obj)
                0x0000000000004e58                zsock_shutdown_ctx
 .text.zsock_bind_ctx
                0x0000000000004ec0       0x4c zephyr/subsys/net/libsubsys__net.a(sockets.c.obj)
                0x0000000000004ec0                zsock_bind_ctx
 .text.z_impl_zsock_bind
                0x0000000000004f0c       0x58 zephyr/subsys/net/libsubsys__net.a(sockets.c.obj)
                0x0000000000004f0c                z_impl_zsock_bind
 .text.zsock_connect_ctx
                0x0000000000004f64       0xc8 zephyr/subsys/net/libsubsys__net.a(sockets.c.obj)
                0x0000000000004f64                zsock_connect_ctx
 .text.z_impl_zsock_connect
                0x000000000000502c       0x58 zephyr/subsys/net/libsubsys__net.a(sockets.c.obj)
                0x000000000000502c                z_impl_zsock_connect
 .text.zsock_listen_ctx
                0x0000000000005084       0x3c zephyr/subsys/net/libsubsys__net.a(sockets.c.obj)
                0x0000000000005084                zsock_listen_ctx
 .text.zsock_sendto_ctx
                0x00000000000050c0      0x104 zephyr/subsys/net/libsubsys__net.a(sockets.c.obj)
                0x00000000000050c0                zsock_sendto_ctx
 .text.z_impl_zsock_sendto
                0x00000000000051c4       0x6c zephyr/subsys/net/libsubsys__net.a(sockets.c.obj)
                0x00000000000051c4                z_impl_zsock_sendto
 .text.z_impl_zsock_sendmsg
                0x0000000000005230       0x58 zephyr/subsys/net/libsubsys__net.a(sockets.c.obj)
                0x0000000000005230                z_impl_zsock_sendmsg
 .text.zsock_wait_data
                0x0000000000005288       0x54 zephyr/subsys/net/libsubsys__net.a(sockets.c.obj)
                0x0000000000005288                zsock_wait_data
 .text.zsock_accept_ctx
                0x00000000000052dc      0x124 zephyr/subsys/net/libsubsys__net.a(sockets.c.obj)
                0x00000000000052dc                zsock_accept_ctx
 .text.zsock_recv_dgram
                0x0000000000005400      0x2d8 zephyr/subsys/net/libsubsys__net.a(sockets.c.obj)
 .text.zsock_recv_stream
                0x00000000000056d8      0x1a4 zephyr/subsys/net/libsubsys__net.a(sockets.c.obj)
 .text.zsock_recvfrom_ctx
                0x000000000000587c       0x58 zephyr/subsys/net/libsubsys__net.a(sockets.c.obj)
                0x000000000000587c                zsock_recvfrom_ctx
 .text.z_impl_zsock_recvfrom
                0x00000000000058d4       0x6c zephyr/subsys/net/libsubsys__net.a(sockets.c.obj)
                0x00000000000058d4                z_impl_zsock_recvfrom
 .text.zsock_recvmsg_ctx
                0x0000000000005940       0x6c zephyr/subsys/net/libsubsys__net.a(sockets.c.obj)
                0x0000000000005940                zsock_recvmsg_ctx
 .text.zsock_poll_internal
                0x00000000000059ac      0x1f8 zephyr/subsys/net/libsubsys__net.a(sockets.c.obj)
                0x00000000000059ac                zsock_poll_internal
 .text.zsock_getsockopt_ctx
                0x0000000000005ba4       0xd8 zephyr/subsys/net/libsubsys__net.a(sockets.c.obj)
                0x0000000000005ba4                zsock_getsockopt_ctx
 .text.z_impl_zsock_getsockopt
                0x0000000000005c7c       0x68 zephyr/subsys/net/libsubsys__net.a(sockets.c.obj)
                0x0000000000005c7c                z_impl_zsock_getsockopt
 .text.zsock_setsockopt_ctx
                0x0000000000005ce4      0x180 zephyr/subsys/net/libsubsys__net.a(sockets.c.obj)
                0x0000000000005ce4                zsock_setsockopt_ctx
 .text.zsock_getpeername_ctx
                0x0000000000005e64       0xac zephyr/subsys/net/libsubsys__net.a(sockets.c.obj)
                0x0000000000005e64                zsock_getpeername_ctx
 .text.zsock_getsockname_ctx
                0x0000000000005f10       0x78 zephyr/subsys/net/libsubsys__net.a(sockets.c.obj)
                0x0000000000005f10                zsock_getsockname_ctx
 .text.init_socket_service
                0x0000000000005f88       0x44 zephyr/subsys/net/libsubsys__net.a(sockets_service.c.obj)
 .text.z_impl_net_socket_service_register
                0x0000000000005fcc      0x110 zephyr/subsys/net/libsubsys__net.a(sockets_service.c.obj)
                0x0000000000005fcc                z_impl_net_socket_service_register
 .text.net_socket_service_callback
                0x00000000000060dc       0x4c zephyr/subsys/net/libsubsys__net.a(sockets_service.c.obj)
                0x00000000000060dc                net_socket_service_callback
 .text.socket_service_thread
                0x0000000000006128      0x240 zephyr/subsys/net/libsubsys__net.a(sockets_service.c.obj)
 .text.net_eth_broadcast_addr
                0x0000000000006368        0x8 zephyr/subsys/net/l2/ethernet/libsubsys__net__l2__ethernet.a(ethernet.c.obj)
                0x0000000000006368                net_eth_broadcast_addr
 .text.ethernet_send
                0x0000000000006370      0x248 zephyr/subsys/net/l2/ethernet/libsubsys__net__l2__ethernet.a(ethernet.c.obj)
 .text.ethernet_mcast_monitor_cb
                0x00000000000065b8       0x78 zephyr/subsys/net/l2/ethernet/libsubsys__net__l2__ethernet.a(ethernet.c.obj)
 .text.ethernet_init
                0x0000000000006630       0x58 zephyr/subsys/net/l2/ethernet/libsubsys__net__l2__ethernet.a(ethernet.c.obj)
                0x0000000000006630                ethernet_init
 .text.z_log_msg_runtime_create.constprop.0
                0x0000000000006688       0x24 zephyr/subsys/net/l2/ethernet/libsubsys__net__l2__ethernet.a(arp.c.obj)
 .text.arp_entry_get_last_from_table
                0x00000000000066ac       0x28 zephyr/subsys/net/l2/ethernet/libsubsys__net__l2__ethernet.a(arp.c.obj)
 .text.arp_request_timeout
                0x00000000000066d4       0xb8 zephyr/subsys/net/l2/ethernet/libsubsys__net__l2__ethernet.a(arp.c.obj)
 .text.net_arp_prepare
                0x000000000000678c      0x220 zephyr/subsys/net/l2/ethernet/libsubsys__net__l2__ethernet.a(arp.c.obj)
                0x000000000000678c                net_arp_prepare
 .text.net_arp_update
                0x00000000000069ac      0x17c zephyr/subsys/net/l2/ethernet/libsubsys__net__l2__ethernet.a(arp.c.obj)
                0x00000000000069ac                net_arp_update
 .text.net_arp_clear_cache
                0x0000000000006b28       0xd0 zephyr/subsys/net/l2/ethernet/libsubsys__net__l2__ethernet.a(arp.c.obj)
                0x0000000000006b28                net_arp_clear_cache
 .text.net_arp_clear_pending
                0x0000000000006bf8       0x28 zephyr/subsys/net/l2/ethernet/libsubsys__net__l2__ethernet.a(arp.c.obj)
                0x0000000000006bf8                net_arp_clear_pending
 .text.net_arp_init
                0x0000000000006c20       0x74 zephyr/subsys/net/l2/ethernet/libsubsys__net__l2__ethernet.a(arp.c.obj)
                0x0000000000006c20                net_arp_init
 .text.net_pkt_hexdump
                0x0000000000006c94       0x78 zephyr/subsys/net/l2/ppp/libsubsys__net__l2__ppp.a(ppp_l2.c.obj)
 .text.net_ppp_mgmt_evt_handler
                0x0000000000006d0c       0xc8 zephyr/subsys/net/l2/ppp/libsubsys__net__l2__ppp.a(ppp_l2.c.obj)
 .text.tx_handler
                0x0000000000006dd4       0x70 zephyr/subsys/net/l2/ppp/libsubsys__net__l2__ppp.a(ppp_l2.c.obj)
 .text.ppp_send
                0x0000000000006e44       0x7c zephyr/subsys/net/l2/ppp/libsubsys__net__l2__ppp.a(ppp_l2.c.obj)
 .text.ppp_enable
                0x0000000000006ec0       0xd0 zephyr/subsys/net/l2/ppp/libsubsys__net__l2__ppp.a(ppp_l2.c.obj)
 .text.ppp_recv
                0x0000000000006f90      0x188 zephyr/subsys/net/l2/ppp/libsubsys__net__l2__ppp.a(ppp_l2.c.obj)
 .text.ppp_lcp_get
                0x0000000000007118        0xc zephyr/subsys/net/l2/ppp/libsubsys__net__l2__ppp.a(ppp_l2.c.obj)
                0x0000000000007118                ppp_lcp_get
 .text.ppp_queue_pkt
                0x0000000000007124        0xc zephyr/subsys/net/l2/ppp/libsubsys__net__l2__ppp.a(ppp_l2.c.obj)
                0x0000000000007124                ppp_queue_pkt
 .text.net_ppp_init
                0x0000000000007130      0x100 zephyr/subsys/net/l2/ppp/libsubsys__net__l2__ppp.a(ppp_l2.c.obj)
                0x0000000000007130                net_ppp_init
 .text.ppp_fsm_init
                0x0000000000007230       0x18 zephyr/subsys/net/l2/ppp/libsubsys__net__l2__ppp.a(fsm.c.obj)
                0x0000000000007230                ppp_fsm_init
 .text.ppp_fsm_lower_down
                0x0000000000007248      0x11c zephyr/subsys/net/l2/ppp/libsubsys__net__l2__ppp.a(fsm.c.obj)
                0x0000000000007248                ppp_fsm_lower_down
 .text.ppp_send_pkt
                0x0000000000007364      0x254 zephyr/subsys/net/l2/ppp/libsubsys__net__l2__ppp.a(fsm.c.obj)
                0x0000000000007364                ppp_send_pkt
 .text.fsm_send_configure_req
                0x00000000000075b8       0xe8 zephyr/subsys/net/l2/ppp/libsubsys__net__l2__ppp.a(fsm.c.obj)
 .text.ppp_fsm_lower_up
                0x00000000000076a0       0xd4 zephyr/subsys/net/l2/ppp/libsubsys__net__l2__ppp.a(fsm.c.obj)
                0x00000000000076a0                ppp_fsm_lower_up
 .text.ppp_fsm_open
                0x0000000000007774      0x10c zephyr/subsys/net/l2/ppp/libsubsys__net__l2__ppp.a(fsm.c.obj)
                0x0000000000007774                ppp_fsm_open
 .text.ppp_fsm_timeout
                0x0000000000007880      0x190 zephyr/subsys/net/l2/ppp/libsubsys__net__l2__ppp.a(fsm.c.obj)
 .text.terminate
                0x0000000000007a10       0x90 zephyr/subsys/net/l2/ppp/libsubsys__net__l2__ppp.a(fsm.c.obj)
 .text.ppp_fsm_close
                0x0000000000007aa0      0x100 zephyr/subsys/net/l2/ppp/libsubsys__net__l2__ppp.a(fsm.c.obj)
                0x0000000000007aa0                ppp_fsm_close
 .text.fsm_recv_configure_nack_rej
                0x0000000000007ba0      0x218 zephyr/subsys/net/l2/ppp/libsubsys__net__l2__ppp.a(fsm.c.obj)
 .text.ppp_fsm_input
                0x0000000000007db8      0x844 zephyr/subsys/net/l2/ppp/libsubsys__net__l2__ppp.a(fsm.c.obj)
                0x0000000000007db8                ppp_fsm_input
 .text.ppp_fsm_recv_protocol_rej
                0x00000000000085fc       0x58 zephyr/subsys/net/l2/ppp/libsubsys__net__l2__ppp.a(fsm.c.obj)
                0x00000000000085fc                ppp_fsm_recv_protocol_rej
 .text.ppp_fsm_recv_echo_req
                0x0000000000008654       0x74 zephyr/subsys/net/l2/ppp/libsubsys__net__l2__ppp.a(fsm.c.obj)
                0x0000000000008654                ppp_fsm_recv_echo_req
 .text.ppp_fsm_recv_echo_reply
                0x00000000000086c8       0x5c zephyr/subsys/net/l2/ppp/libsubsys__net__l2__ppp.a(fsm.c.obj)
                0x00000000000086c8                ppp_fsm_recv_echo_reply
 .text.ppp_fsm_recv_discard_req
                0x0000000000008724       0x5c zephyr/subsys/net/l2/ppp/libsubsys__net__l2__ppp.a(fsm.c.obj)
                0x0000000000008724                ppp_fsm_recv_discard_req
 .text.lcp_close
                0x0000000000008780       0x28 zephyr/subsys/net/l2/ppp/libsubsys__net__l2__ppp.a(lcp.c.obj)
 .text.lcp_down
                0x00000000000087a8       0x48 zephyr/subsys/net/l2/ppp/libsubsys__net__l2__ppp.a(lcp.c.obj)
 .text.lcp_auth_proto_parse
                0x00000000000087f0       0x74 zephyr/subsys/net/l2/ppp/libsubsys__net__l2__ppp.a(lcp.c.obj)
 .text.lcp_config_info_req
                0x0000000000008864       0x7c zephyr/subsys/net/l2/ppp/libsubsys__net__l2__ppp.a(lcp.c.obj)
 .text.lcp_handle_ext
                0x00000000000088e0      0x10c zephyr/subsys/net/l2/ppp/libsubsys__net__l2__ppp.a(lcp.c.obj)
 .text.lcp_init
                0x00000000000089ec       0xf0 zephyr/subsys/net/l2/ppp/libsubsys__net__l2__ppp.a(lcp.c.obj)
 .text.ppp_parse_option_conf_req_unsupported
                0x0000000000008adc       0xd0 zephyr/subsys/net/l2/ppp/libsubsys__net__l2__ppp.a(options.c.obj)
 .text.ppp_parse_options
                0x0000000000008bac      0x160 zephyr/subsys/net/l2/ppp/libsubsys__net__l2__ppp.a(options.c.obj)
                0x0000000000008bac                ppp_parse_options
 .text.ppp_config_info_req
                0x0000000000008d0c       0x94 zephyr/subsys/net/l2/ppp/libsubsys__net__l2__ppp.a(options.c.obj)
                0x0000000000008d0c                ppp_config_info_req
 .text.ppp_my_options_parse_conf_ack
                0x0000000000008da0       0x20 zephyr/subsys/net/l2/ppp/libsubsys__net__l2__ppp.a(options.c.obj)
                0x0000000000008da0                ppp_my_options_parse_conf_ack
 .text.ppp_my_options_parse_conf_nak
                0x0000000000008dc0       0x20 zephyr/subsys/net/l2/ppp/libsubsys__net__l2__ppp.a(options.c.obj)
                0x0000000000008dc0                ppp_my_options_parse_conf_nak
 .text.ppp_my_options_parse_conf_rej
                0x0000000000008de0       0x20 zephyr/subsys/net/l2/ppp/libsubsys__net__l2__ppp.a(options.c.obj)
                0x0000000000008de0                ppp_my_options_parse_conf_rej
 .text.ppp_link_authenticated
                0x0000000000008e00       0xd4 zephyr/subsys/net/l2/ppp/libsubsys__net__l2__ppp.a(link.c.obj)
                0x0000000000008e00                ppp_link_authenticated
 .text.ppp_link_established
                0x0000000000008ed4       0xac zephyr/subsys/net/l2/ppp/libsubsys__net__l2__ppp.a(link.c.obj)
                0x0000000000008ed4                ppp_link_established
 .text.ppp_link_terminated
                0x0000000000008f80       0x5c zephyr/subsys/net/l2/ppp/libsubsys__net__l2__ppp.a(link.c.obj)
                0x0000000000008f80                ppp_link_terminated
 .text.ppp_link_down
                0x0000000000008fdc       0x30 zephyr/subsys/net/l2/ppp/libsubsys__net__l2__ppp.a(link.c.obj)
                0x0000000000008fdc                ppp_link_down
 .text.ppp_network_up
                0x000000000000900c       0x74 zephyr/subsys/net/l2/ppp/libsubsys__net__l2__ppp.a(network.c.obj)
                0x000000000000900c                ppp_network_up
 .text.ppp_network_down
                0x0000000000009080       0x7c zephyr/subsys/net/l2/ppp/libsubsys__net__l2__ppp.a(network.c.obj)
                0x0000000000009080                ppp_network_down
 .text.ppp_network_done
                0x00000000000090fc       0x2c zephyr/subsys/net/l2/ppp/libsubsys__net__l2__ppp.a(network.c.obj)
                0x00000000000090fc                ppp_network_done
 .text.ppp_network_all_down
                0x0000000000009128       0x84 zephyr/subsys/net/l2/ppp/libsubsys__net__l2__ppp.a(network.c.obj)
                0x0000000000009128                ppp_network_all_down
 .text.ppp_phase_str
                0x00000000000091ac       0x18 zephyr/subsys/net/l2/ppp/libsubsys__net__l2__ppp.a(misc.c.obj)
                0x00000000000091ac                ppp_phase_str
 .text.ppp_change_phase_debug
                0x00000000000091c4       0xc4 zephyr/subsys/net/l2/ppp/libsubsys__net__l2__ppp.a(misc.c.obj)
                0x00000000000091c4                ppp_change_phase_debug
 .text.ppp_state_str
                0x0000000000009288       0x18 zephyr/subsys/net/l2/ppp/libsubsys__net__l2__ppp.a(misc.c.obj)
                0x0000000000009288                ppp_state_str
 .text.ppp_pkt_type2str
                0x00000000000092a0       0x1c zephyr/subsys/net/l2/ppp/libsubsys__net__l2__ppp.a(misc.c.obj)
                0x00000000000092a0                ppp_pkt_type2str
 .text.ppp_proto2str
                0x00000000000092bc       0xa8 zephyr/subsys/net/l2/ppp/libsubsys__net__l2__ppp.a(misc.c.obj)
                0x00000000000092bc                ppp_proto2str
 .text.ppp_change_state_debug
                0x0000000000009364       0xd0 zephyr/subsys/net/l2/ppp/libsubsys__net__l2__ppp.a(misc.c.obj)
                0x0000000000009364                ppp_change_state_debug
 .text.ppp_option2str
                0x0000000000009434      0x114 zephyr/subsys/net/l2/ppp/libsubsys__net__l2__ppp.a(misc.c.obj)
                0x0000000000009434                ppp_option2str
 .text.ipcp_up  0x0000000000009548       0xe8 zephyr/subsys/net/l2/ppp/libsubsys__net__l2__ppp.a(ipcp.c.obj)
 .text.ipcp_config_info_req
                0x0000000000009630       0x84 zephyr/subsys/net/l2/ppp/libsubsys__net__l2__ppp.a(ipcp.c.obj)
 .text.ipcp_config_info_nack
                0x00000000000096b4       0x74 zephyr/subsys/net/l2/ppp/libsubsys__net__l2__ppp.a(ipcp.c.obj)
 .text.ipcp_init
                0x0000000000009728       0xe0 zephyr/subsys/net/l2/ppp/libsubsys__net__l2__ppp.a(ipcp.c.obj)
 .text.ipcp_ip_address_parse
                0x0000000000009808       0x6c zephyr/subsys/net/l2/ppp/libsubsys__net__l2__ppp.a(ipcp.c.obj)
 .text.ipv6cp_config_info_req
                0x0000000000009874       0x50 zephyr/subsys/net/l2/ppp/libsubsys__net__l2__ppp.a(ipv6cp.c.obj)
 .text.ipv6cp_down
                0x00000000000098c4       0xe4 zephyr/subsys/net/l2/ppp/libsubsys__net__l2__ppp.a(ipv6cp.c.obj)
 .text.ipv6cp_config_info_ack
                0x00000000000099a8       0x94 zephyr/subsys/net/l2/ppp/libsubsys__net__l2__ppp.a(ipv6cp.c.obj)
 .text.ipv6cp_interface_identifier_parse
                0x0000000000009a3c       0x80 zephyr/subsys/net/l2/ppp/libsubsys__net__l2__ppp.a(ipv6cp.c.obj)
 .text.ipv6cp_init
                0x0000000000009abc       0xe0 zephyr/subsys/net/l2/ppp/libsubsys__net__l2__ppp.a(ipv6cp.c.obj)
 .text.ipv6cp_up
                0x0000000000009b9c      0x174 zephyr/subsys/net/l2/ppp/libsubsys__net__l2__ppp.a(ipv6cp.c.obj)
 .text.pap_config_info_add
                0x0000000000009d10       0x44 zephyr/subsys/net/l2/ppp/libsubsys__net__l2__ppp.a(pap.c.obj)
 .text.pap_config_info_ack
                0x0000000000009d54       0x1c zephyr/subsys/net/l2/ppp/libsubsys__net__l2__ppp.a(pap.c.obj)
 .text.pap_up   0x0000000000009d70       0x7c zephyr/subsys/net/l2/ppp/libsubsys__net__l2__ppp.a(pap.c.obj)
 .text.pap_init
                0x0000000000009dec       0xb4 zephyr/subsys/net/l2/ppp/libsubsys__net__l2__ppp.a(pap.c.obj)
 .text.processing_data
                0x0000000000009ea0       0xb0 zephyr/subsys/net/ip/libsubsys__net__ip.a(net_core.c.obj)
 .text.net_send_data
                0x0000000000009f50      0x228 zephyr/subsys/net/ip/libsubsys__net__ip.a(net_core.c.obj)
                0x0000000000009f50                net_send_data
 .text.net_process_rx_packet
                0x000000000000a178       0x2c zephyr/subsys/net/ip/libsubsys__net__ip.a(net_core.c.obj)
                0x000000000000a178                net_process_rx_packet
 .text.net_ipv4_is_ll_addr
                0x000000000000a1a4       0x18 zephyr/subsys/net/ip/libsubsys__net__ip.a(net_if.c.obj)
 .text.iface_router_notify_deletion.constprop.0
                0x000000000000a1bc       0x30 zephyr/subsys/net/ip/libsubsys__net__ip.a(net_if.c.obj)
 .text.need_calc_checksum
                0x000000000000a1ec       0x30 zephyr/subsys/net/ip/libsubsys__net__ip.a(net_if.c.obj)
 .text.iface_router_find_default.constprop.0
                0x000000000000a21c       0x70 zephyr/subsys/net/ip/libsubsys__net__ip.a(net_if.c.obj)
 .text.iface_router_update_timer
                0x000000000000a28c       0x88 zephyr/subsys/net/ip/libsubsys__net__ip.a(net_if.c.obj)
 .text.iface_router_add
                0x000000000000a314      0x100 zephyr/subsys/net/ip/libsubsys__net__ip.a(net_if.c.obj)
 .text.iface_router_rm
                0x000000000000a414       0x54 zephyr/subsys/net/ip/libsubsys__net__ip.a(net_if.c.obj)
 .text.iface_router_lookup
                0x000000000000a468       0x7c zephyr/subsys/net/ip/libsubsys__net__ip.a(net_if.c.obj)
 .text.iface_router_expired
                0x000000000000a4e4       0x98 zephyr/subsys/net/ip/libsubsys__net__ip.a(net_if.c.obj)
 .text.z_impl_net_if_get_by_index
                0x000000000000a57c       0x24 zephyr/subsys/net/ip/libsubsys__net__ip.a(net_if.c.obj)
                0x000000000000a57c                z_impl_net_if_get_by_index
 .text.dad_timeout
                0x000000000000a5a0       0xd8 zephyr/subsys/net/ip/libsubsys__net__ip.a(net_if.c.obj)
 .text.net_context_send_cb
                0x000000000000a678       0x58 zephyr/subsys/net/ip/libsubsys__net__ip.a(net_if.c.obj)
 .text.net_if_get_default
                0x000000000000a6d0       0x48 zephyr/subsys/net/ip/libsubsys__net__ip.a(net_if.c.obj)
                0x000000000000a6d0                net_if_get_default
 .text.net_if_get_first_by_type
                0x000000000000a718       0x28 zephyr/subsys/net/ip/libsubsys__net__ip.a(net_if.c.obj)
                0x000000000000a718                net_if_get_first_by_type
 .text.net_if_mcast_mon_register
                0x000000000000a740       0x44 zephyr/subsys/net/ip/libsubsys__net__ip.a(net_if.c.obj)
                0x000000000000a740                net_if_mcast_mon_register
 .text.net_if_mcast_monitor
                0x000000000000a784       0x54 zephyr/subsys/net/ip/libsubsys__net__ip.a(net_if.c.obj)
                0x000000000000a784                net_if_mcast_monitor
 .text.net_if_config_ipv6_get
                0x000000000000a7d8       0x80 zephyr/subsys/net/ip/libsubsys__net__ip.a(net_if.c.obj)
                0x000000000000a7d8                net_if_config_ipv6_get
 .text.net_if_start_rs
                0x000000000000a858       0x78 zephyr/subsys/net/ip/libsubsys__net__ip.a(net_if.c.obj)
                0x000000000000a858                net_if_start_rs
 .text.rs_timeout
                0x000000000000a8d0       0xf8 zephyr/subsys/net/ip/libsubsys__net__ip.a(net_if.c.obj)
 .text.net_if_stop_rs
                0x000000000000a9c8       0x40 zephyr/subsys/net/ip/libsubsys__net__ip.a(net_if.c.obj)
                0x000000000000a9c8                net_if_stop_rs
 .text.net_if_ipv6_addr_lookup
                0x000000000000aa08       0x88 zephyr/subsys/net/ip/libsubsys__net__ip.a(net_if.c.obj)
                0x000000000000aa08                net_if_ipv6_addr_lookup
 .text.net_if_ipv6_addr_update_lifetime
                0x000000000000aa90       0x5c zephyr/subsys/net/ip/libsubsys__net__ip.a(net_if.c.obj)
                0x000000000000aa90                net_if_ipv6_addr_update_lifetime
 .text.net_if_ipv6_maddr_rm
                0x000000000000aaec       0x78 zephyr/subsys/net/ip/libsubsys__net__ip.a(net_if.c.obj)
                0x000000000000aaec                net_if_ipv6_maddr_rm
 .text.net_if_ipv6_maddr_lookup
                0x000000000000ab64       0x9c zephyr/subsys/net/ip/libsubsys__net__ip.a(net_if.c.obj)
                0x000000000000ab64                net_if_ipv6_maddr_lookup
 .text.net_if_ipv6_maddr_add
                0x000000000000ac00       0xcc zephyr/subsys/net/ip/libsubsys__net__ip.a(net_if.c.obj)
                0x000000000000ac00                net_if_ipv6_maddr_add
 .text.net_if_ipv6_prefix_add
                0x000000000000accc      0x148 zephyr/subsys/net/ip/libsubsys__net__ip.a(net_if.c.obj)
                0x000000000000accc                net_if_ipv6_prefix_add
 .text.net_if_ipv6_addr_onlink
                0x000000000000ae14       0x88 zephyr/subsys/net/ip/libsubsys__net__ip.a(net_if.c.obj)
                0x000000000000ae14                net_if_ipv6_addr_onlink
 .text.net_if_ipv6_prefix_set_timer
                0x000000000000ae9c       0x58 zephyr/subsys/net/ip/libsubsys__net__ip.a(net_if.c.obj)
                0x000000000000ae9c                net_if_ipv6_prefix_set_timer
 .text.net_if_ipv6_prefix_unset_timer
                0x000000000000aef4       0x40 zephyr/subsys/net/ip/libsubsys__net__ip.a(net_if.c.obj)
                0x000000000000aef4                net_if_ipv6_prefix_unset_timer
 .text.net_if_ipv6_get_global_addr
                0x000000000000af34       0x98 zephyr/subsys/net/ip/libsubsys__net__ip.a(net_if.c.obj)
                0x000000000000af34                net_if_ipv6_get_global_addr
 .text.net_if_ipv6_select_src_addr_hint
                0x000000000000afcc       0xc8 zephyr/subsys/net/ip/libsubsys__net__ip.a(net_if.c.obj)
                0x000000000000afcc                net_if_ipv6_select_src_addr_hint
 .text.net_if_config_ipv4_get
                0x000000000000b094       0x7c zephyr/subsys/net/ip/libsubsys__net__ip.a(net_if.c.obj)
                0x000000000000b094                net_if_config_ipv4_get
 .text.net_if_ipv4_is_addr_bcast
                0x000000000000b110       0x30 zephyr/subsys/net/ip/libsubsys__net__ip.a(net_if.c.obj)
                0x000000000000b110                net_if_ipv4_is_addr_bcast
 .text.net_if_ipv4_select_src_iface
                0x000000000000b140       0x30 zephyr/subsys/net/ip/libsubsys__net__ip.a(net_if.c.obj)
                0x000000000000b140                net_if_ipv4_select_src_iface
 .text.net_if_ipv4_select_src_addr
                0x000000000000b170       0xa8 zephyr/subsys/net/ip/libsubsys__net__ip.a(net_if.c.obj)
                0x000000000000b170                net_if_ipv4_select_src_addr
 .text.net_if_ipv4_addr_lookup
                0x000000000000b218       0x58 zephyr/subsys/net/ip/libsubsys__net__ip.a(net_if.c.obj)
                0x000000000000b218                net_if_ipv4_addr_lookup
 .text.net_if_ipv4_addr_add
                0x000000000000b270       0xa4 zephyr/subsys/net/ip/libsubsys__net__ip.a(net_if.c.obj)
                0x000000000000b270                net_if_ipv4_addr_add
 .text.net_if_ipv4_maddr_lookup
                0x000000000000b314       0x64 zephyr/subsys/net/ip/libsubsys__net__ip.a(net_if.c.obj)
                0x000000000000b314                net_if_ipv4_maddr_lookup
 .text.net_if_addr_unref
                0x000000000000b378      0x138 zephyr/subsys/net/ip/libsubsys__net__ip.a(net_if.c.obj)
                0x000000000000b378                net_if_addr_unref
 .text.net_if_ipv6_dad_failed
                0x000000000000b4b0       0x6c zephyr/subsys/net/ip/libsubsys__net__ip.a(net_if.c.obj)
                0x000000000000b4b0                net_if_ipv6_dad_failed
 .text.net_if_ipv6_prefix_rm
                0x000000000000b51c       0xd8 zephyr/subsys/net/ip/libsubsys__net__ip.a(net_if.c.obj)
                0x000000000000b51c                net_if_ipv6_prefix_rm
 .text.prefix_lifetime_timeout
                0x000000000000b5f4      0x124 zephyr/subsys/net/ip/libsubsys__net__ip.a(net_if.c.obj)
 .text.address_lifetime_timeout
                0x000000000000b718       0xdc zephyr/subsys/net/ip/libsubsys__net__ip.a(net_if.c.obj)
 .text.net_if_call_link_cb
                0x000000000000b7f4       0x4c zephyr/subsys/net/ip/libsubsys__net__ip.a(net_if.c.obj)
                0x000000000000b7f4                net_if_call_link_cb
 .text.net_if_tx.isra.0
                0x000000000000b840       0xe8 zephyr/subsys/net/ip/libsubsys__net__ip.a(net_if.c.obj)
 .text.net_if_send_data
                0x000000000000b928       0xb0 zephyr/subsys/net/ip/libsubsys__net__ip.a(net_if.c.obj)
                0x000000000000b928                net_if_send_data
 .text.net_if_get_by_iface
                0x000000000000b9d8       0x2c zephyr/subsys/net/ip/libsubsys__net__ip.a(net_if.c.obj)
                0x000000000000b9d8                net_if_get_by_iface
 .text.net_if_ipv6_start_dad
                0x000000000000ba04       0x8c zephyr/subsys/net/ip/libsubsys__net__ip.a(net_if.c.obj)
                0x000000000000ba04                net_if_ipv6_start_dad
 .text.join_mcast_allnodes
                0x000000000000ba90       0x7c zephyr/subsys/net/ip/libsubsys__net__ip.a(net_if.c.obj)
 .text.join_mcast_nodes
                0x000000000000bb0c       0x74 zephyr/subsys/net/ip/libsubsys__net__ip.a(net_if.c.obj)
 .text.net_if_ipv6_addr_add
                0x000000000000bb80      0x160 zephyr/subsys/net/ip/libsubsys__net__ip.a(net_if.c.obj)
                0x000000000000bb80                net_if_ipv6_addr_add
 .text.net_if_start_dad
                0x000000000000bce0       0xf0 zephyr/subsys/net/ip/libsubsys__net__ip.a(net_if.c.obj)
                0x000000000000bce0                net_if_start_dad
 .text.update_operational_state
                0x000000000000bdd0      0x24c zephyr/subsys/net/ip/libsubsys__net__ip.a(net_if.c.obj)
 .text.net_if_foreach
                0x000000000000c01c       0x24 zephyr/subsys/net/ip/libsubsys__net__ip.a(net_if.c.obj)
                0x000000000000c01c                net_if_foreach
 .text.net_if_up
                0x000000000000c040       0x74 zephyr/subsys/net/ip/libsubsys__net__ip.a(net_if.c.obj)
                0x000000000000c040                net_if_up
 .text.net_if_down
                0x000000000000c0b4       0x94 zephyr/subsys/net/ip/libsubsys__net__ip.a(net_if.c.obj)
                0x000000000000c0b4                net_if_down
 .text.net_if_is_wifi
                0x000000000000c148       0x24 zephyr/subsys/net/ip/libsubsys__net__ip.a(net_if.c.obj)
                0x000000000000c148                net_if_is_wifi
 .text.net_if_set_name
                0x000000000000c16c       0x64 zephyr/subsys/net/ip/libsubsys__net__ip.a(net_if.c.obj)
                0x000000000000c16c                net_if_set_name
 .text.net_if_get_by_name
                0x000000000000c1d0       0x44 zephyr/subsys/net/ip/libsubsys__net__ip.a(net_if.c.obj)
                0x000000000000c1d0                net_if_get_by_name
 .text.net_if_init
                0x000000000000c214      0x2e4 zephyr/subsys/net/ip/libsubsys__net__ip.a(net_if.c.obj)
                0x000000000000c214                net_if_init
 .text.net_if_post_init
                0x000000000000c4f8       0x28 zephyr/subsys/net/ip/libsubsys__net__ip.a(net_if.c.obj)
                0x000000000000c4f8                net_if_post_init
 .text.net_sprint_ll_addr_buf
                0x000000000000c520       0x58 zephyr/subsys/net/ip/libsubsys__net__ip.a(utils.c.obj)
                0x000000000000c520                net_sprint_ll_addr_buf
 .text.z_impl_net_addr_ntop
                0x000000000000c578      0x210 zephyr/subsys/net/ip/libsubsys__net__ip.a(utils.c.obj)
                0x000000000000c578                z_impl_net_addr_ntop
 .text.net_sprint_addr
                0x000000000000c788       0x2c zephyr/subsys/net/ip/libsubsys__net__ip.a(utils.c.obj)
                0x000000000000c788                net_sprint_addr
 .text.z_impl_net_addr_pton
                0x000000000000c7b4      0x190 zephyr/subsys/net/ip/libsubsys__net__ip.a(utils.c.obj)
                0x000000000000c7b4                z_impl_net_addr_pton
 .text.net_ipv4_unspecified_address
                0x000000000000c944        0x8 zephyr/subsys/net/ip/libsubsys__net__ip.a(utils.c.obj)
                0x000000000000c944                net_ipv4_unspecified_address
 .text.net_ipv4_broadcast_address
                0x000000000000c94c        0x8 zephyr/subsys/net/ip/libsubsys__net__ip.a(utils.c.obj)
                0x000000000000c94c                net_ipv4_broadcast_address
 .text.net_ipv6_unspecified_address
                0x000000000000c954        0x8 zephyr/subsys/net/ip/libsubsys__net__ip.a(utils.c.obj)
                0x000000000000c954                net_ipv6_unspecified_address
 .text.mgmt_event_work_handler
                0x000000000000c95c      0x144 zephyr/subsys/net/ip/libsubsys__net__ip.a(net_mgmt.c.obj)
 .text.sys_slist_find_and_remove.constprop.0.isra.0
                0x000000000000caa0       0x38 zephyr/subsys/net/ip/libsubsys__net__ip.a(net_mgmt.c.obj)
 .text.mgmt_rebuild_global_event_mask
                0x000000000000cad8       0x5c zephyr/subsys/net/ip/libsubsys__net__ip.a(net_mgmt.c.obj)
 .text.net_mgmt_add_event_callback
                0x000000000000cb34       0x48 zephyr/subsys/net/ip/libsubsys__net__ip.a(net_mgmt.c.obj)
                0x000000000000cb34                net_mgmt_add_event_callback
 .text.net_mgmt_del_event_callback
                0x000000000000cb7c       0x2c zephyr/subsys/net/ip/libsubsys__net__ip.a(net_mgmt.c.obj)
                0x000000000000cb7c                net_mgmt_del_event_callback
 .text.net_mgmt_event_notify_with_info
                0x000000000000cba8       0xf0 zephyr/subsys/net/ip/libsubsys__net__ip.a(net_mgmt.c.obj)
                0x000000000000cba8                net_mgmt_event_notify_with_info
 .text.net_mgmt_event_init
                0x000000000000cc98       0x3c zephyr/subsys/net/ip/libsubsys__net__ip.a(net_mgmt.c.obj)
                0x000000000000cc98                net_mgmt_event_init
 .text.net_context_packet_received
                0x000000000000ccd4       0xe0 zephyr/subsys/net/ip/libsubsys__net__ip.a(net_context.c.obj)
                0x000000000000ccd4                net_context_packet_received
 .text.check_used_port
                0x000000000000cdb4      0x168 zephyr/subsys/net/ip/libsubsys__net__ip.a(net_context.c.obj)
 .text.find_available_port
                0x000000000000cf1c       0x40 zephyr/subsys/net/ip/libsubsys__net__ip.a(net_context.c.obj)
 .text.net_context_get
                0x000000000000cf5c      0x194 zephyr/subsys/net/ip/libsubsys__net__ip.a(net_context.c.obj)
                0x000000000000cf5c                net_context_get
 .text.net_context_put
                0x000000000000d0f0       0x50 zephyr/subsys/net/ip/libsubsys__net__ip.a(net_context.c.obj)
                0x000000000000d0f0                net_context_put
 .text.net_context_bind
                0x000000000000d140      0x1d4 zephyr/subsys/net/ip/libsubsys__net__ip.a(net_context.c.obj)
                0x000000000000d140                net_context_bind
 .text.context_sendto.constprop.0
                0x000000000000d314      0x2fc zephyr/subsys/net/ip/libsubsys__net__ip.a(net_context.c.obj)
 .text.net_context_recv
                0x000000000000d610      0x174 zephyr/subsys/net/ip/libsubsys__net__ip.a(net_context.c.obj)
                0x000000000000d610                net_context_recv
 .text.net_context_set_option
                0x000000000000d784      0x100 zephyr/subsys/net/ip/libsubsys__net__ip.a(net_context.c.obj)
                0x000000000000d784                net_context_set_option
 .text.net_context_get_option
                0x000000000000d884       0xb4 zephyr/subsys/net/ip/libsubsys__net__ip.a(net_context.c.obj)
                0x000000000000d884                net_context_get_option
 .text.net_context_init
                0x000000000000d938       0x10 zephyr/subsys/net/ip/libsubsys__net__ip.a(net_context.c.obj)
                0x000000000000d938                net_context_init
 .text.net_pkt_get_reserve_data
                0x000000000000d948       0x50 zephyr/subsys/net/ip/libsubsys__net__ip.a(net_pkt.c.obj)
                0x000000000000d948                net_pkt_get_reserve_data
 .text.net_pkt_get_reserve_rx_data
                0x000000000000d998        0xc zephyr/subsys/net/ip/libsubsys__net__ip.a(net_pkt.c.obj)
                0x000000000000d998                net_pkt_get_reserve_rx_data
 .text.net_pkt_get_reserve_tx_data
                0x000000000000d9a4        0xc zephyr/subsys/net/ip/libsubsys__net__ip.a(net_pkt.c.obj)
                0x000000000000d9a4                net_pkt_get_reserve_tx_data
 .text.net_pkt_get_frag
                0x000000000000d9b0       0x20 zephyr/subsys/net/ip/libsubsys__net__ip.a(net_pkt.c.obj)
                0x000000000000d9b0                net_pkt_get_frag
 .text.pkt_alloc
                0x000000000000d9d0       0x58 zephyr/subsys/net/ip/libsubsys__net__ip.a(net_pkt.c.obj)
 .text.net_pkt_alloc
                0x000000000000da28       0x10 zephyr/subsys/net/ip/libsubsys__net__ip.a(net_pkt.c.obj)
                0x000000000000da28                net_pkt_alloc
 .text.net_pkt_rx_alloc
                0x000000000000da38       0x10 zephyr/subsys/net/ip/libsubsys__net__ip.a(net_pkt.c.obj)
                0x000000000000da38                net_pkt_rx_alloc
 .text.net_pkt_rx_alloc_on_iface
                0x000000000000da48        0xc zephyr/subsys/net/ip/libsubsys__net__ip.a(net_pkt.c.obj)
                0x000000000000da48                net_pkt_rx_alloc_on_iface
 .text.net_pkt_alloc_buffer
                0x000000000000da54       0xfc zephyr/subsys/net/ip/libsubsys__net__ip.a(net_pkt.c.obj)
                0x000000000000da54                net_pkt_alloc_buffer
 .text.net_pkt_alloc_with_buffer
                0x000000000000db50       0x24 zephyr/subsys/net/ip/libsubsys__net__ip.a(net_pkt.c.obj)
                0x000000000000db50                net_pkt_alloc_with_buffer
 .text.net_pkt_rx_alloc_with_buffer
                0x000000000000db74       0x24 zephyr/subsys/net/ip/libsubsys__net__ip.a(net_pkt.c.obj)
                0x000000000000db74                net_pkt_rx_alloc_with_buffer
 .text.net_pkt_alloc_buffer_raw
                0x000000000000db98       0x7c zephyr/subsys/net/ip/libsubsys__net__ip.a(net_pkt.c.obj)
                0x000000000000db98                net_pkt_alloc_buffer_raw
 .text.net_pkt_get_data
                0x000000000000dc14       0x60 zephyr/subsys/net/ip/libsubsys__net__ip.a(net_pkt.c.obj)
                0x000000000000dc14                net_pkt_get_data
 .text.z_log_msg_runtime_create.constprop.0
                0x000000000000dc74       0x24 zephyr/subsys/net/ip/libsubsys__net__ip.a(net_tc.c.obj)
 .text.net_tc_submit_to_rx_queue
                0x000000000000dc98       0x10 zephyr/subsys/net/ip/libsubsys__net__ip.a(net_tc.c.obj)
                0x000000000000dc98                net_tc_submit_to_rx_queue
 .text.net_rx_priority2tc
                0x000000000000dca8       0x10 zephyr/subsys/net/ip/libsubsys__net__ip.a(net_tc.c.obj)
                0x000000000000dca8                net_rx_priority2tc
 .text.net_tc_rx_init
                0x000000000000dcb8       0x78 zephyr/subsys/net/ip/libsubsys__net__ip.a(net_tc.c.obj)
                0x000000000000dcb8                net_tc_rx_init
 .text.icmp_call_handlers
                0x000000000000dd30       0x6c zephyr/subsys/net/ip/libsubsys__net__ip.a(icmp.c.obj)
 .text.net_icmp_init_ctx
                0x000000000000dd9c       0x50 zephyr/subsys/net/ip/libsubsys__net__ip.a(icmp.c.obj)
                0x000000000000dd9c                net_icmp_init_ctx
 .text.net_stats_update_per_proto_recv
                0x000000000000ddec       0x34 zephyr/subsys/net/ip/libsubsys__net__ip.a(connection.c.obj)
 .text.net_stats_update_per_proto_drop
                0x000000000000de20       0x34 zephyr/subsys/net/ip/libsubsys__net__ip.a(connection.c.obj)
 .text.net_conn_change_remote
                0x000000000000de54       0xa0 zephyr/subsys/net/ip/libsubsys__net__ip.a(connection.c.obj)
 .text.k_mutex_lock.constprop.0.isra.0
                0x000000000000def4       0x10 zephyr/subsys/net/ip/libsubsys__net__ip.a(connection.c.obj)
 .text.k_mutex_unlock.constprop.0.isra.0
                0x000000000000df04        0xc zephyr/subsys/net/ip/libsubsys__net__ip.a(connection.c.obj)
 .text.conn_set_unused
                0x000000000000df10       0x34 zephyr/subsys/net/ip/libsubsys__net__ip.a(connection.c.obj)
 .text.net_conn_register
                0x000000000000df44      0x2f8 zephyr/subsys/net/ip/libsubsys__net__ip.a(connection.c.obj)
                0x000000000000df44                net_conn_register
 .text.net_conn_unregister
                0x000000000000e23c       0x78 zephyr/subsys/net/ip/libsubsys__net__ip.a(connection.c.obj)
                0x000000000000e23c                net_conn_unregister
 .text.net_conn_update
                0x000000000000e2b4       0x40 zephyr/subsys/net/ip/libsubsys__net__ip.a(connection.c.obj)
                0x000000000000e2b4                net_conn_update
 .text.net_conn_input
                0x000000000000e2f4      0x2b8 zephyr/subsys/net/ip/libsubsys__net__ip.a(connection.c.obj)
                0x000000000000e2f4                net_conn_input
 .text.net_conn_init
                0x000000000000e5ac       0x40 zephyr/subsys/net/ip/libsubsys__net__ip.a(connection.c.obj)
                0x000000000000e5ac                net_conn_init
 .text.icmpv4_handle_echo_request
                0x000000000000e5ec      0x118 zephyr/subsys/net/ip/libsubsys__net__ip.a(icmpv4.c.obj)
 .text.net_icmpv4_send_error
                0x000000000000e704      0x120 zephyr/subsys/net/ip/libsubsys__net__ip.a(icmpv4.c.obj)
                0x000000000000e704                net_icmpv4_send_error
 .text.net_icmpv4_input
                0x000000000000e824       0xac zephyr/subsys/net/ip/libsubsys__net__ip.a(icmpv4.c.obj)
                0x000000000000e824                net_icmpv4_input
 .text.net_icmpv4_init
                0x000000000000e8d0       0x48 zephyr/subsys/net/ip/libsubsys__net__ip.a(icmpv4.c.obj)
                0x000000000000e8d0                net_icmpv4_init
 .text.net_ipv4_input
                0x000000000000e918      0x1c4 zephyr/subsys/net/ip/libsubsys__net__ip.a(ipv4.c.obj)
                0x000000000000e918                net_ipv4_input
 .text.icmpv6_handle_echo_request
                0x000000000000eadc       0xfc zephyr/subsys/net/ip/libsubsys__net__ip.a(icmpv6.c.obj)
 .text.net_icmpv6_send_error
                0x000000000000ebd8      0x1bc zephyr/subsys/net/ip/libsubsys__net__ip.a(icmpv6.c.obj)
                0x000000000000ebd8                net_icmpv6_send_error
 .text.net_icmpv6_input
                0x000000000000ed94       0x98 zephyr/subsys/net/ip/libsubsys__net__ip.a(icmpv6.c.obj)
                0x000000000000ed94                net_icmpv6_input
 .text.net_icmpv6_init
                0x000000000000ee2c       0x48 zephyr/subsys/net/ip/libsubsys__net__ip.a(icmpv6.c.obj)
                0x000000000000ee2c                net_icmpv6_init
 .text.net_nbr_link
                0x000000000000ee74       0xc4 zephyr/subsys/net/ip/libsubsys__net__ip.a(nbr.c.obj)
                0x000000000000ee74                net_nbr_link
 .text.net_nbr_unlink
                0x000000000000ef38       0x40 zephyr/subsys/net/ip/libsubsys__net__ip.a(nbr.c.obj)
                0x000000000000ef38                net_nbr_unlink
 .text.net_nbr_get_lladdr
                0x000000000000ef78       0x10 zephyr/subsys/net/ip/libsubsys__net__ip.a(nbr.c.obj)
                0x000000000000ef78                net_nbr_get_lladdr
 .text.net_ipv6_input
                0x000000000000ef88      0x408 zephyr/subsys/net/ip/libsubsys__net__ip.a(ipv6.c.obj)
                0x000000000000ef88                net_ipv6_input
 .text.net_stats_update_ipv6_nd_drop
                0x000000000000f390       0x1c zephyr/subsys/net/ip/libsubsys__net__ip.a(ipv6_nbr.c.obj)
 .text.ipv6_nbr_set_state
                0x000000000000f3ac       0x6c zephyr/subsys/net/ip/libsubsys__net__ip.a(ipv6_nbr.c.obj)
 .text.nbr_new  0x000000000000f418       0x84 zephyr/subsys/net/ip/libsubsys__net__ip.a(ipv6_nbr.c.obj)
 .text.ipv6_nd_restart_reachable_timer
                0x000000000000f49c       0x64 zephyr/subsys/net/ip/libsubsys__net__ip.a(ipv6_nbr.c.obj)
 .text.nbr_lookup.constprop.0
                0x000000000000f500       0x44 zephyr/subsys/net/ip/libsubsys__net__ip.a(ipv6_nbr.c.obj)
 .text.dad_failed.isra.0
                0x000000000000f544       0x38 zephyr/subsys/net/ip/libsubsys__net__ip.a(ipv6_nbr.c.obj)
 .text.dbg_update_neighbor_lladdr.constprop.0
                0x000000000000f57c       0x28 zephyr/subsys/net/ip/libsubsys__net__ip.a(ipv6_nbr.c.obj)
 .text.net_ipv6_nbr_lock
                0x000000000000f5a4       0x14 zephyr/subsys/net/ip/libsubsys__net__ip.a(ipv6_nbr.c.obj)
                0x000000000000f5a4                net_ipv6_nbr_lock
 .text.net_ipv6_nbr_unlock
                0x000000000000f5b8        0xc zephyr/subsys/net/ip/libsubsys__net__ip.a(ipv6_nbr.c.obj)
                0x000000000000f5b8                net_ipv6_nbr_unlock
 .text.ipv6_ns_reply_timeout
                0x000000000000f5c4       0xb4 zephyr/subsys/net/ip/libsubsys__net__ip.a(ipv6_nbr.c.obj)
 .text.net_ipv6_nbr_rm
                0x000000000000f678       0x70 zephyr/subsys/net/ip/libsubsys__net__ip.a(ipv6_nbr.c.obj)
                0x000000000000f678                net_ipv6_nbr_rm
 .text.add_nbr  0x000000000000f6e8       0xa0 zephyr/subsys/net/ip/libsubsys__net__ip.a(ipv6_nbr.c.obj)
 .text.net_ipv6_send_na
                0x000000000000f788      0x110 zephyr/subsys/net/ip/libsubsys__net__ip.a(ipv6_nbr.c.obj)
                0x000000000000f788                net_ipv6_send_na
 .text.handle_na_input
                0x000000000000f898      0x2f0 zephyr/subsys/net/ip/libsubsys__net__ip.a(ipv6_nbr.c.obj)
 .text.net_ipv6_send_ns
                0x000000000000fb88      0x220 zephyr/subsys/net/ip/libsubsys__net__ip.a(ipv6_nbr.c.obj)
                0x000000000000fb88                net_ipv6_send_ns
 .text.net_ipv6_nbr_add
                0x000000000000fda8      0x114 zephyr/subsys/net/ip/libsubsys__net__ip.a(ipv6_nbr.c.obj)
                0x000000000000fda8                net_ipv6_nbr_add
 .text.handle_ra_input
                0x000000000000febc      0x63c zephyr/subsys/net/ip/libsubsys__net__ip.a(ipv6_nbr.c.obj)
 .text.handle_ns_input
                0x00000000000104f8      0x298 zephyr/subsys/net/ip/libsubsys__net__ip.a(ipv6_nbr.c.obj)
 .text.ipv6_nd_reachable_timeout
                0x0000000000010790       0xec zephyr/subsys/net/ip/libsubsys__net__ip.a(ipv6_nbr.c.obj)
 .text.net_ipv6_send_rs
                0x000000000001087c      0x108 zephyr/subsys/net/ip/libsubsys__net__ip.a(ipv6_nbr.c.obj)
                0x000000000001087c                net_ipv6_send_rs
 .text.net_ipv6_nbr_init
                0x0000000000010984       0xd4 zephyr/subsys/net/ip/libsubsys__net__ip.a(ipv6_nbr.c.obj)
                0x0000000000010984                net_ipv6_nbr_init
 .text.mld_send
                0x0000000000010a58       0x74 zephyr/subsys/net/ip/libsubsys__net__ip.a(ipv6_mld.c.obj)
 .text.z_log_msg_runtime_create.constprop.0
                0x0000000000010acc       0x24 zephyr/subsys/net/ip/libsubsys__net__ip.a(ipv6_mld.c.obj)
 .text.handle_mld_query
                0x0000000000010af0      0x164 zephyr/subsys/net/ip/libsubsys__net__ip.a(ipv6_mld.c.obj)
 .text.net_ipv6_mld_join
                0x0000000000010c54       0x94 zephyr/subsys/net/ip/libsubsys__net__ip.a(ipv6_mld.c.obj)
                0x0000000000010c54                net_ipv6_mld_join
 .text.net_ipv6_mld_leave
                0x0000000000010ce8       0x68 zephyr/subsys/net/ip/libsubsys__net__ip.a(ipv6_mld.c.obj)
                0x0000000000010ce8                net_ipv6_mld_leave
 .text.net_ipv6_mld_init
                0x0000000000010d50       0x48 zephyr/subsys/net/ip/libsubsys__net__ip.a(ipv6_mld.c.obj)
                0x0000000000010d50                net_ipv6_mld_init
 .text.nbr_new  0x0000000000010d98       0x5c zephyr/subsys/net/ip/libsubsys__net__ip.a(route.c.obj)
 .text.net_route_get_nbr
                0x0000000000010df4       0x38 zephyr/subsys/net/ip/libsubsys__net__ip.a(route.c.obj)
                0x0000000000010df4                net_route_get_nbr
 .text.net_route_lookup
                0x0000000000010e2c       0xbc zephyr/subsys/net/ip/libsubsys__net__ip.a(route.c.obj)
                0x0000000000010e2c                net_route_lookup
 .text.net_route_update_lifetime
                0x0000000000010ee8       0x78 zephyr/subsys/net/ip/libsubsys__net__ip.a(route.c.obj)
                0x0000000000010ee8                net_route_update_lifetime
 .text.net_route_get_nexthop
                0x0000000000010f60       0x48 zephyr/subsys/net/ip/libsubsys__net__ip.a(route.c.obj)
                0x0000000000010f60                net_route_get_nexthop
 .text.net_route_del
                0x0000000000010fa8       0xe4 zephyr/subsys/net/ip/libsubsys__net__ip.a(route.c.obj)
                0x0000000000010fa8                net_route_del
 .text.net_route_del_by_nexthop
                0x000000000001108c       0x58 zephyr/subsys/net/ip/libsubsys__net__ip.a(route.c.obj)
                0x000000000001108c                net_route_del_by_nexthop
 .text.route_lifetime_timeout
                0x00000000000110e4       0x94 zephyr/subsys/net/ip/libsubsys__net__ip.a(route.c.obj)
 .text.net_route_add
                0x0000000000011178      0x1d8 zephyr/subsys/net/ip/libsubsys__net__ip.a(route.c.obj)
                0x0000000000011178                net_route_add
 .text.net_route_packet
                0x0000000000011350       0xd0 zephyr/subsys/net/ip/libsubsys__net__ip.a(route.c.obj)
                0x0000000000011350                net_route_packet
 .text.net_route_init
                0x0000000000011420       0x10 zephyr/subsys/net/ip/libsubsys__net__ip.a(route.c.obj)
                0x0000000000011420                net_route_init
 .text.net_stats_update_tcp_seg_drop
                0x0000000000011430       0x14 zephyr/subsys/net/ip/libsubsys__net__ip.a(tcp.c.obj)
 .text.tcp_setup_last_ack_timer
                0x0000000000011444       0x44 zephyr/subsys/net/ip/libsubsys__net__ip.a(tcp.c.obj)
 .text.tcp_send
                0x0000000000011488       0x50 zephyr/subsys/net/ip/libsubsys__net__ip.a(tcp.c.obj)
 .text.tcp_unsent_len
                0x00000000000114d8       0x60 zephyr/subsys/net/ip/libsubsys__net__ip.a(tcp.c.obj)
 .text.th_get   0x0000000000011538      0x114 zephyr/subsys/net/ip/libsubsys__net__ip.a(tcp.c.obj)
 .text.tcp_endpoint_set
                0x000000000001164c       0xb8 zephyr/subsys/net/ip/libsubsys__net__ip.a(tcp.c.obj)
 .text.tcp_send_timer_cancel
                0x0000000000011704       0x88 zephyr/subsys/net/ip/libsubsys__net__ip.a(tcp.c.obj)
 .text.tcp_enter_time_wait
                0x000000000001178c       0x28 zephyr/subsys/net/ip/libsubsys__net__ip.a(tcp.c.obj)
 .text.tcp_send_process_no_lock
                0x00000000000117b4      0x160 zephyr/subsys/net/ip/libsubsys__net__ip.a(tcp.c.obj)
 .text.tcp_conn_release
                0x0000000000011914      0x14c zephyr/subsys/net/ip/libsubsys__net__ip.a(tcp.c.obj)
 .text.tcp_conn_unref.isra.0
                0x0000000000011a60       0x70 zephyr/subsys/net/ip/libsubsys__net__ip.a(tcp.c.obj)
 .text.net_tcp_get
                0x0000000000011ad0      0x1d4 zephyr/subsys/net/ip/libsubsys__net__ip.a(tcp.c.obj)
                0x0000000000011ad0                net_tcp_get
 .text.net_tcp_accept
                0x0000000000011ca4       0xbc zephyr/subsys/net/ip/libsubsys__net__ip.a(tcp.c.obj)
                0x0000000000011ca4                net_tcp_accept
 .text.net_tcp_input
                0x0000000000011d60       0x50 zephyr/subsys/net/ip/libsubsys__net__ip.a(tcp.c.obj)
                0x0000000000011d60                net_tcp_input
 .text.tcp_out_ext
                0x0000000000011db0      0x1c8 zephyr/subsys/net/ip/libsubsys__net__ip.a(tcp.c.obj)
 .text.tcp_send_zwp
                0x0000000000011f78       0xac zephyr/subsys/net/ip/libsubsys__net__ip.a(tcp.c.obj)
 .text.net_tcp_put
                0x0000000000012024       0xd4 zephyr/subsys/net/ip/libsubsys__net__ip.a(tcp.c.obj)
                0x0000000000012024                net_tcp_put
 .text.tcp_send_data
                0x00000000000120f8      0x1a0 zephyr/subsys/net/ip/libsubsys__net__ip.a(tcp.c.obj)
 .text.tcp_resend_data
                0x0000000000012298      0x210 zephyr/subsys/net/ip/libsubsys__net__ip.a(tcp.c.obj)
 .text.net_tcp_update_recv_wnd
                0x00000000000124a8       0x54 zephyr/subsys/net/ip/libsubsys__net__ip.a(tcp.c.obj)
                0x00000000000124a8                net_tcp_update_recv_wnd
 .text.tcp_data_get
                0x00000000000124fc       0xfc zephyr/subsys/net/ip/libsubsys__net__ip.a(tcp.c.obj)
 .text.tcp_send_queued_data.part.0
                0x00000000000125f8       0xb4 zephyr/subsys/net/ip/libsubsys__net__ip.a(tcp.c.obj)
 .text.tcp_in   0x00000000000126ac      0xfc8 zephyr/subsys/net/ip/libsubsys__net__ip.a(tcp.c.obj)
 .text.net_tcp_connect
                0x0000000000013674      0x26c zephyr/subsys/net/ip/libsubsys__net__ip.a(tcp.c.obj)
                0x0000000000013674                net_tcp_connect
 .text.tcp_recv
                0x00000000000138e0      0x278 zephyr/subsys/net/ip/libsubsys__net__ip.a(tcp.c.obj)
 .text.net_tcp_init
                0x0000000000013b58       0x50 zephyr/subsys/net/ip/libsubsys__net__ip.a(tcp.c.obj)
                0x0000000000013b58                net_tcp_init
 .text.net_udp_input
                0x0000000000013ba8       0x88 zephyr/subsys/net/ip/libsubsys__net__ip.a(udp.c.obj)
                0x0000000000013ba8                net_udp_input
 .text.z_log_msg_runtime_create.constprop.0
                0x0000000000013c30       0x24 zephyr/subsys/net/lib/mqtt/libsubsys__net__lib__mqtt.a(mqtt_decoder.c.obj)
 .text.publish_decode
                0x0000000000013c54       0x9c zephyr/subsys/net/lib/mqtt/libsubsys__net__lib__mqtt.a(mqtt_decoder.c.obj)
                0x0000000000013c54                publish_decode
 .text.connect_request_encode
                0x0000000000013cf0      0x104 zephyr/subsys/net/lib/mqtt/libsubsys__net__lib__mqtt.a(mqtt_encoder.c.obj)
                0x0000000000013cf0                connect_request_encode
 .text.mqtt_read_message_chunk
                0x0000000000013df4       0xd0 zephyr/subsys/net/lib/mqtt/libsubsys__net__lib__mqtt.a(mqtt_rx.c.obj)
 .text.mqtt_handle_rx
                0x0000000000013ec4      0x1d0 zephyr/subsys/net/lib/mqtt/libsubsys__net__lib__mqtt.a(mqtt_rx.c.obj)
                0x0000000000013ec4                mqtt_handle_rx
 .text.z_log_msg_runtime_create.constprop.0
                0x0000000000014094       0x24 zephyr/subsys/net/lib/mqtt/libsubsys__net__lib__mqtt.a(mqtt_transport_socket_tcp.c.obj)
 .text.mqtt_client_tcp_connect
                0x00000000000140b8       0x48 zephyr/subsys/net/lib/mqtt/libsubsys__net__lib__mqtt.a(mqtt_transport_socket_tcp.c.obj)
                0x00000000000140b8                mqtt_client_tcp_connect
 .text.mqtt_client_tcp_write
                0x0000000000014100       0x44 zephyr/subsys/net/lib/mqtt/libsubsys__net__lib__mqtt.a(mqtt_transport_socket_tcp.c.obj)
                0x0000000000014100                mqtt_client_tcp_write
 .text.mqtt_client_tcp_write_msg
                0x0000000000014144       0x84 zephyr/subsys/net/lib/mqtt/libsubsys__net__lib__mqtt.a(mqtt_transport_socket_tcp.c.obj)
                0x0000000000014144                mqtt_client_tcp_write_msg
 .text.mqtt_client_tcp_read
                0x00000000000141c8       0x2c zephyr/subsys/net/lib/mqtt/libsubsys__net__lib__mqtt.a(mqtt_transport_socket_tcp.c.obj)
                0x00000000000141c8                mqtt_client_tcp_read
 .text.mqtt_client_tcp_disconnect
                0x00000000000141f4       0x48 zephyr/subsys/net/lib/mqtt/libsubsys__net__lib__mqtt.a(mqtt_transport_socket_tcp.c.obj)
                0x00000000000141f4                mqtt_client_tcp_disconnect
 .text.mqtt_transport_connect
                0x000000000001423c       0x14 zephyr/subsys/net/lib/mqtt/libsubsys__net__lib__mqtt.a(mqtt_transport.c.obj)
                0x000000000001423c                mqtt_transport_connect
 .text.mqtt_transport_write
                0x0000000000014250       0x18 zephyr/subsys/net/lib/mqtt/libsubsys__net__lib__mqtt.a(mqtt_transport.c.obj)
                0x0000000000014250                mqtt_transport_write
 .text.mqtt_transport_read
                0x0000000000014268       0x1c zephyr/subsys/net/lib/mqtt/libsubsys__net__lib__mqtt.a(mqtt_transport.c.obj)
                0x0000000000014268                mqtt_transport_read
 .text.client_disconnect
                0x0000000000014284       0x58 zephyr/subsys/net/lib/mqtt/libsubsys__net__lib__mqtt.a(mqtt.c.obj)
 .text.mqtt_connect
                0x00000000000142dc       0xac zephyr/subsys/net/lib/mqtt/libsubsys__net__lib__mqtt.a(mqtt.c.obj)
                0x00000000000142dc                mqtt_connect
 .text.dns_resolve_init_locked
                0x0000000000014388      0x124 zephyr/subsys/net/lib/dns/libsubsys__net__lib__dns.a(resolve.c.obj)
 .text.dns_resolve_close_locked
                0x00000000000144ac       0xac zephyr/subsys/net/lib/dns/libsubsys__net__lib__dns.a(resolve.c.obj)
 .text.dns_write.constprop.0
                0x0000000000014558       0xec zephyr/subsys/net/lib/dns/libsubsys__net__lib__dns.a(resolve.c.obj)
 .text.dns_resolve_cancel_with_name
                0x0000000000014644       0xa8 zephyr/subsys/net/lib/dns/libsubsys__net__lib__dns.a(resolve.c.obj)
                0x0000000000014644                dns_resolve_cancel_with_name
 .text.svc_handler
                0x00000000000146ec      0x430 zephyr/subsys/net/lib/dns/libsubsys__net__lib__dns.a(resolve.c.obj)
 .text.dns_resolve_get_default
                0x0000000000014b1c        0x8 zephyr/subsys/net/lib/dns/libsubsys__net__lib__dns.a(resolve.c.obj)
                0x0000000000014b1c                dns_resolve_get_default
 .text.dns_resolve_init_default
                0x0000000000014b24       0x14 zephyr/subsys/net/lib/dns/libsubsys__net__lib__dns.a(resolve.c.obj)
                0x0000000000014b24                dns_resolve_init_default
 .text.dns_init_resolver
                0x0000000000014b38        0xc zephyr/subsys/net/lib/dns/libsubsys__net__lib__dns.a(resolve.c.obj)
                0x0000000000014b38                dns_init_resolver
 .text.conn_mgr_mon_init
                0x0000000000014b44       0x54 zephyr/subsys/net/conn_mgr/libsubsys__net__conn_mgr.a(conn_mgr_monitor.c.obj)
 .text.k_mutex_lock.constprop.0.isra.0
                0x0000000000014b98       0x10 zephyr/subsys/net/conn_mgr/libsubsys__net__conn_mgr.a(conn_mgr_monitor.c.obj)
 .text.k_mutex_unlock.constprop.0.isra.0
                0x0000000000014ba8        0xc zephyr/subsys/net/conn_mgr/libsubsys__net__conn_mgr.a(conn_mgr_monitor.c.obj)
 .text.conn_mgr_mon_thread_fn
                0x0000000000014bb4       0xf8 zephyr/subsys/net/conn_mgr/libsubsys__net__conn_mgr.a(conn_mgr_monitor.c.obj)
 .text.conn_mgr_mon_init_cb
                0x0000000000014cac       0x90 zephyr/subsys/net/conn_mgr/libsubsys__net__conn_mgr.a(conn_mgr_monitor.c.obj)
 .text.conn_mgr_ipv6_events_handler
                0x0000000000014d3c       0x9c zephyr/subsys/net/conn_mgr/libsubsys__net__conn_mgr.a(events_handler.c.obj)
 .text.conn_mgr_ipv4_events_handler
                0x0000000000014dd8       0x88 zephyr/subsys/net/conn_mgr/libsubsys__net__conn_mgr.a(events_handler.c.obj)
 .text.conn_mgr_iface_events_handler
                0x0000000000014e60       0x74 zephyr/subsys/net/conn_mgr/libsubsys__net__conn_mgr.a(events_handler.c.obj)
 .text.conn_mgr_init_events_handler
                0x0000000000014ed4       0x54 zephyr/subsys/net/conn_mgr/libsubsys__net__conn_mgr.a(events_handler.c.obj)
                0x0000000000014ed4                conn_mgr_init_events_handler
 .text.conn_mgr_if_get_binding
                0x0000000000014f28       0x2c zephyr/subsys/net/conn_mgr/libsubsys__net__conn_mgr.a(conn_mgr_connectivity.c.obj)
 .text.conn_mgr_conn_self_handler
                0x0000000000014f54       0x80 zephyr/subsys/net/conn_mgr/libsubsys__net__conn_mgr.a(conn_mgr_connectivity.c.obj)
 .text.conn_mgr_conn_handle_iface_admin_up
                0x0000000000014fd4       0x44 zephyr/subsys/net/conn_mgr/libsubsys__net__conn_mgr.a(conn_mgr_connectivity.c.obj)
 .text.conn_mgr_conn_iface_handler
                0x0000000000015018       0x4c zephyr/subsys/net/conn_mgr/libsubsys__net__conn_mgr.a(conn_mgr_connectivity.c.obj)
 .text.conn_mgr_conn_init
                0x0000000000015064       0xb0 zephyr/subsys/net/conn_mgr/libsubsys__net__conn_mgr.a(conn_mgr_connectivity.c.obj)
                0x0000000000015064                conn_mgr_conn_init
 .text.uart_console_init
                0x0000000000015114       0x28 zephyr/drivers/console/libdrivers__console.a(uart_console.c.obj)
 .text.console_out
                0x000000000001513c       0x28 zephyr/drivers/console/libdrivers__console.a(uart_console.c.obj)
 .text.eth_stellaris_isr
                0x0000000000015164      0x1b8 zephyr/drivers/ethernet/libdrivers__ethernet.a(eth_stellaris.c.obj)
 .text.modem_cellular_chat_clock_callback_handler
                0x000000000001531c       0x28 zephyr/drivers/modem/libdrivers__modem.a(modem_cellular.c.obj)
                0x000000000001531c                modem_cellular_chat_clock_callback_handler
 .text.get_file_size
                0x0000000000015344       0x20 zephyr/drivers/modem/libdrivers__modem.a(modem_cellular.c.obj)
 .text.modem_cellular_OTA
                0x0000000000015364       0x3c zephyr/drivers/modem/libdrivers__modem.a(modem_cellular.c.obj)
                0x0000000000015364                modem_cellular_OTA
 .text.modem_cellular_subs
                0x00000000000153a0       0x34 zephyr/drivers/modem/libdrivers__modem.a(modem_cellular.c.obj)
                0x00000000000153a0                modem_cellular_subs
 .text.modem_cellular_cell_search
                0x00000000000153d4       0x28 zephyr/drivers/modem/libdrivers__modem.a(modem_cellular.c.obj)
                0x00000000000153d4                modem_cellular_cell_search
 .text.modem_cellular_get_signal
                0x00000000000153fc       0x84 zephyr/drivers/modem/libdrivers__modem.a(modem_cellular.c.obj)
 .text.get_subs_data
                0x0000000000015480       0xd4 zephyr/drivers/modem/libdrivers__modem.a(modem_cellular.c.obj)
 .text.modem_cellular_chat_OTA_callback_handler
                0x0000000000015554       0x2c zephyr/drivers/modem/libdrivers__modem.a(modem_cellular.c.obj)
 .text.modem_cellular_chat_lbs_cb
                0x0000000000015580       0x28 zephyr/drivers/modem/libdrivers__modem.a(modem_cellular.c.obj)
 .text.modem_cellular_chat_subs_callback_handler
                0x00000000000155a8       0x2c zephyr/drivers/modem/libdrivers__modem.a(modem_cellular.c.obj)
 .text.modem_cellular_chat_cellsearch_callback_handler
                0x00000000000155d4       0x2c zephyr/drivers/modem/libdrivers__modem.a(modem_cellular.c.obj)
 .text.get_file_handler_ota
                0x0000000000015600       0x64 zephyr/drivers/modem/libdrivers__modem.a(modem_cellular.c.obj)
 .text.modem_cellular_chat_lbs
                0x0000000000015664       0x34 zephyr/drivers/modem/libdrivers__modem.a(modem_cellular.c.obj)
 .text.get_file_handler
                0x0000000000015698       0x64 zephyr/drivers/modem/libdrivers__modem.a(modem_cellular.c.obj)
 .text.modem_cellular_chat_on_psim_no_sim
                0x00000000000156fc       0x48 zephyr/drivers/modem/libdrivers__modem.a(modem_cellular.c.obj)
 .text.flash_erase_handler
                0x0000000000015744       0x38 zephyr/drivers/modem/libdrivers__modem.a(modem_cellular.c.obj)
 .text.get_file_data
                0x000000000001577c      0x14c zephyr/drivers/modem/libdrivers__modem.a(modem_cellular.c.obj)
 .text.modem_cellular_init
                0x00000000000158c8      0x174 zephyr/drivers/modem/libdrivers__modem.a(modem_cellular.c.obj)
 .text.modem_cellular_chat_on_cxreg
                0x0000000000015a3c       0x7c zephyr/drivers/modem/libdrivers__modem.a(modem_cellular.c.obj)
 .text.modem_cellular_enter_state
                0x0000000000015ab8      0x218 zephyr/drivers/modem/libdrivers__modem.a(modem_cellular.c.obj)
 .text.modem_cellular_event_dispatch_handler
                0x0000000000015cd0      0x38c zephyr/drivers/modem/libdrivers__modem.a(modem_cellular.c.obj)
 .text.convert_to_unix_time
                0x000000000001605c       0xa8 zephyr/drivers/modem/libdrivers__modem.a(modem_cellular.c.obj)
                0x000000000001605c                convert_to_unix_time
 .text.modem_cellular_get_lbs_location
                0x0000000000016104       0x3c zephyr/drivers/modem/libdrivers__modem.a(modem_cellular.c.obj)
                0x0000000000016104                modem_cellular_get_lbs_location
 .text.modem_cellular_clock
                0x0000000000016140       0x28 zephyr/drivers/modem/libdrivers__modem.a(modem_cellular.c.obj)
                0x0000000000016140                modem_cellular_clock
 .text.recv_cb  0x0000000000016168      0x1e4 zephyr/drivers/net/libdrivers__net.a(slip.c.obj)
 .text.slip_init
                0x000000000001634c       0x20 zephyr/drivers/net/libdrivers__net.a(slip.c.obj)
                0x000000000001634c                slip_init
 .text.uart_stellaris_irq_tx_enable
                0x000000000001636c       0x74 zephyr/drivers/serial/libdrivers__serial.a(uart_stellaris.c.obj)
 .text.uart_pipe_isr
                0x00000000000163e0       0x6c zephyr/drivers/serial/libdrivers__serial.a(uart_pipe.c.obj)
 .text.uart_pipe_send
                0x000000000001644c       0x24 zephyr/drivers/serial/libdrivers__serial.a(uart_pipe.c.obj)
                0x000000000001644c                uart_pipe_send
 .text.uart_pipe_register
                0x0000000000016470       0x70 zephyr/drivers/serial/libdrivers__serial.a(uart_pipe.c.obj)
                0x0000000000016470                uart_pipe_register
 .text.elapsed  0x00000000000164e0       0x4c zephyr/drivers/timer/libdrivers__timer.a(cortex_m_systick.c.obj)
 .text.sys_clock_driver_init
                0x000000000001652c       0x38 zephyr/drivers/timer/libdrivers__timer.a(cortex_m_systick.c.obj)
 .text.sys_clock_isr
                0x0000000000016564       0x44 zephyr/drivers/timer/libdrivers__timer.a(cortex_m_systick.c.obj)
                0x0000000000016564                sys_clock_isr
 .text.sys_clock_set_timeout